# 로그 생성 정보
# 명령어: ros2 launch draco_roundtrip server.launch.py use_sim_time:=true
# 생성 시각: 2025-10-21T15:01:13.867440
[2025-10-21 15:01:13.917033][static_transform_publisher-3][STDERR] [WARN] [1761026473.916510138] []: Old-style arguments are deprecated; see --help for new-style arguments
[2025-10-21 15:01:13.920289][static_transform_publisher-4][STDERR] [WARN] [1761026473.918471368] []: Old-style arguments are deprecated; see --help for new-style arguments
[2025-10-21 15:01:13.932276][static_transform_publisher-4][STDERR] [INFO] [1761026473.931303498] [static_odom_to_base_link]: Spinning until stopped - publishing transform
[2025-10-21 15:01:13.932276][static_transform_publisher-4][STDERR] translation: ('0.000000', '0.000000', '0.000000')
[2025-10-21 15:01:13.932276][static_transform_publisher-4][STDERR] rotation: ('0.000000', '0.000000', '0.000000', '1.000000')
[2025-10-21 15:01:13.932276][static_transform_publisher-4][STDERR] from 'odom' to 'base_link'
[2025-10-21 15:01:13.935348][robot_state_publisher-1][STDERR] [INFO] [1761026473.934407405] [robot_state_publisher]: got segment base_link
[2025-10-21 15:01:13.935348][robot_state_publisher-1][STDERR] [INFO] [1761026473.934491631] [robot_state_publisher]: got segment lidar_frame
[2025-10-21 15:01:13.937683][static_transform_publisher-3][STDERR] [INFO] [1761026473.936437984] [static_map_to_odom]: Spinning until stopped - publishing transform
[2025-10-21 15:01:13.937683][static_transform_publisher-3][STDERR] translation: ('0.000000', '0.000000', '0.000000')
[2025-10-21 15:01:13.937683][static_transform_publisher-3][STDERR] rotation: ('0.000000', '0.000000', '0.000000', '1.000000')
[2025-10-21 15:01:13.937683][static_transform_publisher-3][STDERR] from 'map' to 'odom'
[2025-10-21 15:01:16.543736][stream_server-2][STDERR] [INFO] [1761026476.543356665] [stream_server]: Listening for uplink on 0.0.0.0:5000
[2025-10-21 15:01:16.544231][stream_server-2][STDERR] [INFO] [1761026476.543496919] [stream_server]: Listening for downlink on 0.0.0.0:5001
[2025-10-21 15:02:03.283881][robot_state_publisher-1][STDERR] [INFO] [1761026523.280110015] [rclcpp]: signal_handler(signum=2)
[2025-10-21 15:02:03.284347][static_transform_publisher-4][STDERR] [INFO] [1761026523.280110524] [rclcpp]: signal_handler(signum=2)
[2025-10-21 15:02:03.284732][static_transform_publisher-3][STDERR] [INFO] [1761026523.280118727] [rclcpp]: signal_handler(signum=2)
