# 로그 생성 정보
# 명령어: ros2 launch draco_roundtrip server.launch.py use_sim_time:=true run_slam:=true
# 생성 시각: 2025-10-16T17:42:22.896701
[2025-10-16 17:42:22.993709][robot_state_publisher-1][STDERR] [INFO] [1760604142.993139217] [robot_state_publisher]: got segment base_link
[2025-10-16 17:42:22.994342][robot_state_publisher-1][STDERR] [INFO] [1760604142.993239563] [robot_state_publisher]: got segment lidar_frame
[2025-10-16 17:42:23.292298][time_jump_reset-5][STDERR] [WARN] [1760604143.289047118] [time_jump_reset]: icp_odometry 노드의 change_state 서비스가 아직 발견되지 않았습니다. 추후 재시도합니다.
[2025-10-16 17:42:23.292298][time_jump_reset-5][STDERR] [WARN] [1760604143.290827758] [time_jump_reset]: rtabmap 노드의 change_state 서비스가 아직 발견되지 않았습니다. 추후 재시도합니다.
[2025-10-16 17:42:23.298313][time_jump_reset-5][STDERR] [INFO] [1760604143.297797742] [time_jump_reset]: 라이프사이클 매니저 시작. 관리 대상: ['icp_odometry', 'rtabmap']
[2025-10-16 17:42:23.475182][rtabmap-4][STDERR] [WARN] [1760604143.474007455] [rtabmap]: Parameter "queue_size" has been renamed to "sync_queue_size" and will be removed in future versions! The value (10) is copied to "sync_queue_size".
[2025-10-16 17:42:23.495181][rtabmap-4][STDERR] [INFO] [1760604143.491301316] [rtabmap]: rtabmap(maps): latch                      = true
[2025-10-16 17:42:23.495181][rtabmap-4][STDERR] [INFO] [1760604143.491343450] [rtabmap]: rtabmap(maps): map_filter_radius          = 0.000000
[2025-10-16 17:42:23.495181][rtabmap-4][STDERR] [INFO] [1760604143.491390690] [rtabmap]: rtabmap(maps): map_filter_angle           = 30.000000
[2025-10-16 17:42:23.495181][rtabmap-4][STDERR] [INFO] [1760604143.491410729] [rtabmap]: rtabmap(maps): map_cleanup                = true
[2025-10-16 17:42:23.495181][rtabmap-4][STDERR] [INFO] [1760604143.491427133] [rtabmap]: rtabmap(maps): map_always_update          = false
[2025-10-16 17:42:23.495181][rtabmap-4][STDERR] [INFO] [1760604143.491445834] [rtabmap]: rtabmap(maps): map_empty_ray_tracing      = true
[2025-10-16 17:42:23.495181][rtabmap-4][STDERR] [INFO] [1760604143.491458883] [rtabmap]: rtabmap(maps): cloud_output_voxelized     = true
[2025-10-16 17:42:23.495181][rtabmap-4][STDERR] [INFO] [1760604143.491672397] [rtabmap]: rtabmap(maps): cloud_subtract_filtering   = false
[2025-10-16 17:42:23.495181][rtabmap-4][STDERR] [INFO] [1760604143.491688897] [rtabmap]: rtabmap(maps): cloud_subtract_filtering_min_neighbors = 2
[2025-10-16 17:42:23.495181][rtabmap-4][STDERR] [INFO] [1760604143.491791287] [rtabmap]: rtabmap(maps): octomap_tree_depth         = 16
[2025-10-16 17:42:23.518868][icp_odometry-3][STDERR] [INFO] [1760604143.518189516] [icp_odometry]: Odometry: frame_id               = base_link
[2025-10-16 17:42:23.520693][icp_odometry-3][STDERR] [INFO] [1760604143.518411998] [icp_odometry]: Odometry: odom_frame_id          = odom
[2025-10-16 17:42:23.520693][icp_odometry-3][STDERR] [INFO] [1760604143.518437468] [icp_odometry]: Odometry: publish_tf             = true
[2025-10-16 17:42:23.520693][icp_odometry-3][STDERR] [INFO] [1760604143.518451167] [icp_odometry]: Odometry: wait_for_transform     = 0.500000
[2025-10-16 17:42:23.520693][icp_odometry-3][STDERR] [INFO] [1760604143.518480325] [icp_odometry]: Odometry: log_to_rosout_level    = 4
[2025-10-16 17:42:23.520693][icp_odometry-3][STDERR] [INFO] [1760604143.518517603] [icp_odometry]: Odometry: initial_pose           = xyz=0.000000,0.000000,0.000000 rpy=0.000000,-0.000000,0.000000
[2025-10-16 17:42:23.520693][icp_odometry-3][STDERR] [INFO] [1760604143.518532046] [icp_odometry]: Odometry: ground_truth_frame_id  = 
[2025-10-16 17:42:23.520693][icp_odometry-3][STDERR] [INFO] [1760604143.518548540] [icp_odometry]: Odometry: ground_truth_base_frame_id = base_link
[2025-10-16 17:42:23.520693][icp_odometry-3][STDERR] [INFO] [1760604143.518560883] [icp_odometry]: Odometry: config_path            = 
[2025-10-16 17:42:23.520693][icp_odometry-3][STDERR] [INFO] [1760604143.518573070] [icp_odometry]: Odometry: publish_null_when_lost = true
[2025-10-16 17:42:23.520693][icp_odometry-3][STDERR] [INFO] [1760604143.518585283] [icp_odometry]: Odometry: publish_compressed_sensor_data = false
[2025-10-16 17:42:23.520693][icp_odometry-3][STDERR] [INFO] [1760604143.518596587] [icp_odometry]: Odometry: guess_frame_id         = 
[2025-10-16 17:42:23.520693][icp_odometry-3][STDERR] [INFO] [1760604143.518615918] [icp_odometry]: Odometry: guess_min_translation  = 0.000000
[2025-10-16 17:42:23.520693][icp_odometry-3][STDERR] [INFO] [1760604143.518630213] [icp_odometry]: Odometry: guess_min_rotation     = 0.000000
[2025-10-16 17:42:23.520693][icp_odometry-3][STDERR] [INFO] [1760604143.518642473] [icp_odometry]: Odometry: guess_min_time         = 0.000000
[2025-10-16 17:42:23.520693][icp_odometry-3][STDERR] [INFO] [1760604143.518658938] [icp_odometry]: Odometry: guess_linear_variance  = 0.001000
[2025-10-16 17:42:23.520693][icp_odometry-3][STDERR] [INFO] [1760604143.518672485] [icp_odometry]: Odometry: guess_angular_variance = 0.001000
[2025-10-16 17:42:23.520693][icp_odometry-3][STDERR] [INFO] [1760604143.518685652] [icp_odometry]: Odometry: expected_update_rate   = 0.000000 Hz
[2025-10-16 17:42:23.520693][icp_odometry-3][STDERR] [INFO] [1760604143.518697718] [icp_odometry]: Odometry: max_update_rate        = 0.000000 Hz
[2025-10-16 17:42:23.520693][icp_odometry-3][STDERR] [INFO] [1760604143.518710221] [icp_odometry]: Odometry: min_update_rate        = 0.000000 Hz
[2025-10-16 17:42:23.520693][icp_odometry-3][STDERR] [INFO] [1760604143.518729473] [icp_odometry]: Odometry: wait_imu_to_init       = false
[2025-10-16 17:42:23.520693][icp_odometry-3][STDERR] [INFO] [1760604143.518747325] [icp_odometry]: Odometry: always_check_imu_tf    = true
[2025-10-16 17:42:23.520693][icp_odometry-3][STDERR] [INFO] [1760604143.518759196] [icp_odometry]: Odometry: sensor_data_compression_format = .jpg
[2025-10-16 17:42:23.520693][icp_odometry-3][STDERR] [INFO] [1760604143.518770608] [icp_odometry]: Odometry: sensor_data_parallel_compression = true
[2025-10-16 17:42:23.520693][icp_odometry-3][STDERR] [INFO] [1760604143.518805088] [icp_odometry]: Odometry: stereoParams_=0 visParams_=0 icpParams_=1
[2025-10-16 17:42:23.521283][icp_odometry-3][STDERR] [INFO] [1760604143.520733627] [icp_odometry]: Setting odometry parameter "Icp/CorrespondenceRatio"="0.07"
[2025-10-16 17:42:23.521856][icp_odometry-3][STDERR] [INFO] [1760604143.521009051] [icp_odometry]: Setting odometry parameter "Icp/Epsilon"="0.001"
[2025-10-16 17:42:23.521856][icp_odometry-3][STDERR] [INFO] [1760604143.521270783] [icp_odometry]: Setting odometry parameter "Icp/MaxRotation"="1.0"
[2025-10-16 17:42:23.521856][icp_odometry-3][STDERR] [INFO] [1760604143.521365877] [icp_odometry]: Setting odometry parameter "Icp/MaxTranslation"="0.35"
[2025-10-16 17:42:23.522308][icp_odometry-3][STDERR] [INFO] [1760604143.521781678] [icp_odometry]: Setting odometry parameter "Icp/PointToPlaneK"="20"
[2025-10-16 17:42:23.525584][icp_odometry-3][STDERR] [INFO] [1760604143.522820173] [icp_odometry]: Setting odometry parameter "Icp/PointToPlaneRadius"="0"
[2025-10-16 17:42:23.527124][icp_odometry-3][STDERR] [INFO] [1760604143.523640432] [icp_odometry]: Setting odometry parameter "Icp/VoxelSize"="0.12"
[2025-10-16 17:42:23.527124][icp_odometry-3][STDERR] [INFO] [1760604143.524144928] [icp_odometry]: Setting odometry parameter "Odom/GuessMotion"="false"
[2025-10-16 17:42:23.531477][icp_odometry-3][STDERR] [INFO] [1760604143.524940482] [icp_odometry]: Setting odometry parameter "Odom/ResetCountdown"="3"
[2025-10-16 17:42:23.531477][icp_odometry-3][STDERR] [INFO] [1760604143.525023478] [icp_odometry]: Setting odometry parameter "Odom/ScanKeyFrameThr"="0.4"
[2025-10-16 17:42:23.531477][icp_odometry-3][STDERR] [INFO] [1760604143.525241791] [icp_odometry]: Setting odometry parameter "OdomF2M/BundleAdjustment"="false"
[2025-10-16 17:42:23.531477][icp_odometry-3][STDERR] [INFO] [1760604143.525743381] [icp_odometry]: Setting odometry parameter "OdomF2M/ScanMaxSize"="15000"
[2025-10-16 17:42:23.531477][icp_odometry-3][STDERR] [INFO] [1760604143.525979164] [icp_odometry]: Setting odometry parameter "OdomF2M/ScanSubtractRadius"="0.2"
[2025-10-16 17:42:23.540925][icp_odometry-3][STDERR] [WARN] [1760604143.535483684] [icp_odometry]: IcpOdometry: Transferring value 0.12 of "Icp/VoxelSize" to ros parameter "scan_voxel_size" for convenience. "Icp/VoxelSize" is set to 0.
[2025-10-16 17:42:23.540925][icp_odometry-3][STDERR] [WARN] [1760604143.535551260] [icp_odometry]: IcpOdometry: Transferring value 20 of "Icp/PointToPlaneK" to ros parameter "scan_normal_k" for convenience.
[2025-10-16 17:42:23.545952][rtabmap-4][STDERR] [INFO] [1760604143.539449318] [rtabmap]: rtabmap: frame_id      = base_link
[2025-10-16 17:42:23.545952][rtabmap-4][STDERR] [INFO] [1760604143.539768422] [rtabmap]: rtabmap: odom_frame_id = odom
[2025-10-16 17:42:23.545952][rtabmap-4][STDERR] [INFO] [1760604143.540149819] [rtabmap]: rtabmap: map_frame_id  = map
[2025-10-16 17:42:23.545952][rtabmap-4][STDERR] [INFO] [1760604143.540168903] [rtabmap]: rtabmap: log_to_rosout_level  = 4
[2025-10-16 17:42:23.545952][rtabmap-4][STDERR] [INFO] [1760604143.540183113] [rtabmap]: rtabmap: initial_pose  = 
[2025-10-16 17:42:23.545952][rtabmap-4][STDERR] [INFO] [1760604143.540198244] [rtabmap]: rtabmap: use_action_for_goal  = false
[2025-10-16 17:42:23.545952][rtabmap-4][STDERR] [INFO] [1760604143.540213697] [rtabmap]: rtabmap: tf_delay      = 0.050000
[2025-10-16 17:42:23.545952][rtabmap-4][STDERR] [INFO] [1760604143.540229051] [rtabmap]: rtabmap: tf_tolerance  = 0.100000
[2025-10-16 17:42:23.545952][rtabmap-4][STDERR] [INFO] [1760604143.540244992] [rtabmap]: rtabmap: odom_sensor_sync   = false
[2025-10-16 17:42:23.545952][rtabmap-4][STDERR] [INFO] [1760604143.540270046] [rtabmap]: rtabmap: pub_loc_pose_only_when_localizing = false
[2025-10-16 17:42:23.545952][rtabmap-4][STDERR] [INFO] [1760604143.540973121] [rtabmap]: rtabmap: wait_for_transform = 0.200000
[2025-10-16 17:42:23.545952][rtabmap-4][STDERR] [INFO] [1760604143.540994399] [rtabmap]: rtabmap: staleness_factor = 0.000000
[2025-10-16 17:42:23.545952][rtabmap-4][STDERR] [INFO] [1760604143.541011332] [rtabmap]: rtabmap: gen_scan  = false
[2025-10-16 17:42:23.545952][rtabmap-4][STDERR] [INFO] [1760604143.541030589] [rtabmap]: rtabmap: gen_depth  = false
[2025-10-16 17:42:23.545952][rtabmap-4][STDERR] [INFO] [1760604143.541049882] [rtabmap]: rtabmap: scan_cloud_max_points = 0
[2025-10-16 17:42:23.545952][rtabmap-4][STDERR] [INFO] [1760604143.541063387] [rtabmap]: rtabmap: scan_cloud_is_2d = false
[2025-10-16 17:42:23.550625][icp_odometry-3][STDERR] [INFO] [1760604143.545577370] [icp_odometry]: IcpOdometry: qos                    = 0
[2025-10-16 17:42:23.550625][icp_odometry-3][STDERR] [INFO] [1760604143.545614717] [icp_odometry]: IcpOdometry: scan_cloud_max_points  = -1
[2025-10-16 17:42:23.550625][icp_odometry-3][STDERR] [INFO] [1760604143.545655819] [icp_odometry]: IcpOdometry: scan_cloud_is_2d       = false
[2025-10-16 17:42:23.550625][icp_odometry-3][STDERR] [INFO] [1760604143.545672938] [icp_odometry]: IcpOdometry: scan_downsampling_step = 1
[2025-10-16 17:42:23.550625][icp_odometry-3][STDERR] [INFO] [1760604143.545685956] [icp_odometry]: IcpOdometry: scan_range_min         = 0.000000 m
[2025-10-16 17:42:23.550625][icp_odometry-3][STDERR] [INFO] [1760604143.545703568] [icp_odometry]: IcpOdometry: scan_range_max         = 0.000000 m
[2025-10-16 17:42:23.550625][icp_odometry-3][STDERR] [INFO] [1760604143.545716264] [icp_odometry]: IcpOdometry: scan_voxel_size        = 0.120000 m
[2025-10-16 17:42:23.550625][icp_odometry-3][STDERR] [INFO] [1760604143.545735598] [icp_odometry]: IcpOdometry: scan_normal_k          = 20
[2025-10-16 17:42:23.550625][icp_odometry-3][STDERR] [INFO] [1760604143.545748220] [icp_odometry]: IcpOdometry: scan_normal_radius     = 0.000000 m
[2025-10-16 17:42:23.550625][icp_odometry-3][STDERR] [INFO] [1760604143.545761974] [icp_odometry]: IcpOdometry: scan_normal_ground_up  = 0.000000
[2025-10-16 17:42:23.550625][icp_odometry-3][STDERR] [INFO] [1760604143.545775594] [icp_odometry]: IcpOdometry: deskewing              = false
[2025-10-16 17:42:23.550625][icp_odometry-3][STDERR] [INFO] [1760604143.545788251] [icp_odometry]: IcpOdometry: deskewing_slerp        = false
[2025-10-16 17:42:23.550625][icp_odometry-3][STDERR] [INFO] [1760604143.545800545] [icp_odometry]: IcpOdometry: topic_queue_size       = 1
[2025-10-16 17:42:23.551863][icp_odometry-3][STDERR] [INFO] [1760604143.548711611] [icp_odometry]: 
[2025-10-16 17:42:23.551863][icp_odometry-3][STDERR] icp_odometry subscribed to /scan and /stream_pair/decoded (make sure only one of this topic is published, otherwise remap one to a dummy topic name).
[2025-10-16 17:42:23.576397][rtabmap-4][STDERR] [WARN] [1760604143.575815527] [rtabmap]: rtabmap: 노드가 비활성(inactive) 상태로 시작합니다. lifecycle 'change_state -> ACTIVATE' 또는 /rtabmap/resume 서비스를 호출해 활성화하세요.
[2025-10-16 17:42:23.579335][rtabmap-4][STDERR] [INFO] [1760604143.578724827] [rtabmap]: Setting RTAB-Map parameter "Grid/3D"="true" (rosparam)
[2025-10-16 17:42:23.581853][rtabmap-4][STDERR] [INFO] [1760604143.578878282] [rtabmap]: Setting RTAB-Map parameter "Grid/CellSize"="0.2" (rosparam)
[2025-10-16 17:42:23.581853][rtabmap-4][STDERR] [INFO] [1760604143.578997024] [rtabmap]: Setting RTAB-Map parameter "Grid/ClusterRadius"="0.5" (rosparam)
[2025-10-16 17:42:23.586773][rtabmap-4][STDERR] [INFO] [1760604143.580894789] [rtabmap]: Setting RTAB-Map parameter "Grid/Sensor"="true" (rosparam)
[2025-10-16 17:42:23.586773][rtabmap-4][STDERR] [INFO] [1760604143.581928412] [rtabmap]: Setting RTAB-Map parameter "Icp/CorrespondenceRatio"="0.07" (rosparam)
[2025-10-16 17:42:23.586773][rtabmap-4][STDERR] [INFO] [1760604143.582142778] [rtabmap]: Setting RTAB-Map parameter "Icp/Epsilon"="0.001" (rosparam)
[2025-10-16 17:42:23.586773][rtabmap-4][STDERR] [INFO] [1760604143.582350522] [rtabmap]: Setting RTAB-Map parameter "Icp/Iterations"="30" (rosparam)
[2025-10-16 17:42:23.586773][rtabmap-4][STDERR] [INFO] [1760604143.582497340] [rtabmap]: Setting RTAB-Map parameter "Icp/MaxRotation"="1.0" (rosparam)
[2025-10-16 17:42:23.586773][rtabmap-4][STDERR] [INFO] [1760604143.582579526] [rtabmap]: Setting RTAB-Map parameter "Icp/MaxTranslation"="0.35" (rosparam)
[2025-10-16 17:42:23.590327][rtabmap-4][STDERR] [INFO] [1760604143.587693439] [rtabmap]: Setting RTAB-Map parameter "Mem/NotLinkedNodesKept"="true" (rosparam)
[2025-10-16 17:42:23.592119][rtabmap-4][STDERR] [INFO] [1760604143.590265985] [rtabmap]: Setting RTAB-Map parameter "Mem/STMSize"="30" (rosparam)
[2025-10-16 17:42:23.593891][rtabmap-4][STDERR] [INFO] [1760604143.591763829] [rtabmap]: Setting RTAB-Map parameter "Optimizer/GravitySigma"="0" (rosparam)
[2025-10-16 17:42:23.595590][rtabmap-4][STDERR] [INFO] [1760604143.593169047] [rtabmap]: Setting RTAB-Map parameter "RGBD/AngularUpdate"="0" (rosparam)
[2025-10-16 17:42:23.595590][rtabmap-4][STDERR] [INFO] [1760604143.593565918] [rtabmap]: Setting RTAB-Map parameter "RGBD/LinearUpdate"="0" (rosparam)
[2025-10-16 17:42:23.598385][rtabmap-4][STDERR] [INFO] [1760604143.595692362] [rtabmap]: Setting RTAB-Map parameter "RGBD/ProximityPathMaxNeighbors"="1" (rosparam)
[2025-10-16 17:42:23.601435][rtabmap-4][STDERR] [INFO] [1760604143.596314382] [rtabmap]: Setting RTAB-Map parameter "Reg/Strategy"="1" (rosparam)
[2025-10-16 17:42:23.601435][rtabmap-4][STDERR] [INFO] [1760604143.597496114] [rtabmap]: Setting RTAB-Map parameter "Rtabmap/SaveWMState"="false" (rosparam)
[2025-10-16 17:42:23.604280][rtabmap-4][STDERR] [INFO] [1760604143.603590114] [rtabmap]: Setting "Icp/PointToPlaneRadius" parameter to 0 (default 0.000000) as "subscribe_scan_cloud" is true.
[2025-10-16 17:42:23.605350][rtabmap-4][STDERR] [INFO] [1760604143.604398559] [rtabmap]: RTAB-Map detection rate = 1.000000 Hz
[2025-10-16 17:42:23.605350][rtabmap-4][STDERR] [INFO] [1760604143.604517405] [rtabmap]: rtabmap: Using database from "/home/kkit/newdisk/draco_tcpip/data/maps/rtabmap_20251016_174222_896701.db" (0 MB).
[2025-10-16 17:42:23.680934][rtabmap_feedback_loop-6][STDERR] [INFO] [1760604143.679548774] [rtabmap_feedback_loop]: RTAB-Map 피드백 루프 노드를 시작했습니다. 토픽과 서비스 상태를 모니터링합니다.
[2025-10-16 17:42:23.780286][rtabmap-4][STDERR] [INFO] [1760604143.779826260] [rtabmap]: rtabmap: Database version = "0.22.1".
[2025-10-16 17:42:23.780286][rtabmap-4][STDERR] [INFO] [1760604143.779887759] [rtabmap]: rtabmap: SLAM mode (Mem/IncrementalMemory=true)
[2025-10-16 17:42:23.805324][rtabmap-4][STDERR] [INFO] [1760604143.804873070] [rtabmap]: Setup callbacks
[2025-10-16 17:42:23.806889][rtabmap-4][STDERR] [INFO] [1760604143.805032380] [rtabmap]: rtabmap: subscribe_depth = false
[2025-10-16 17:42:23.806889][rtabmap-4][STDERR] [INFO] [1760604143.805059861] [rtabmap]: rtabmap: subscribe_rgb = false
[2025-10-16 17:42:23.806889][rtabmap-4][STDERR] [INFO] [1760604143.805077125] [rtabmap]: rtabmap: subscribe_stereo = false
[2025-10-16 17:42:23.806889][rtabmap-4][STDERR] [INFO] [1760604143.805097480] [rtabmap]: rtabmap: subscribe_rgbd = false (rgbd_cameras=1)
[2025-10-16 17:42:23.806889][rtabmap-4][STDERR] [INFO] [1760604143.805115545] [rtabmap]: rtabmap: subscribe_sensor_data = false
[2025-10-16 17:42:23.806889][rtabmap-4][STDERR] [INFO] [1760604143.805132223] [rtabmap]: rtabmap: subscribe_odom_info = true
[2025-10-16 17:42:23.806889][rtabmap-4][STDERR] [INFO] [1760604143.805160606] [rtabmap]: rtabmap: subscribe_user_data = false
[2025-10-16 17:42:23.806889][rtabmap-4][STDERR] [INFO] [1760604143.805183346] [rtabmap]: rtabmap: subscribe_scan = false
[2025-10-16 17:42:23.806889][rtabmap-4][STDERR] [INFO] [1760604143.805202097] [rtabmap]: rtabmap: subscribe_scan_cloud = true
[2025-10-16 17:42:23.806889][rtabmap-4][STDERR] [INFO] [1760604143.805227045] [rtabmap]: rtabmap: subscribe_scan_descriptor = false
[2025-10-16 17:42:23.806889][rtabmap-4][STDERR] [INFO] [1760604143.805247311] [rtabmap]: rtabmap: topic_queue_size = 10
[2025-10-16 17:42:23.806889][rtabmap-4][STDERR] [INFO] [1760604143.805267213] [rtabmap]: rtabmap: sync_queue_size  = 10
[2025-10-16 17:42:23.806889][rtabmap-4][STDERR] [INFO] [1760604143.805288779] [rtabmap]: rtabmap: qos_image       = 0
[2025-10-16 17:42:23.806889][rtabmap-4][STDERR] [INFO] [1760604143.805302516] [rtabmap]: rtabmap: qos_camera_info = 0
[2025-10-16 17:42:23.806889][rtabmap-4][STDERR] [INFO] [1760604143.805318644] [rtabmap]: rtabmap: qos_scan        = 0
[2025-10-16 17:42:23.806889][rtabmap-4][STDERR] [INFO] [1760604143.805329824] [rtabmap]: rtabmap: qos_odom        = 0
[2025-10-16 17:42:23.806889][rtabmap-4][STDERR] [INFO] [1760604143.805342085] [rtabmap]: rtabmap: qos_user_data   = 0
[2025-10-16 17:42:23.806889][rtabmap-4][STDERR] [INFO] [1760604143.805354066] [rtabmap]: rtabmap: approx_sync     = true
[2025-10-16 17:42:23.806889][rtabmap-4][STDERR] [INFO] [1760604143.805378215] [rtabmap]: Setup scan callback
[2025-10-16 17:42:23.808541][rtabmap-4][STDERR] [INFO] [1760604143.807865066] [rtabmap]: 
[2025-10-16 17:42:23.808541][rtabmap-4][STDERR] rtabmap subscribed to (approx sync):
[2025-10-16 17:42:23.808541][rtabmap-4][STDERR]    /stream_pair/decoded \
[2025-10-16 17:42:23.808541][rtabmap-4][STDERR]    /odom_info
[2025-10-16 17:42:23.810386][rtabmap-4][STDERR] [WARN] [1760604143.809963619] [rtabmap]: There is no image subscription, bag-of-words loop closure detection will be disabled...
[2025-10-16 17:42:23.810812][rtabmap-4][STDERR] [WARN] [1760604143.810015223] [rtabmap]: Setting Kp/MaxFeatures=-1 (bag-of-words disabled)
[2025-10-16 17:42:25.717585][stream_server-2][STDERR] [INFO] [1760604145.717200550] [stream_server]: Listening for uplink on 0.0.0.0:5000
[2025-10-16 17:42:25.718121][stream_server-2][STDERR] [INFO] [1760604145.717374034] [stream_server]: Listening for downlink on 0.0.0.0:5001
[2025-10-16 17:42:32.082064][rtabmap_feedback_loop-6][STDERR] [ERROR] [1760604152.081422449] [rtabmap_feedback_loop]: 포인트클라우드 입력 토픽(/stream_pair/decoded)이 8.6s 동안 수신되지 않았습니다.
[2025-10-16 17:42:32.082734][time_jump_reset-5][STDERR] [INFO] [1760604152.082036842] [time_jump_reset]: /clock 토픽 수신 시작. SLAM 시스템을 활성화합니다.
[2025-10-16 17:42:32.083160][rtabmap_feedback_loop-6][STDERR] [INFO] [1760604152.082491312] [rtabmap_feedback_loop]: 스트리밍 노드 상태를 확인해 주세요. cloud_restart_service 파라미터가 비어 있어 자동 복구를 수행하지 않습니다.
[2025-10-16 17:42:32.083476][time_jump_reset-5][STDERR] [INFO] [1760604152.083219156] [time_jump_reset]: 시스템 활성화: 모든 노드를 'active' 상태로 전환합니다.
[2025-10-16 17:42:32.083814][rtabmap_feedback_loop-6][STDERR] [WARN] [1760604152.083531188] [rtabmap_feedback_loop]: ICP Odometry 토픽(/odom)이 8.6s 동안 갱신되지 않았습니다. 추정이 멈춘 것으로 판단합니다.
[2025-10-16 17:42:32.088225][rtabmap_feedback_loop-6][STDERR] [WARN] [1760604152.087271071] [rtabmap_feedback_loop]: ICP Odometry 리셋 서비스(/icp_odometry/reset)를 아직 사용할 수 없습니다.
[2025-10-16 17:42:32.089297][time_jump_reset-5][STDERR] [INFO] [1760604152.087418666] [time_jump_reset]: icp_odometry change_state 서비스 경로를 /change_state 로 설정했습니다.
[2025-10-16 17:42:32.089951][icp_odometry-3][STDERR] [WARN] [1760604152.088432651] [icp_odometry]: Lifecycle transition 3 실패: 현재 상태에서 activate 전환을 수행할 수 없습니다.
[2025-10-16 17:42:32.092946][time_jump_reset-5][STDERR] [ERROR] [1760604152.092509200] [time_jump_reset]: icp_odometry 전환 실패(id=3). 성공=False
[2025-10-16 17:42:32.095946][time_jump_reset-5][STDERR] [INFO] [1760604152.095195698] [time_jump_reset]: rtabmap change_state 서비스 경로를 /rtabmap/change_state 로 설정했습니다.
[2025-10-16 17:42:32.097220][rtabmap-4][STDERR] [WARN] [1760604152.096742415] [rtabmap]: Lifecycle transition 3 실패: 현재 상태에서 activate 전환을 수행할 수 없습니다.
[2025-10-16 17:42:32.100019][time_jump_reset-5][STDERR] [ERROR] [1760604152.099587983] [time_jump_reset]: rtabmap 전환 실패(id=3). 성공=False
[2025-10-16 17:42:32.100612][time_jump_reset-5][STDERR] [ERROR] [1760604152.100011036] [time_jump_reset]: 시스템 활성화 실패.
[2025-10-16 17:42:32.100981][time_jump_reset-5][STDERR] [INFO] [1760604152.100716870] [time_jump_reset]: 초기 설정 시퀀스 시작: 모든 노드를 'inactive' 상태로 전환합니다.
[2025-10-16 17:42:32.102345][icp_odometry-3][STDERR] [INFO] [1760604152.102048850] [icp_odometry]: Lifecycle 상태가 'inactive'로 전환되었습니다.
[2025-10-16 17:42:32.105343][rtabmap-4][STDERR] [INFO] [1760604152.104770605] [rtabmap]: rtabmap: Lifecycle 상태가 'inactive'로 전환되었습니다.
[2025-10-16 17:42:32.106130][rtabmap-4][STDERR] [INFO] [1760604152.105404387] [rtabmap]: Parameters event received!
[2025-10-16 17:42:32.106130][rtabmap-4][STDERR] [INFO] [1760604152.105462079] [rtabmap]: rtabmap: Updating parameters
[2025-10-16 17:42:32.106130][rtabmap-4][STDERR] [INFO] [1760604152.105507437] [rtabmap]: RTAB-Map rate detection = 1.000000 Hz
[2025-10-16 17:42:32.109068][time_jump_reset-5][STDERR] [INFO] [1760604152.107577547] [time_jump_reset]: /clock 토픽 수신 시작. SLAM 시스템을 활성화합니다.
[2025-10-16 17:42:32.112888][time_jump_reset-5][STDERR] [INFO] [1760604152.111940291] [time_jump_reset]: 초기 설정 완료. 모든 노드가 'inactive' 상태로 대기 중입니다.
[2025-10-16 17:42:32.114553][time_jump_reset-5][STDERR] [INFO] [1760604152.112518485] [time_jump_reset]: 시스템 활성화: 모든 노드를 'active' 상태로 전환합니다.
[2025-10-16 17:42:32.116276][icp_odometry-3][STDERR] [INFO] [1760604152.113463412] [icp_odometry]: Lifecycle 상태가 'active'로 전환되었습니다.
[2025-10-16 17:42:32.117474][rtabmap-4][STDERR] [INFO] [1760604152.116377634] [rtabmap]: rtabmap: Lifecycle 상태가 'active'로 전환되었습니다.
[2025-10-16 17:42:32.118432][rtabmap-4][STDERR] [INFO] [1760604152.117087629] [rtabmap]: Parameters event received!
[2025-10-16 17:42:32.118432][rtabmap-4][STDERR] [INFO] [1760604152.117136178] [rtabmap]: rtabmap: Updating parameters
[2025-10-16 17:42:32.118432][rtabmap-4][STDERR] [INFO] [1760604152.117167947] [rtabmap]: RTAB-Map rate detection = 1.000000 Hz
[2025-10-16 17:42:32.119414][time_jump_reset-5][STDERR] [INFO] [1760604152.118914061] [time_jump_reset]: 시스템 활성화 완료.
[2025-10-16 17:42:33.553110][icp_odometry-3][STDERR] [WARN] [1760604153.552623865] [icp_odometry]: icp_odometry: Did not receive data since 5 seconds! Make sure the input topics are published ("$ rostopic hz my_topic") and the timestamps in their header are set. 
[2025-10-16 17:42:33.553110][icp_odometry-3][STDERR] icp_odometry subscribed to /scan and /stream_pair/decoded (make sure only one of this topic is published, otherwise remap one to a dummy topic name).
[2025-10-16 17:42:33.810888][rtabmap-4][STDERR] [WARN] [1760604153.810318777] [rtabmap]: rtabmap: Did not receive data since 5 seconds! Make sure the input topics are published ("$ ros2 topic hz my_topic") and the timestamps in their header are set. If topics are coming from different computers, make sure the clocks of the computers are synchronized ("ntpdate"). Ajusting topic_queue_size (10) and sync_queue_size (10) can also help for better synchronization if framerates and/or delays are different. If topics are not published at the same rate, you could increase "sync_queue_size" and/or "topic_queue_size" parameters (current=10 and 10 respectively).
[2025-10-16 17:42:33.810888][rtabmap-4][STDERR] rtabmap subscribed to (approx sync):
[2025-10-16 17:42:33.810888][rtabmap-4][STDERR]    /stream_pair/decoded \
[2025-10-16 17:42:33.810888][rtabmap-4][STDERR]    /odom_info
[2025-10-16 17:42:34.043712][stream_server-2][STDERR] [INFO] [1760604154.043234431] [stream_server]: Downlink client connected from ('127.0.0.1', 59110)
[2025-10-16 17:42:34.044317][stream_server-2][STDERR] [INFO] [1760604154.043571984] [stream_server]: Uplink client connected from ('127.0.0.1', 34240)
[2025-10-16 17:42:35.807244][rtabmap_feedback_loop-6][STDERR] [WARN] [1760604155.805799160] [rtabmap_feedback_loop]: RTAB-Map 누적 맵 토픽(/rtabmap/map_data)이 12.3s 동안 업데이트되지 않았습니다. 그래프 최적화가 멈춘 것 같습니다.
[2025-10-16 17:42:35.808692][rtabmap_feedback_loop-6][STDERR] [WARN] [1760604155.808166186] [rtabmap_feedback_loop]: RTAB-Map 캐시 정리 서비스(/rtabmap/cleanup)를 아직 사용할 수 없습니다.
[2025-10-16 17:42:36.294803][rtabmap_feedback_loop-6][STDERR] [INFO] [1760604156.294413090] [rtabmap_feedback_loop]: 포인트클라우드 입력 토픽(/stream_pair/decoded) 수신을 시작했습니다.
[2025-10-16 17:42:36.295331][rtabmap_feedback_loop-6][STDERR] [INFO] [1760604156.295077205] [rtabmap_feedback_loop]: 포인트클라우드 입력 토픽(/stream_pair/decoded) 수신이 4.2s 만에 복구되었습니다.
[2025-10-16 17:42:36.420802][rtabmap_feedback_loop-6][STDERR] [INFO] [1760604156.420300521] [rtabmap_feedback_loop]: ICP Odometry 토픽(/odom) 수신을 시작했습니다.
[2025-10-16 17:42:36.421307][rtabmap_feedback_loop-6][STDERR] [INFO] [1760604156.420950751] [rtabmap_feedback_loop]: ICP Odometry 토픽(/odom) 수신이 4.3s 만에 복구되었습니다.
[2025-10-16 17:42:36.421738][rtabmap_feedback_loop-6][STDERR] [INFO] [1760604156.421526457] [rtabmap_feedback_loop]: ICP Odometry가 4.3s 정지 후 정상화되었습니다.
[2025-10-16 17:42:36.428015][icp_odometry-3][STDERR] [INFO] [1760604156.427586438] [icp_odometry]: Odom: ratio=0.000000, std dev=99.995000m|99.995000rad, update time=0.015806s delay=1.225013s
[2025-10-16 17:42:36.485105][rtabmap-4][STDERR] [INFO] [1760604156.484709515] [rtabmap]: rtabmap (1): Rate=1.00s, Limit=0.000s, Conversion=0.0024s, RTAB-Map=0.0471s, Maps update=0.0004s pub=0.0000s delay=1.3000s (local map=1, WM=1)
[2025-10-16 17:42:38.272419][icp_odometry-3][STDERR] [INFO] [1760604158.271467356] [icp_odometry]: Odom: ratio=0.783099, std dev=0.013866m|0.004385rad, update time=0.606111s delay=1.975096s
[2025-10-16 17:42:38.330302][rtabmap-4][STDERR] [INFO] [1760604158.329906466] [rtabmap]: rtabmap (2): Rate=1.00s, Limit=0.000s, Conversion=0.0030s, RTAB-Map=0.0494s, Maps update=0.0001s pub=0.0000s delay=2.0501s (local map=2, WM=2)
[2025-10-16 17:42:38.790632][icp_odometry-3][STDERR] [WARN] [1760604158.789055396] [icp_odometry]: Odometry lost! Odometry will be reset after next 2 consecutive unsuccessful odometry updates...
[2025-10-16 17:42:38.795781][icp_odometry-3][STDERR] [INFO] [1760604158.795221577] [icp_odometry]: Odom: ratio=0.000000, std dev=0.000000m|0.000000rad, update time=0.006555s delay=1.150051s
[2025-10-16 17:42:39.941997][icp_odometry-3][STDERR] [WARN] [1760604159.941549526] [icp_odometry]: Odometry lost! Odometry will be reset after next 1 consecutive unsuccessful odometry updates...
[2025-10-16 17:42:39.946475][icp_odometry-3][STDERR] [INFO] [1760604159.945873532] [icp_odometry]: Odom: ratio=0.000000, std dev=0.000000m|0.000000rad, update time=0.004857s delay=1.150034s
[2025-10-16 17:42:40.806769][rtabmap_feedback_loop-6][STDERR] [WARN] [1760604160.806337002] [rtabmap_feedback_loop]: RTAB-Map 누적 맵 토픽(/rtabmap/map_data)이 17.3s 동안 업데이트되지 않았습니다. 그래프 최적화가 멈춘 것 같습니다.
[2025-10-16 17:42:41.610644][icp_odometry-3][STDERR] [WARN] [1760604161.610130036] [icp_odometry]: Odometry automatically reset to latest computed pose!
[2025-10-16 17:42:41.615669][icp_odometry-3][STDERR] [INFO] [1760604161.615094042] [icp_odometry]: Odom: ratio=0.000000, std dev=0.000000m|0.000000rad, update time=0.521298s delay=1.700051s
[2025-10-16 17:42:42.312069][icp_odometry-3][STDERR] [INFO] [1760604162.311561387] [icp_odometry]: Odom: ratio=0.000000, std dev=99.995000m|99.995000rad, update time=0.021222s delay=1.225044s
[2025-10-16 17:42:42.366218][rtabmap-4][STDERR] [INFO] [1760604162.365759601] [rtabmap]: rtabmap (3): Rate=1.00s, Limit=0.000s, Conversion=0.0022s, RTAB-Map=0.0486s, Maps update=0.0002s pub=0.0000s delay=1.2750s (local map=3, WM=3)
[2025-10-16 17:42:43.960840][icp_odometry-3][STDERR] [INFO] [1760604163.960332558] [icp_odometry]: Odom: ratio=0.842083, std dev=0.004645m|0.001469rad, update time=0.528161s delay=1.674673s
[2025-10-16 17:42:44.016051][rtabmap-4][STDERR] [INFO] [1760604164.015544946] [rtabmap]: rtabmap (4): Rate=1.00s, Limit=0.000s, Conversion=0.0024s, RTAB-Map=0.0502s, Maps update=0.0002s pub=0.0001s delay=1.7246s (local map=4, WM=4)
[2025-10-16 17:42:44.608423][icp_odometry-3][STDERR] [WARN] [1760604164.607985120] [icp_odometry]: Odometry lost! Odometry will be reset after next 2 consecutive unsuccessful odometry updates...
[2025-10-16 17:42:44.613078][icp_odometry-3][STDERR] [INFO] [1760604164.612511342] [icp_odometry]: Odom: ratio=0.000000, std dev=0.000000m|0.000000rad, update time=0.004694s delay=1.200063s
[2025-10-16 17:42:45.778846][icp_odometry-3][STDERR] [WARN] [1760604165.778194830] [icp_odometry]: Odometry lost! Odometry will be reset after next 1 consecutive unsuccessful odometry updates...
[2025-10-16 17:42:45.785492][icp_odometry-3][STDERR] [INFO] [1760604165.784987289] [icp_odometry]: Odom: ratio=0.000000, std dev=0.000000m|0.000000rad, update time=0.006976s delay=1.200072s
[2025-10-16 17:42:45.807354][rtabmap_feedback_loop-6][STDERR] [WARN] [1760604165.806852807] [rtabmap_feedback_loop]: RTAB-Map 누적 맵 토픽(/rtabmap/map_data)이 22.3s 동안 업데이트되지 않았습니다. 그래프 최적화가 멈춘 것 같습니다.
[2025-10-16 17:42:45.808299][rtabmap_feedback_loop-6][STDERR] [ERROR] [1760604165.807643905] [rtabmap_feedback_loop]: 맵 정체가 지속되어 RTAB-Map 리셋을 요청합니다.
[2025-10-16 17:42:45.809831][rtabmap-4][STDERR] [INFO] [1760604165.809407611] [rtabmap]: rtabmap: Reset
[2025-10-16 17:42:45.954061][rtabmap_feedback_loop-6][STDERR] [INFO] [1760604165.953683299] [rtabmap_feedback_loop]: RTAB-Map 리셋 서비스를 성공적으로 호출했습니다.
[2025-10-16 17:42:47.438642][icp_odometry-3][STDERR] [WARN] [1760604167.437890895] [icp_odometry]: Odometry automatically reset to latest computed pose!
[2025-10-16 17:42:47.445192][icp_odometry-3][STDERR] [INFO] [1760604167.444645892] [icp_odometry]: Odom: ratio=0.000000, std dev=0.000000m|0.000000rad, update time=0.533084s delay=1.649981s
[2025-10-16 17:42:48.087936][icp_odometry-3][STDERR] [INFO] [1760604168.087271195] [icp_odometry]: Odom: ratio=0.000000, std dev=99.995000m|99.995000rad, update time=0.011648s delay=1.175000s
[2025-10-16 17:42:48.150172][rtabmap-4][STDERR] [INFO] [1760604168.149791854] [rtabmap]: rtabmap (1): Rate=1.00s, Limit=0.000s, Conversion=0.0033s, RTAB-Map=0.0567s, Maps update=0.0001s pub=0.0000s delay=1.2250s (local map=1, WM=1)
[2025-10-16 17:42:49.719772][icp_odometry-3][STDERR] [INFO] [1760604169.719188922] [icp_odometry]: Odom: ratio=0.841157, std dev=0.004340m|0.001373rad, update time=0.493147s delay=1.650055s
[2025-10-16 17:42:49.772396][rtabmap-4][STDERR] [INFO] [1760604169.771814914] [rtabmap]: rtabmap (2): Rate=1.00s, Limit=0.000s, Conversion=0.0026s, RTAB-Map=0.0486s, Maps update=0.0002s pub=0.0000s delay=1.7001s (local map=2, WM=2)
[2025-10-16 17:42:50.392338][icp_odometry-3][STDERR] [WARN] [1760604170.391674005] [icp_odometry]: Odometry lost! Odometry will be reset after next 2 consecutive unsuccessful odometry updates...
[2025-10-16 17:42:50.399411][icp_odometry-3][STDERR] [INFO] [1760604170.398630401] [icp_odometry]: Odom: ratio=0.000000, std dev=0.000000m|0.000000rad, update time=0.007161s delay=1.224659s
[2025-10-16 17:42:51.560701][icp_odometry-3][STDERR] [WARN] [1760604171.560041869] [icp_odometry]: Odometry lost! Odometry will be reset after next 1 consecutive unsuccessful odometry updates...
[2025-10-16 17:42:51.568231][icp_odometry-3][STDERR] [INFO] [1760604171.567566632] [icp_odometry]: Odom: ratio=0.000000, std dev=0.000000m|0.000000rad, update time=0.007744s delay=1.150004s
[2025-10-16 17:42:51.806747][rtabmap_feedback_loop-6][STDERR] [WARN] [1760604171.806246113] [rtabmap_feedback_loop]: RTAB-Map 누적 맵 토픽(/rtabmap/map_data)이 28.3s 동안 업데이트되지 않았습니다. 그래프 최적화가 멈춘 것 같습니다.
[2025-10-16 17:42:51.807382][rtabmap_feedback_loop-6][STDERR] [ERROR] [1760604171.806967222] [rtabmap_feedback_loop]: 맵 정체가 지속되어 RTAB-Map 리셋을 요청합니다.
[2025-10-16 17:42:51.807956][rtabmap-4][STDERR] [INFO] [1760604171.807476316] [rtabmap]: rtabmap: Reset
[2025-10-16 17:42:51.954812][rtabmap_feedback_loop-6][STDERR] [INFO] [1760604171.954307897] [rtabmap_feedback_loop]: RTAB-Map 리셋 서비스를 성공적으로 호출했습니다.
[2025-10-16 17:42:53.233612][icp_odometry-3][STDERR] [WARN] [1760604173.233120546] [icp_odometry]: Odometry automatically reset to latest computed pose!
[2025-10-16 17:42:53.240083][icp_odometry-3][STDERR] [INFO] [1760604173.239535336] [icp_odometry]: Odom: ratio=0.000000, std dev=0.000000m|0.000000rad, update time=0.492824s delay=1.700082s
[2025-10-16 17:42:53.946463][icp_odometry-3][STDERR] [INFO] [1760604173.945975502] [icp_odometry]: Odom: ratio=0.000000, std dev=99.995000m|99.995000rad, update time=0.014690s delay=1.199993s
[2025-10-16 17:42:54.006736][rtabmap-4][STDERR] [INFO] [1760604174.005933168] [rtabmap]: rtabmap (1): Rate=1.00s, Limit=0.000s, Conversion=0.0023s, RTAB-Map=0.0554s, Maps update=0.0002s pub=0.0000s delay=1.2750s (local map=1, WM=1)
[2025-10-16 17:42:55.703040][icp_odometry-3][STDERR] [INFO] [1760604175.702344103] [icp_odometry]: Odom: ratio=0.790454, std dev=0.013195m|0.004173rad, update time=0.631172s delay=1.775032s
[2025-10-16 17:42:55.766718][rtabmap-4][STDERR] [INFO] [1760604175.766274655] [rtabmap]: rtabmap (2): Rate=1.00s, Limit=0.000s, Conversion=0.0025s, RTAB-Map=0.0598s, Maps update=0.0002s pub=0.0001s delay=1.8500s (local map=2, WM=2)
[2025-10-16 17:42:56.238726][icp_odometry-3][STDOUT] [31m[ERROR] (2025-10-16 17:42:38.788) RegistrationIcp.cpp:980::computeTransformationImpl() RegistrationIcp cannot do registration with a null guess.[0m
[2025-10-16 17:42:56.238726][icp_odometry-3][STDOUT] [33m[ WARN] (2025-10-16 17:42:38.788) OdometryF2M.cpp:622::computeTransform() Registration failed: "RegistrationIcp cannot do registration with a null guess."[0m
[2025-10-16 17:42:56.238726][icp_odometry-3][STDOUT] [31m[ERROR] (2025-10-16 17:42:39.941) RegistrationIcp.cpp:980::computeTransformationImpl() RegistrationIcp cannot do registration with a null guess.[0m
[2025-10-16 17:42:56.238726][icp_odometry-3][STDOUT] [33m[ WARN] (2025-10-16 17:42:39.941) OdometryF2M.cpp:622::computeTransform() Registration failed: "RegistrationIcp cannot do registration with a null guess."[0m
[2025-10-16 17:42:56.238726][icp_odometry-3][STDOUT] [31m[ERROR] (2025-10-16 17:42:41.093) RegistrationIcp.cpp:980::computeTransformationImpl() RegistrationIcp cannot do registration with a null guess.[0m
[2025-10-16 17:42:56.238726][icp_odometry-3][STDOUT] [33m[ WARN] (2025-10-16 17:42:41.093) OdometryF2M.cpp:622::computeTransform() Registration failed: "RegistrationIcp cannot do registration with a null guess."[0m
[2025-10-16 17:42:56.238726][icp_odometry-3][STDOUT] [33m[ WARN] (2025-10-16 17:42:41.610) MsgConversion.cpp:2010::getTransform() (getting transform odom -> base_link) Lookup would require extrapolation into the future.  Requested time 1727155745.118316 but the latest data is at time 1727155741.493182, when looking up transform from frame [base_link] to frame [odom] (wait_for_transform=0.500000)[0m
[2025-10-16 17:42:56.238726][icp_odometry-3][STDOUT] [31m[ERROR] (2025-10-16 17:42:44.607) RegistrationIcp.cpp:980::computeTransformationImpl() RegistrationIcp cannot do registration with a null guess.[0m
[2025-10-16 17:42:56.238726][icp_odometry-3][STDOUT] [33m[ WARN] (2025-10-16 17:42:44.607) OdometryF2M.cpp:622::computeTransform() Registration failed: "RegistrationIcp cannot do registration with a null guess."[0m
[2025-10-16 17:42:56.238726][icp_odometry-3][STDOUT] [31m[ERROR] (2025-10-16 17:42:45.778) RegistrationIcp.cpp:980::computeTransformationImpl() RegistrationIcp cannot do registration with a null guess.[0m
[2025-10-16 17:42:56.238726][icp_odometry-3][STDOUT] [33m[ WARN] (2025-10-16 17:42:45.778) OdometryF2M.cpp:622::computeTransform() Registration failed: "RegistrationIcp cannot do registration with a null guess."[0m
[2025-10-16 17:42:56.238726][icp_odometry-3][STDOUT] [31m[ERROR] (2025-10-16 17:42:46.911) RegistrationIcp.cpp:980::computeTransformationImpl() RegistrationIcp cannot do registration with a null guess.[0m
[2025-10-16 17:42:56.238726][icp_odometry-3][STDOUT] [33m[ WARN] (2025-10-16 17:42:46.911) OdometryF2M.cpp:622::computeTransform() Registration failed: "RegistrationIcp cannot do registration with a null guess."[0m
[2025-10-16 17:42:56.238726][icp_odometry-3][STDOUT] [33m[ WARN] (2025-10-16 17:42:47.437) MsgConversion.cpp:2010::getTransform() (getting transform odom -> base_link) Lookup would require extrapolation into the future.  Requested time 1727155750.993542 but the latest data is at time 1727155747.493807, when looking up transform from frame [base_link] to frame [odom] (wait_for_transform=0.500000)[0m
[2025-10-16 17:42:56.238726][icp_odometry-3][STDOUT] [31m[ERROR] (2025-10-16 17:42:50.391) RegistrationIcp.cpp:980::computeTransformationImpl() RegistrationIcp cannot do registration with a null guess.[0m
[2025-10-16 17:42:56.238726][icp_odometry-3][STDOUT] [33m[ WARN] (2025-10-16 17:42:50.391) OdometryF2M.cpp:622::computeTransform() Registration failed: "RegistrationIcp cannot do registration with a null guess."[0m
[2025-10-16 17:42:56.238726][icp_odometry-3][STDOUT] [31m[ERROR] (2025-10-16 17:42:51.559) RegistrationIcp.cpp:980::computeTransformationImpl() RegistrationIcp cannot do registration with a null guess.[0m
[2025-10-16 17:42:56.238726][icp_odometry-3][STDOUT] [33m[ WARN] (2025-10-16 17:42:51.559) OdometryF2M.cpp:622::computeTransform() Registration failed: "RegistrationIcp cannot do registration with a null guess."[0m
[2025-10-16 17:42:56.238726][icp_odometry-3][STDOUT] [31m[ERROR] (2025-10-16 17:42:52.746) RegistrationIcp.cpp:980::computeTransformationImpl() RegistrationIcp cannot do registration with a null guess.[0m
[2025-10-16 17:42:56.238726][icp_odometry-3][STDOUT] [33m[ WARN] (2025-10-16 17:42:52.746) OdometryF2M.cpp:622::computeTransform() Registration failed: "RegistrationIcp cannot do registration with a null guess."[0m
[2025-10-16 17:42:56.238726][icp_odometry-3][STDOUT] [33m[ WARN] (2025-10-16 17:42:53.233) MsgConversion.cpp:2010::getTransform() (getting transform odom -> base_link) Lookup would require extrapolation into the future.  Requested time 1727155756.743632 but the latest data is at time 1727155753.268540, when looking up transform from frame [base_link] to frame [odom] (wait_for_transform=0.500000)[0m
[2025-10-16 17:42:56.238726][icp_odometry-3][STDOUT] [31m[ERROR] (2025-10-16 17:42:56.237) RegistrationIcp.cpp:980::computeTransformationImpl() RegistrationIcp cannot do registration with a null guess.[0m
[2025-10-16 17:42:56.238726][icp_odometry-3][STDOUT] [33m
[2025-10-16 17:42:56.239398][icp_odometry-3][STDERR] [WARN] [1760604176.237231592] [icp_odometry]: Odometry lost! Odometry will be reset after next 2 consecutive unsuccessful odometry updates...
[2025-10-16 17:42:56.244494][icp_odometry-3][STDERR] [INFO] [1760604176.243831360] [icp_odometry]: Odom: ratio=0.000000, std dev=0.000000m|0.000000rad, update time=0.006784s delay=1.175045s
[2025-10-16 17:42:56.806798][rtabmap_feedback_loop-6][STDERR] [WARN] [1760604176.806352349] [rtabmap_feedback_loop]: RTAB-Map 누적 맵 토픽(/rtabmap/map_data)이 33.3s 동안 업데이트되지 않았습니다. 그래프 최적화가 멈춘 것 같습니다.
[2025-10-16 17:42:56.807345][rtabmap_feedback_loop-6][STDERR] [ERROR] [1760604176.807037809] [rtabmap_feedback_loop]: 맵 정체가 지속되어 RTAB-Map 리셋을 요청합니다.
[2025-10-16 17:42:56.807807][rtabmap-4][STDERR] [INFO] [1760604176.807433229] [rtabmap]: rtabmap: Reset
[2025-10-16 17:42:56.969460][rtabmap_feedback_loop-6][STDERR] [INFO] [1760604176.969097440] [rtabmap_feedback_loop]: RTAB-Map 리셋 서비스를 성공적으로 호출했습니다.
[2025-10-16 17:42:57.410983][icp_odometry-3][STDERR] [WARN] [1760604177.410312921] [icp_odometry]: Odometry lost! Odometry will be reset after next 1 consecutive unsuccessful odometry updates...
[2025-10-16 17:42:57.416708][icp_odometry-3][STDERR] [INFO] [1760604177.416111011] [icp_odometry]: Odom: ratio=0.000000, std dev=0.000000m|0.000000rad, update time=0.006012s delay=1.175020s
[2025-10-16 17:42:59.084368][icp_odometry-3][STDERR] [WARN] [1760604179.083985207] [icp_odometry]: Odometry automatically reset to latest computed pose!
[2025-10-16 17:42:59.091931][icp_odometry-3][STDERR] [INFO] [1760604179.091369792] [icp_odometry]: Odom: ratio=0.000000, std dev=0.000000m|0.000000rad, update time=0.504780s delay=1.725002s
[2025-10-16 17:42:59.287266][rtabmap-4][STDOUT] [33m[ WARN] (2025-10-16 17:42:39.010) MsgConversion.cpp:2010::getTransform() (getting transform odom -> base_link) Lookup would require extrapolation into the future.  Requested time 1727155742.843220 but the latest data is at time 1727155741.493182, when looking up transform from frame [base_link] to frame [odom] (wait_for_transform=0.200000)[0m
[2025-10-16 17:42:59.287266][rtabmap-4][STDOUT] [33m[ WARN] (2025-10-16 17:42:40.129) MsgConversion.cpp:2010::getTransform() (getting transform odom -> base_link) Lookup would require extrapolation into the future.  Requested time 1727155743.993271 but the latest data is at time 1727155741.493182, when looking up transform from frame [base_link] to frame [odom] (wait_for_transform=0.200000)[0m
[2025-10-16 17:42:59.287266][rtabmap-4][STDOUT] [33m[ WARN] (2025-10-16 17:42:41.808) MsgConversion.cpp:2010::getTransform() (getting transform odom -> base_link) Lookup would require extrapolation into the future.  Requested time 1727155745.118316 but the latest data is at time 1727155741.493182, when looking up transform from frame [base_link] to frame [odom] (wait_for_transform=0.200000)[0m
[2025-10-16 17:42:59.287266][rtabmap-4][STDOUT] [33m[ WARN] (2025-10-16 17:42:44.835) MsgConversion.cpp:2010::getTransform() (getting transform odom -> base_link) Lookup would require extrapolation into the future.  Requested time 1727155748.618406 but the latest data is at time 1727155747.493807, when looking up transform from frame [base_link] to frame [odom] (wait_for_transform=0.200000)[0m
[2025-10-16 17:42:59.287266][rtabmap-4][STDOUT] [33m[ WARN] (2025-10-16 17:42:46.008) MsgConversion.cpp:2010::getTransform() (getting transform odom -> base_link) Lookup would require extrapolation into the future.  Requested time 1727155749.793470 but the latest data is at time 1727155747.493807, when looking up transform from frame [base_link] to frame [odom] (wait_for_transform=0.200000)[0m
[2025-10-16 17:42:59.287266][rtabmap-4][STDOUT] [33m[ WARN] (2025-10-16 17:42:47.639) MsgConversion.cpp:2010::getTransform() (getting transform odom -> base_link) Lookup would require extrapolation into the future.  Requested time 1727155750.993542 but the latest data is at time 1727155747.493807, when looking up transform from frame [base_link] to frame [odom] (wait_for_transform=0.200000)[0m
[2025-10-16 17:42:59.287266][rtabmap-4][STDOUT] [33m[ WARN] (2025-10-16 17:42:50.582) MsgConversion.cpp:2010::getTransform() (getting transform odom -> base_link) Lookup would require extrapolation into the future.  Requested time 1727155754.368950 but the latest data is at time 1727155753.268540, when looking up transform from frame [base_link] to frame [odom] (wait_for_transform=0.200000)[0m
[2025-10-16 17:42:59.287266][rtabmap-4][STDOUT] [33m[ WARN] (2025-10-16 17:42:51.782) MsgConversion.cpp:2010::getTransform() (getting transform odom -> base_link) Lookup would require extrapolation into the future.  Requested time 1727155755.618631 but the latest data is at time 1727155753.268540, when looking up transform from frame [base_link] to frame [odom] (wait_for_transform=0.200000)[0m
[2025-10-16 17:42:59.287266][rtabmap-4][STDOUT] [33m[ WARN] (2025-10-16 17:42:53.459) MsgConversion.cpp:2010::getTransform() (getting transform odom -> base_link) Lookup would require extrapolation into the future.  Requested time 1727155756.743632 but the latest data is at time 1727155753.268540, when looking up transform from frame [base_link] to frame [odom] (wait_for_transform=0.200000)[0m
[2025-10-16 17:42:59.287266][rtabmap-4][STDOUT] [33m[ WARN] (2025-10-16 17:42:56.459) MsgConversion.cpp:2010::getTransform() (getting transform odom -> base_link) Lookup would require extrapolation into the future.  Requested time 1727155760.268749 but the latest data is at time 1727155759.118721, when looking up transform from frame [base_link] to frame [odom] (wait_for_transform=0.200000)[0m
[2025-10-16 17:42:59.287266][rtabmap-4][STDOUT] [33m[ WARN] (2025-10-16 17:42:57.614) MsgConversion.cpp:2010::getTransform() (getting transform odom -> base_link) Lookup would require extrapolation into the future.  Requested time 1727155761.443794 but the latest data is at time 1727155759.118721, when looking up transform from frame [base_link] to frame [odom] (wait_for_transform=0.200000)[0m
[2025-10-16 17:42:59.287266][rtabmap-4][STDOUT] [33m[ WARN] (2025-10-16 17:42:59.285) MsgConversion.cpp:2010::getTransform() (getting transform odom -> base_link) Lookup would require extrapolation into the future.  Requested time 1727155762.568854 but the latest data is
[2025-10-16 17:42:59.723672][icp_odometry-3][STDERR] [INFO] [1760604179.722927058] [icp_odometry]: Odom: ratio=0.000000, std dev=99.995000m|99.995000rad, update time=0.014781s delay=1.175046s
[2025-10-16 17:42:59.777282][rtabmap-4][STDERR] [INFO] [1760604179.776779841] [rtabmap]: rtabmap (1): Rate=1.00s, Limit=0.000s, Conversion=0.0026s, RTAB-Map=0.0480s, Maps update=0.0002s pub=0.0000s delay=1.2250s (local map=1, WM=1)
[2025-10-16 17:43:01.477690][icp_odometry-3][STDERR] [INFO] [1760604181.477121780] [icp_odometry]: Odom: ratio=0.775438, std dev=0.015032m|0.004754rad, update time=0.570872s delay=1.750063s
[2025-10-16 17:43:01.528610][rtabmap-4][STDERR] [INFO] [1760604181.528023037] [rtabmap]: rtabmap (2): Rate=1.00s, Limit=0.000s, Conversion=0.0020s, RTAB-Map=0.0462s, Maps update=0.0001s pub=0.0000s delay=1.8001s (local map=2, WM=2)
[2025-10-16 17:43:01.807622][rtabmap_feedback_loop-6][STDERR] [WARN] [1760604181.807086351] [rtabmap_feedback_loop]: RTAB-Map 누적 맵 토픽(/rtabmap/map_data)이 38.3s 동안 업데이트되지 않았습니다. 그래프 최적화가 멈춘 것 같습니다.
[2025-10-16 17:43:01.808292][rtabmap_feedback_loop-6][STDERR] [ERROR] [1760604181.807839834] [rtabmap_feedback_loop]: 맵 정체가 지속되어 RTAB-Map 리셋을 요청합니다.
[2025-10-16 17:43:01.808769][rtabmap-4][STDERR] [INFO] [1760604181.808268351] [rtabmap]: rtabmap: Reset
[2025-10-16 17:43:01.961702][rtabmap_feedback_loop-6][STDERR] [INFO] [1760604181.961116039] [rtabmap_feedback_loop]: RTAB-Map 리셋 서비스를 성공적으로 호출했습니다.
[2025-10-16 17:43:02.073006][icp_odometry-3][STDERR] [WARN] [1760604182.072036173] [icp_odometry]: Odometry lost! Odometry will be reset after next 2 consecutive unsuccessful odometry updates...
[2025-10-16 17:43:02.082658][icp_odometry-3][STDERR] [INFO] [1760604182.082191847] [icp_odometry]: Odom: ratio=0.000000, std dev=0.000000m|0.000000rad, update time=0.010492s delay=1.200113s
[2025-10-16 17:43:03.221935][icp_odometry-3][STDERR] [WARN] [1760604183.221459945] [icp_odometry]: Odometry lost! Odometry will be reset after next 1 consecutive unsuccessful odometry updates...
[2025-10-16 17:43:03.228644][icp_odometry-3][STDERR] [INFO] [1760604183.228134467] [icp_odometry]: Odom: ratio=0.000000, std dev=0.000000m|0.000000rad, update time=0.007363s delay=1.150026s
[2025-10-16 17:43:04.888641][icp_odometry-3][STDERR] [WARN] [1760604184.888226910] [icp_odometry]: Odometry automatically reset to latest computed pose!
[2025-10-16 17:43:04.895606][icp_odometry-3][STDERR] [INFO] [1760604184.895149645] [icp_odometry]: Odom: ratio=0.000000, std dev=0.000000m|0.000000rad, update time=0.496838s delay=1.675057s
[2025-10-16 17:43:05.559188][icp_odometry-3][STDERR] [INFO] [1760604185.558772604] [icp_odometry]: Odom: ratio=0.000000, std dev=99.995000m|99.995000rad, update time=0.013136s delay=1.175072s
[2025-10-16 17:43:05.714451][rtabmap-4][STDERR] [INFO] [1760604185.714061890] [rtabmap]: rtabmap (1): Rate=1.00s, Limit=0.000s, Conversion=0.0023s, RTAB-Map=0.0474s, Maps update=0.0002s pub=0.0000s delay=1.3250s (local map=1, WM=1)
[2025-10-16 17:43:07.228715][icp_odometry-3][STDERR] [INFO] [1760604187.228282756] [icp_odometry]: Odom: ratio=0.837208, std dev=0.005489m|0.001736rad, update time=0.538988s delay=1.649964s
[2025-10-16 17:43:07.279624][rtabmap-4][STDERR] [INFO] [1760604187.278954688] [rtabmap]: rtabmap (2): Rate=1.00s, Limit=0.000s, Conversion=0.0013s, RTAB-Map=0.0474s, Maps update=0.0003s pub=0.0001s delay=1.7000s (local map=2, WM=2)
[2025-10-16 17:43:07.816375][rtabmap_feedback_loop-6][STDERR] [WARN] [1760604187.812695608] [rtabmap_feedback_loop]: RTAB-Map 누적 맵 토픽(/rtabmap/map_data)이 44.3s 동안 업데이트되지 않았습니다. 그래프 최적화가 멈춘 것 같습니다.
[2025-10-16 17:43:07.821722][rtabmap_feedback_loop-6][STDERR] [ERROR] [1760604187.820629965] [rtabmap_feedback_loop]: 맵 정체가 지속되어 RTAB-Map 리셋을 요청합니다.
[2025-10-16 17:43:07.824792][rtabmap-4][STDERR] [INFO] [1760604187.823846805] [rtabmap]: rtabmap: Reset
[2025-10-16 17:43:07.856730][icp_odometry-3][STDERR] [WARN] [1760604187.855673810] [icp_odometry]: Odometry lost! Odometry will be reset after next 2 consecutive unsuccessful odometry updates...
[2025-10-16 17:43:07.865589][icp_odometry-3][STDERR] [INFO] [1760604187.864981722] [icp_odometry]: Odom: ratio=0.000000, std dev=0.000000m|0.000000rad, update time=0.009998s delay=1.175028s
[2025-10-16 17:43:07.989706][rtabmap_feedback_loop-6][STDERR] [INFO] [1760604187.989114696] [rtabmap_feedback_loop]: RTAB-Map 리셋 서비스를 성공적으로 호출했습니다.
[2025-10-16 17:43:09.038394][icp_odometry-3][STDERR] [WARN] [1760604189.037696208] [icp_odometry]: Odometry lost! Odometry will be reset after next 1 consecutive unsuccessful odometry updates...
[2025-10-16 17:43:09.046495][icp_odometry-3][STDERR] [INFO] [1760604189.045647173] [icp_odometry]: Odom: ratio=0.000000, std dev=0.000000m|0.000000rad, update time=0.008126s delay=1.175056s
[2025-10-16 17:43:10.706978][icp_odometry-3][STDERR] [WARN] [1760604190.706427901] [icp_odometry]: Odometry automatically reset to latest computed pose!
[2025-10-16 17:43:10.714880][icp_odometry-3][STDERR] [INFO] [1760604190.714112914] [icp_odometry]: Odom: ratio=0.000000, std dev=0.000000m|0.000000rad, update time=0.495009s delay=1.675048s
[2025-10-16 17:43:11.347954][icp_odometry-3][STDERR] [INFO] [1760604191.346928827] [icp_odometry]: Odom: ratio=0.000000, std dev=99.995000m|99.995000rad, update time=0.013634s delay=1.149984s
[2025-10-16 17:43:11.404678][rtabmap-4][STDERR] [INFO] [1760604191.404170216] [rtabmap]: rtabmap (1): Rate=1.00s, Limit=0.000s, Conversion=0.0024s, RTAB-Map=0.0521s, Maps update=0.0001s pub=0.0000s delay=1.2000s (local map=1, WM=1)
[2025-10-16 17:43:13.432754][icp_odometry-3][STDERR] [INFO] [1760604193.432353543] [icp_odometry]: Odom: ratio=0.799232, std dev=0.004951m|0.001566rad, update time=0.935076s delay=2.100126s
[2025-10-16 17:43:13.485294][rtabmap-4][STDERR] [INFO] [1760604193.484760509] [rtabmap]: rtabmap (2): Rate=1.00s, Limit=0.000s, Conversion=0.0021s, RTAB-Map=0.0490s, Maps update=0.0001s pub=0.0000s delay=2.1501s (local map=2, WM=2)
[2025-10-16 17:43:13.738989][icp_odometry-3][STDERR] [WARN] [1760604193.738459882] [icp_odometry]: Odometry lost! Odometry will be reset after next 2 consecutive unsuccessful odometry updates...
[2025-10-16 17:43:13.747308][icp_odometry-3][STDERR] [INFO] [1760604193.746344312] [icp_odometry]: Odom: ratio=0.000000, std dev=0.000000m|0.000000rad, update time=0.008051s delay=1.225330s
[2025-10-16 17:43:13.807412][rtabmap_feedback_loop-6][STDERR] [WARN] [1760604193.806952655] [rtabmap_feedback_loop]: RTAB-Map 누적 맵 토픽(/rtabmap/map_data)이 50.3s 동안 업데이트되지 않았습니다. 그래프 최적화가 멈춘 것 같습니다.
[2025-10-16 17:43:13.808080][rtabmap_feedback_loop-6][STDERR] [ERROR] [1760604193.807659658] [rtabmap_feedback_loop]: 맵 정체가 지속되어 RTAB-Map 리셋을 요청합니다.
[2025-10-16 17:43:13.809376][rtabmap-4][STDERR] [INFO] [1760604193.809002045] [rtabmap]: rtabmap: Reset
[2025-10-16 17:43:13.953508][rtabmap_feedback_loop-6][STDERR] [INFO] [1760604193.953056408] [rtabmap_feedback_loop]: RTAB-Map 리셋 서비스를 성공적으로 호출했습니다.
[2025-10-16 17:43:14.839559][icp_odometry-3][STDOUT] [ WARN] (2025-10-16 17:42:56.237) OdometryF2M.cpp:622::computeTransform() Registration failed: "RegistrationIcp cannot do registration with a null guess."[0m
[2025-10-16 17:43:14.839559][icp_odometry-3][STDOUT] [31m[ERROR] (2025-10-16 17:42:57.410) RegistrationIcp.cpp:980::computeTransformationImpl() RegistrationIcp cannot do registration with a null guess.[0m
[2025-10-16 17:43:14.839559][icp_odometry-3][STDOUT] [33m[ WARN] (2025-10-16 17:42:57.410) OdometryF2M.cpp:622::computeTransform() Registration failed: "RegistrationIcp cannot do registration with a null guess."[0m
[2025-10-16 17:43:14.839559][icp_odometry-3][STDOUT] [31m[ERROR] (2025-10-16 17:42:58.587) RegistrationIcp.cpp:980::computeTransformationImpl() RegistrationIcp cannot do registration with a null guess.[0m
[2025-10-16 17:43:14.839559][icp_odometry-3][STDOUT] [33m[ WARN] (2025-10-16 17:42:58.587) OdometryF2M.cpp:622::computeTransform() Registration failed: "RegistrationIcp cannot do registration with a null guess."[0m
[2025-10-16 17:43:14.839559][icp_odometry-3][STDOUT] [33m[ WARN] (2025-10-16 17:42:59.083) MsgConversion.cpp:2010::getTransform() (getting transform odom -> base_link) Lookup would require extrapolation into the future.  Requested time 1727155762.568854 but the latest data is at time 1727155759.118721, when looking up transform from frame [base_link] to frame [odom] (wait_for_transform=0.500000)[0m
[2025-10-16 17:43:14.839559][icp_odometry-3][STDOUT] [31m[ERROR] (2025-10-16 17:43:02.071) RegistrationIcp.cpp:980::computeTransformationImpl() RegistrationIcp cannot do registration with a null guess.[0m
[2025-10-16 17:43:14.839559][icp_odometry-3][STDOUT] [33m[ WARN] (2025-10-16 17:43:02.071) OdometryF2M.cpp:622::computeTransform() Registration failed: "RegistrationIcp cannot do registration with a null guess."[0m
[2025-10-16 17:43:14.839559][icp_odometry-3][STDOUT] [31m[ERROR] (2025-10-16 17:43:03.221) RegistrationIcp.cpp:980::computeTransformationImpl() RegistrationIcp cannot do registration with a null guess.[0m
[2025-10-16 17:43:14.839559][icp_odometry-3][STDOUT] [33m[ WARN] (2025-10-16 17:43:03.221) OdometryF2M.cpp:622::computeTransform() Registration failed: "RegistrationIcp cannot do registration with a null guess."[0m
[2025-10-16 17:43:14.839559][icp_odometry-3][STDOUT] [31m[ERROR] (2025-10-16 17:43:04.398) RegistrationIcp.cpp:980::computeTransformationImpl() RegistrationIcp cannot do registration with a null guess.[0m
[2025-10-16 17:43:14.839559][icp_odometry-3][STDOUT] [33m[ WARN] (2025-10-16 17:43:04.398) OdometryF2M.cpp:622::computeTransform() Registration failed: "RegistrationIcp cannot do registration with a null guess."[0m
[2025-10-16 17:43:14.839559][icp_odometry-3][STDOUT] [33m[ WARN] (2025-10-16 17:43:04.888) MsgConversion.cpp:2010::getTransform() (getting transform odom -> base_link) Lookup would require extrapolation into the future.  Requested time 1727155768.418973 but the latest data is at time 1727155764.918890, when looking up transform from frame [base_link] to frame [odom] (wait_for_transform=0.500000)[0m
[2025-10-16 17:43:14.839559][icp_odometry-3][STDOUT] [31m[ERROR] (2025-10-16 17:43:07.855) RegistrationIcp.cpp:980::computeTransformationImpl() RegistrationIcp cannot do registration with a null guess.[0m
[2025-10-16 17:43:14.839559][icp_odometry-3][STDOUT] [33m[ WARN] (2025-10-16 17:43:07.855) OdometryF2M.cpp:622::computeTransform() Registration failed: "RegistrationIcp cannot do registration with a null guess."[0m
[2025-10-16 17:43:14.839559][icp_odometry-3][STDOUT] [31m[ERROR] (2025-10-16 17:43:09.037) RegistrationIcp.cpp:980::computeTransformationImpl() RegistrationIcp cannot do registration with a null guess.[0m
[2025-10-16 17:43:14.839559][icp_odometry-3][STDOUT] [33m[ WARN] (2025-10-16 17:43:09.037) OdometryF2M.cpp:622::computeTransform() Registration failed: "RegistrationIcp cannot do registration with a null guess."[0m
[2025-10-16 17:43:14.839559][icp_odometry-3][STDOUT] [31m[ERROR] (2025-10-16 17:43:10.219) RegistrationIcp.cpp:980::computeTransformationImpl() RegistrationIcp cannot do registration with a null guess.[0m
[2025-10-16 17:43:14.839559][icp_odometry-3][STDOUT] [33m[ WARN] (2025-10-16 17:43:10.219) OdometryF2M.cpp:622::computeTransform() Registration failed: "RegistrationIcp cannot do registration with a null guess."[0m
[2025-10-16 17:43:14.839559][icp_odometry-3][STDOUT] [33m[ WARN] (2025-10-16 17:43:10.706) MsgConversion.cpp:2010::getTransform() (getting transform odom -> base_link) Lookup would require extrapolation into the future.  Requested time 1727155774.244171 but the latest data is at time 1727155770.769085, when looking up transform from frame [base_link] to frame [odom] (wait_for_transform=0.500000)[0m
[2025-10-16 17:43:14.839559][icp_odometry-3][STDOUT] [31m[ERROR] (2025-10-16 17:43:13.738) RegistrationIcp.cpp:980::computeTransformationImpl() RegistrationIcp cannot do registration with a null guess.[0m
[2025-10-16 17:43:14.839559][icp_odometry-3][STDOUT] [33m[ WARN] (2025-10-16 17:43:13.738) OdometryF2M.cpp:622::computeTransform() Registration failed: "RegistrationIcp cannot do registration with a null guess."[0m
[2025-10-16 17:43:14.840502][icp_odometry-3][STDERR] [WARN] [1760604194.838180553] [icp_odometry]: Odometry lost! Odometry will be reset after next 1 consecutive unsuccessful odometry updates...
[2025-10-16 17:43:14.845793][icp_odometry-3][STDERR] [INFO] [1760604194.845052744] [icp_odometry]: Odom: ratio=0.000000, std dev=0.000000m|0.000000rad, update time=0.007075s delay=1.125032s
[2025-10-16 17:43:16.485106][icp_odometry-3][STDERR] [WARN] [1760604196.484742023] [icp_odometry]: Odometry automatically reset to latest computed pose!
[2025-10-16 17:43:16.490664][icp_odometry-3][STDERR] [INFO] [1760604196.490199094] [icp_odometry]: Odom: ratio=0.000000, std dev=0.000000m|0.000000rad, update time=0.491568s delay=1.675049s
[2025-10-16 17:43:17.154255][icp_odometry-3][STDERR] [INFO] [1760604197.153763901] [icp_odometry]: Odom: ratio=0.000000, std dev=99.995000m|99.995000rad, update time=0.013096s delay=1.150044s
[2025-10-16 17:43:17.214261][rtabmap-4][STDERR] [INFO] [1760604197.213906119] [rtabmap]: rtabmap (1): Rate=1.00s, Limit=0.000s, Conversion=0.0033s, RTAB-Map=0.0552s, Maps update=0.0001s pub=0.0000s delay=1.2250s (local map=1, WM=1)
[2025-10-16 17:43:18.807761][rtabmap_feedback_loop-6][STDERR] [WARN] [1760604198.807415819] [rtabmap_feedback_loop]: RTAB-Map 누적 맵 토픽(/rtabmap/map_data)이 55.3s 동안 업데이트되지 않았습니다. 그래프 최적화가 멈춘 것 같습니다.
[2025-10-16 17:43:18.808274][rtabmap_feedback_loop-6][STDERR] [ERROR] [1760604198.808003955] [rtabmap_feedback_loop]: 맵 정체가 지속되어 RTAB-Map 리셋을 요청합니다.
[2025-10-16 17:43:18.809461][rtabmap-4][STDERR] [INFO] [1760604198.809012056] [rtabmap]: rtabmap: Reset
[2025-10-16 17:43:18.830982][icp_odometry-3][STDERR] [INFO] [1760604198.829777421] [icp_odometry]: Odom: ratio=0.832903, std dev=0.008205m|0.002595rad, update time=0.555664s delay=1.675076s
[2025-10-16 17:43:18.961441][rtabmap_feedback_loop-6][STDERR] [INFO] [1760604198.960965311] [rtabmap_feedback_loop]: RTAB-Map 리셋 서비스를 성공적으로 호출했습니다.
[2025-10-16 17:43:19.007912][rtabmap-4][STDERR] [INFO] [1760604199.007519331] [rtabmap]: rtabmap (1): Rate=1.00s, Limit=0.000s, Conversion=0.0024s, RTAB-Map=0.0469s, Maps update=0.0001s pub=0.0000s delay=1.8750s (local map=1, WM=1)
[2025-10-16 17:43:19.443249][icp_odometry-3][STDERR] [WARN] [1760604199.442670561] [icp_odometry]: Odometry lost! Odometry will be reset after next 2 consecutive unsuccessful odometry updates...
[2025-10-16 17:43:19.449251][icp_odometry-3][STDERR] [INFO] [1760604199.448561245] [icp_odometry]: Odom: ratio=0.000000, std dev=0.000000m|0.000000rad, update time=0.006350s delay=1.175028s
[2025-10-16 17:43:20.620039][icp_odometry-3][STDERR] [WARN] [1760604200.619504304] [icp_odometry]: Odometry lost! Odometry will be reset after next 1 consecutive unsuccessful odometry updates...
[2025-10-16 17:43:20.627413][icp_odometry-3][STDERR] [INFO] [1760604200.626625983] [icp_odometry]: Odom: ratio=0.000000, std dev=0.000000m|0.000000rad, update time=0.007233s delay=1.175048s
[2025-10-16 17:43:21.696827][stream_server-2][STDERR] [INFO] [1760604201.696361661] [stream_server]: Uplink connection closed by peer
[2025-10-16 17:43:21.703779][stream_server-2][STDERR] [INFO] [1760604201.701606820] [stream_server]: Uplink session finished
[2025-10-16 17:43:22.216195][stream_server-2][STDERR] [INFO] [1760604202.215719816] [stream_server]: Downlink connection closed
[2025-10-16 17:43:22.216851][stream_server-2][STDERR] [INFO] [1760604202.216577701] [stream_server]: Downlink client connected from ('127.0.0.1', 59112)
[2025-10-16 17:43:22.217454][stream_server-2][STDERR] [INFO] [1760604202.217174560] [stream_server]: Downlink connection closed
[2025-10-16 17:43:22.218343][stream_server-2][STDERR] [INFO] [1760604202.218005148] [stream_server]: Downlink client connected from ('127.0.0.1', 59114)
[2025-10-16 17:43:22.218996][stream_server-2][STDERR] [INFO] [1760604202.218730105] [stream_server]: Downlink connection closed
[2025-10-16 17:43:22.220036][stream_server-2][STDERR] [INFO] [1760604202.219742005] [stream_server]: Downlink client connected from ('127.0.0.1', 59126)
[2025-10-16 17:43:22.220957][stream_server-2][STDERR] [INFO] [1760604202.220625785] [stream_server]: Downlink connection closed
[2025-10-16 17:43:22.222042][stream_server-2][STDERR] [INFO] [1760604202.221640717] [stream_server]: Downlink client connected from ('127.0.0.1', 42326)
[2025-10-16 17:43:22.223202][stream_server-2][STDERR] [INFO] [1760604202.222805554] [stream_server]: Downlink connection closed
[2025-10-16 17:43:22.224369][stream_server-2][STDERR] [INFO] [1760604202.223838450] [stream_server]: Downlink client connected from ('127.0.0.1', 42330)
[2025-10-16 17:43:22.225425][stream_server-2][STDERR] [INFO] [1760604202.224841744] [stream_server]: Downlink connection closed
[2025-10-16 17:43:22.226665][stream_server-2][STDERR] [INFO] [1760604202.226205507] [stream_server]: Downlink client connected from ('127.0.0.1', 36738)
[2025-10-16 17:43:22.227603][stream_server-2][STDERR] [INFO] [1760604202.227193346] [stream_server]: Downlink connection closed
[2025-10-16 17:43:22.228739][stream_server-2][STDERR] [INFO] [1760604202.228290658] [stream_server]: Downlink client connected from ('127.0.0.1', 36740)
[2025-10-16 17:43:22.229858][stream_server-2][STDERR] [INFO] [1760604202.229368028] [stream_server]: Downlink connection closed
[2025-10-16 17:43:22.230830][stream_server-2][STDERR] [INFO] [1760604202.230569552] [stream_server]: Downlink client connected from ('127.0.0.1', 36742)
[2025-10-16 17:43:22.231579][stream_server-2][STDERR] [INFO] [1760604202.231404040] [stream_server]: Downlink connection closed
[2025-10-16 17:43:22.232361][stream_server-2][STDERR] [INFO] [1760604202.232142039] [stream_server]: Downlink client connected from ('127.0.0.1', 50564)
[2025-10-16 17:43:22.232853][stream_server-2][STDERR] [INFO] [1760604202.232639732] [stream_server]: Downlink connection closed
[2025-10-16 17:43:22.233447][stream_server-2][STDERR] [INFO] [1760604202.233241993] [stream_server]: Downlink client connected from ('127.0.0.1', 50578)
[2025-10-16 17:43:22.234099][stream_server-2][STDERR] [INFO] [1760604202.233870897] [stream_server]: Downlink connection closed
[2025-10-16 17:43:22.234750][stream_server-2][STDERR] [INFO] [1760604202.234520330] [stream_server]: Downlink client connected from ('127.0.0.1', 60248)
[2025-10-16 17:43:22.235432][stream_server-2][STDERR] [INFO] [1760604202.235153556] [stream_server]: Downlink connection closed
[2025-10-16 17:43:22.236166][stream_server-2][STDERR] [INFO] [1760604202.235871367] [stream_server]: Downlink client connected from ('127.0.0.1', 60264)
[2025-10-16 17:43:22.236831][stream_server-2][STDERR] [INFO] [1760604202.236569417] [stream_server]: Downlink connection closed
[2025-10-16 17:45:51.737008][robot_state_publisher-1][STDERR] [INFO] [1760604351.731506024] [rclcpp]: signal_handler(signum=2)
[2025-10-16 17:45:51.737544][rtabmap-4][STDERR] [INFO] [1760604351.731500697] [rclcpp]: signal_handler(signum=2)
[2025-10-16 17:45:51.738399][icp_odometry-3][STDERR] [INFO] [1760604351.731501314] [rclcpp]: signal_handler(signum=2)
[2025-10-16 17:45:51.739122][icp_odometry-3][STDERR] [WARN] [1760604351.733661852] [icp_odometry]: Odometry automatically reset to latest computed pose!
[2025-10-16 17:45:51.739122][icp_odometry-3][STDERR] [INFO] [1760604351.733776097] [icp_odometry]: Odom: ratio=0.000000, std dev=0.000000m|0.000000rad, update time=149.980423s delay=0.000000s
[2025-10-16 17:45:51.739777][rtabmap-4][STDERR] [INFO] [1760604351.736318552] [rtabmap]: Parameters are not saved (No configuration file provided...)
[2025-10-16 17:45:51.741030][rtabmap-4][STDOUT]  at time 1727155759.118721, when looking up transform from frame [base_link] to frame [odom] (wait_for_transform=0.200000)[0m
[2025-10-16 17:45:51.741030][rtabmap-4][STDOUT] [33m[ WARN] (2025-10-16 17:43:02.307) MsgConversion.cpp:2010::getTransform() (getting transform odom -> base_link) Lookup would require extrapolation into the future.  Requested time 1727155766.093908 but the latest data is at time 1727155764.918890, when looking up transform from frame [base_link] to frame [odom] (wait_for_transform=0.200000)[0m
[2025-10-16 17:45:51.741030][rtabmap-4][STDOUT] [33m[ WARN] (2025-10-16 17:43:03.431) MsgConversion.cpp:2010::getTransform() (getting transform odom -> base_link) Lookup would require extrapolation into the future.  Requested time 1727155767.268947 but the latest data is at time 1727155764.918890, when looking up transform from frame [base_link] to frame [odom] (wait_for_transform=0.200000)[0m
[2025-10-16 17:45:51.741030][rtabmap-4][STDOUT] [33m[ WARN] (2025-10-16 17:43:05.109) MsgConversion.cpp:2010::getTransform() (getting transform odom -> base_link) Lookup would require extrapolation into the future.  Requested time 1727155768.418973 but the latest data is at time 1727155764.918890, when looking up transform from frame [base_link] to frame [odom] (wait_for_transform=0.200000)[0m
[2025-10-16 17:45:51.741030][rtabmap-4][STDOUT] [33m[ WARN] (2025-10-16 17:43:08.159) MsgConversion.cpp:2010::getTransform() (getting transform odom -> base_link) Lookup would require extrapolation into the future.  Requested time 1727155771.894087 but the latest data is at time 1727155770.769085, when looking up transform from frame [base_link] to frame [odom] (wait_for_transform=0.200000)[0m
[2025-10-16 17:45:51.741030][rtabmap-4][STDOUT] [33m[ WARN] (2025-10-16 17:43:09.239) MsgConversion.cpp:2010::getTransform() (getting transform odom -> base_link) Lookup would require extrapolation into the future.  Requested time 1727155773.069115 but the latest data is at time 1727155770.769085, when looking up transform from frame [base_link] to frame [odom] (wait_for_transform=0.200000)[0m
[2025-10-16 17:45:51.741030][rtabmap-4][STDOUT] [33m[ WARN] (2025-10-16 17:43:10.931) MsgConversion.cpp:2010::getTransform() (getting transform odom -> base_link) Lookup would require extrapolation into the future.  Requested time 1727155774.244171 but the latest data is at time 1727155770.769085, when looking up transform from frame [base_link] to frame [odom] (wait_for_transform=0.200000)[0m
[2025-10-16 17:45:51.741030][rtabmap-4][STDOUT] [33m[ WARN] (2025-10-16 17:43:14.035) MsgConversion.cpp:2010::getTransform() (getting transform odom -> base_link) Lookup would require extrapolation into the future.  Requested time 1727155777.719266 but the latest data is at time 1727155776.544162, when looking up transform from frame [base_link] to frame [odom] (wait_for_transform=0.200000)[0m
[2025-10-16 17:45:51.741030][rtabmap-4][STDOUT] [33m[ WARN] (2025-10-16 17:43:15.059) MsgConversion.cpp:2010::getTransform() (getting transform odom -> base_link) Lookup would require extrapolation into the future.  Requested time 1727155778.919276 but the latest data is at time 1727155776.544162, when looking up transform from frame [base_link] to frame [odom] (wait_for_transform=0.200000)[0m
[2025-10-16 17:45:51.741030][rtabmap-4][STDOUT] [33m[ WARN] (2025-10-16 17:43:16.683) MsgConversion.cpp:2010::getTransform() (getting transform odom -> base_link) Lookup would require extrapolation into the future.  Requested time 1727155780.019303 but the latest data is at time 1727155776.544162, when looking up transform from frame [base_link] to frame [odom] (wait_for_transform=0.200000)[0m
[2025-10-16 17:45:51.741030][rtabmap-4][STDOUT] [33m[ WARN] (2025-10-16 17:43:19.631) MsgConversion.cpp:2010::getTransform() (getting transform odom -> base_link) Lookup would require extrapolation into the future.  Requested time 1727155783.469402 but the latest data is at time 1727155782.344391, when looking up transform from frame [base_link] to frame [odom] (wait_for_transform=0.200000)[0m
[2025-10-16 17:45:51.741030][rtabmap-4][STDOUT] [33m[ WARN] (2025-10-16 17:45:51.732) MsgConversion.cpp:2010::getTransform() (getting transform odom -> base_link) Lookup would require extrapolation into the future.  Requested time 1727155784.594439 but the latest data is at time 1727155782.344391, when looking up transform from frame [base_link] to frame [odom] (wait_for_transform=0.200000)[0m
[2025-10-16 17:45:51.741030][rtabmap-4][STDOUT] rtabmap: Saving database/long-term memory... (located at /home/kkit/newdisk/draco_tcpip/data/map
[2025-10-16 17:45:51.938367][time_jump_reset-5][STDERR] Traceback (most recent call last):
[2025-10-16 17:45:51.938367][time_jump_reset-5][STDERR]   File "/home/kkit/newdisk/draco_tcpip/ros2_ws/install/slam_stream_bridge/lib/slam_stream_bridge/time_jump_reset", line 33, in <module>
[2025-10-16 17:45:51.939287][time_jump_reset-5][STDERR]     sys.exit(load_entry_point('slam-stream-bridge==0.1.0', 'console_scripts', 'time_jump_reset')())
[2025-10-16 17:45:51.939287][time_jump_reset-5][STDERR]   File "/home/kkit/newdisk/draco_tcpip/ros2_ws/install/slam_stream_bridge/lib/python3.10/site-packages/slam_stream_bridge/nodes/time_jump_reset.py", line 365, in main
[2025-10-16 17:45:51.939287][time_jump_reset-5][STDERR]     executor.spin()
[2025-10-16 17:45:51.939287][time_jump_reset-5][STDERR]   File "/opt/ros/humble/local/lib/python3.10/dist-packages/rclpy/executors.py", line 294, in spin
[2025-10-16 17:45:51.939287][time_jump_reset-5][STDERR]     self.spin_once()
[2025-10-16 17:45:51.939287][time_jump_reset-5][STDERR]   File "/opt/ros/humble/local/lib/python3.10/dist-packages/rclpy/executors.py", line 806, in spin_once
[2025-10-16 17:45:51.939287][time_jump_reset-5][STDERR]     self._spin_once_impl(timeout_sec)
[2025-10-16 17:45:51.939287][time_jump_reset-5][STDERR]   File "/opt/ros/humble/local/lib/python3.10/dist-packages/rclpy/executors.py", line 787, in _spin_once_impl
[2025-10-16 17:45:51.940151][rtabmap_feedback_loop-6][STDERR] Traceback (most recent call last):
[2025-10-16 17:45:51.940151][rtabmap_feedback_loop-6][STDERR]   File "/home/kkit/newdisk/draco_tcpip/ros2_ws/install/slam_stream_bridge/lib/slam_stream_bridge/rtabmap_feedback_loop", line 33, in <module>
[2025-10-16 17:45:51.940151][rtabmap_feedback_loop-6][STDERR]     sys.exit(load_entry_point('slam-stream-bridge==0.1.0', 'console_scripts', 'rtabmap_feedback_loop')())
[2025-10-16 17:45:51.940151][rtabmap_feedback_loop-6][STDERR]   File "/home/kkit/newdisk/draco_tcpip/ros2_ws/install/slam_stream_bridge/lib/python3.10/site-packages/slam_stream_bridge/nodes/rtabmap_feedback_loop.py", line 378, in main
[2025-10-16 17:45:51.941271][time_jump_reset-5][STDERR]     handler, entity, node = self.wait_for_ready_callbacks(
[2025-10-16 17:45:51.941271][time_jump_reset-5][STDERR]   File "/opt/ros/humble/local/lib/python3.10/dist-packages/rclpy/executors.py", line 723, in wait_for_ready_callbacks
[2025-10-16 17:45:51.941271][time_jump_reset-5][STDERR]     return next(self._cb_iter)
[2025-10-16 17:45:51.941271][time_jump_reset-5][STDERR]   File "/opt/ros/humble/local/lib/python3.10/dist-packages/rclpy/executors.py", line 620, in _wait_for_ready_callbacks
[2025-10-16 17:45:51.941271][time_jump_reset-5][STDERR]     wait_set.wait(timeout_nsec)
[2025-10-16 17:45:51.941271][time_jump_reset-5][STDERR] KeyboardInterrupt
[2025-10-16 17:45:51.941962][rtabmap_feedback_loop-6][STDERR]     rclpy.spin(node)
[2025-10-16 17:45:51.941962][rtabmap_feedback_loop-6][STDERR]   File "/opt/ros/humble/local/lib/python3.10/dist-packages/rclpy/__init__.py", line 229, in spin
[2025-10-16 17:45:51.941962][rtabmap_feedback_loop-6][STDERR]     executor.spin_once()
[2025-10-16 17:45:51.941962][rtabmap_feedback_loop-6][STDERR]   File "/opt/ros/humble/local/lib/python3.10/dist-packages/rclpy/executors.py", line 751, in spin_once
[2025-10-16 17:45:51.941962][rtabmap_feedback_loop-6][STDERR]     self._spin_once_impl(timeout_sec)
[2025-10-16 17:45:51.941962][rtabmap_feedback_loop-6][STDERR]   File "/opt/ros/humble/local/lib/python3.10/dist-packages/rclpy/executors.py", line 740, in _spin_once_impl
[2025-10-16 17:45:51.942576][rtabmap_feedback_loop-6][STDERR]     handler, entity, node = self.wait_for_ready_callbacks(timeout_sec=timeout_sec)
[2025-10-16 17:45:51.942576][rtabmap_feedback_loop-6][STDERR]   File "/opt/ros/humble/local/lib/python3.10/dist-packages/rclpy/executors.py", line 723, in wait_for_ready_callbacks
[2025-10-16 17:45:51.942576][rtabmap_feedback_loop-6][STDERR]     return next(self._cb_iter)
[2025-10-16 17:45:51.942576][rtabmap_feedback_loop-6][STDERR]   File "/opt/ros/humble/local/lib/python3.10/dist-packages/rclpy/executors.py", line 620, in _wait_for_ready_callbacks
[2025-10-16 17:45:51.942576][rtabmap_feedback_loop-6][STDERR]     wait_set.wait(timeout_nsec)
[2025-10-16 17:45:51.942576][rtabmap_feedback_loop-6][STDERR] KeyboardInterrupt
[2025-10-16 17:45:51.949822][icp_odometry-3][STDOUT] [31m[ERROR] (2025-10-16 17:43:14.838) RegistrationIcp.cpp:980::computeTransformationImpl() RegistrationIcp cannot do registration with a null guess.[0m
[2025-10-16 17:45:51.949822][icp_odometry-3][STDOUT] [33m[ WARN] (2025-10-16 17:43:14.838) OdometryF2M.cpp:622::computeTransform() Registration failed: "RegistrationIcp cannot do registration with a null guess."[0m
[2025-10-16 17:45:51.949822][icp_odometry-3][STDOUT] [31m[ERROR] (2025-10-16 17:43:15.998) RegistrationIcp.cpp:980::computeTransformationImpl() RegistrationIcp cannot do registration with a null guess.[0m
[2025-10-16 17:45:51.949822][icp_odometry-3][STDOUT] [33m[ WARN] (2025-10-16 17:43:15.998) OdometryF2M.cpp:622::computeTransform() Registration failed: "RegistrationIcp cannot do registration with a null guess."[0m
[2025-10-16 17:45:51.949822][icp_odometry-3][STDOUT] [33m[ WARN] (2025-10-16 17:43:16.484) MsgConversion.cpp:2010::getTransform() (getting transform odom -> base_link) Lookup would require extrapolation into the future.  Requested time 1727155780.019303 but the latest data is at time 1727155776.544162, when looking up transform from frame [base_link] to frame [odom] (wait_for_transform=0.500000)[0m
[2025-10-16 17:45:51.949822][icp_odometry-3][STDOUT] [31m[ERROR] (2025-10-16 17:43:19.442) RegistrationIcp.cpp:980::computeTransformationImpl() RegistrationIcp cannot do registration with a null guess.[0m
[2025-10-16 17:45:51.949822][icp_odometry-3][STDOUT] [33m[ WARN] (2025-10-16 17:43:19.442) OdometryF2M.cpp:622::computeTransform() Registration failed: "RegistrationIcp cannot do registration with a null guess."[0m
[2025-10-16 17:45:51.949822][icp_odometry-3][STDOUT] [31m[ERROR] (2025-10-16 17:43:20.619) RegistrationIcp.cpp:980::computeTransformationImpl() RegistrationIcp cannot do registration with a null guess.[0m
[2025-10-16 17:45:51.949822][icp_odometry-3][STDOUT] [33m[ WARN] (2025-10-16 17:43:20.619) OdometryF2M.cpp:622::computeTransform() Registration failed: "RegistrationIcp cannot do registration with a null guess."[0m
[2025-10-16 17:45:51.949822][icp_odometry-3][STDOUT] [31m[ERROR] (2025-10-16 17:43:21.753) RegistrationIcp.cpp:980::computeTransformationImpl() RegistrationIcp cannot do registration with a null guess.[0m
[2025-10-16 17:45:51.949822][icp_odometry-3][STDOUT] [33m[ WARN] (2025-10-16 17:43:21.753) OdometryF2M.cpp:622::computeTransform() Registration failed: "RegistrationIcp cannot do registration with a null guess."[0m
[2025-10-16 17:45:51.949822][icp_odometry-3][STDOUT] [33m[ WARN] (2025-10-16 17:45:51.733) MsgConversion.cpp:2010::getTransform() (getting transform odom -> base_link) Lookup would require extrapolation into the future.  Requested time 1727155785.769486 but the latest data is at time 1727155782.344391, when looking up transform from frame [base_link] to frame [odom] (wait_for_transform=0.500000)[0m
[2025-10-16 17:45:53.555761][rtabmap-4][STDOUT] s/rtabmap_20251016_174222_896701.db)
[2025-10-16 17:45:53.555761][rtabmap-4][STDOUT] rtabmap: Saving database/long-term memory...done! (located at /home/kkit/newdisk/draco_tcpip/data/maps/rtabmap_20251016_174222_896701.db, 0 MB)
