# 로그 생성 정보
# 명령어: ros2 launch draco_roundtrip server.launch.py use_sim_time:=true
# 생성 시각: 2025-10-21T11:56:35.901705
[2025-10-21 11:56:35.951804][static_transform_publisher-3][STDERR] [WARN] [1761015395.951429868] []: Old-style arguments are deprecated; see --help for new-style arguments
[2025-10-21 11:56:35.955908][static_transform_publisher-4][STDERR] [WARN] [1761015395.955104627] []: Old-style arguments are deprecated; see --help for new-style arguments
[2025-10-21 11:56:35.964477][static_transform_publisher-3][STDERR] [INFO] [1761015395.963658209] [static_map_to_odom]: Spinning until stopped - publishing transform
[2025-10-21 11:56:35.964477][static_transform_publisher-3][STDERR] translation: ('0.000000', '0.000000', '0.000000')
[2025-10-21 11:56:35.964477][static_transform_publisher-3][STDERR] rotation: ('0.000000', '0.000000', '0.000000', '1.000000')
[2025-10-21 11:56:35.964477][static_transform_publisher-3][STDERR] from 'map' to 'odom'
[2025-10-21 11:56:35.969391][static_transform_publisher-4][STDERR] [INFO] [1761015395.968806914] [static_odom_to_base_link]: Spinning until stopped - publishing transform
[2025-10-21 11:56:35.969391][static_transform_publisher-4][STDERR] translation: ('0.000000', '0.000000', '0.000000')
[2025-10-21 11:56:35.969391][static_transform_publisher-4][STDERR] rotation: ('0.000000', '0.000000', '0.000000', '1.000000')
[2025-10-21 11:56:35.969391][static_transform_publisher-4][STDERR] from 'odom' to 'base_link'
[2025-10-21 11:56:35.970531][robot_state_publisher-1][STDERR] [INFO] [1761015395.970233528] [robot_state_publisher]: got segment base_link
[2025-10-21 11:56:35.970922][robot_state_publisher-1][STDERR] [INFO] [1761015395.970338403] [robot_state_publisher]: got segment lidar_frame
[2025-10-21 11:56:38.613475][stream_server-2][STDERR] [INFO] [1761015398.613146946] [stream_server]: Listening for downlink on 0.0.0.0:5001
[2025-10-21 11:56:38.613773][stream_server-2][STDERR] [INFO] [1761015398.613311990] [stream_server]: Listening for uplink on 0.0.0.0:5000
[2025-10-21 11:56:54.878733][stream_server-2][STDERR] [INFO] [1761015414.878265089] [stream_server]: Uplink client connected from ('127.0.0.1', 36986)
[2025-10-21 11:56:54.879248][stream_server-2][STDERR] [INFO] [1761015414.878521264] [stream_server]: Downlink client connected from ('127.0.0.1', 57546)
[2025-10-21 11:57:58.392227][stream_server-2][STDERR] [INFO] [1761015478.391772274] [stream_server]: Uplink session summary: in=55695858 bytes, out=0 bytes
[2025-10-21 11:57:58.425968][stream_server-2][STDERR] /home/kkit/newdisk/draco_tcpip/ros2_ws/install/draco_roundtrip/local/lib/python3.10/dist-packages/draco_roundtrip/nodes/stream_server.py:437: UserWarning: Glyph 54532 (\N{HANGUL SYLLABLE PEU}) missing from current font.
[2025-10-21 11:57:58.425968][stream_server-2][STDERR]   fig.tight_layout()
[2025-10-21 11:57:58.426691][stream_server-2][STDERR] /home/kkit/newdisk/draco_tcpip/ros2_ws/install/draco_roundtrip/local/lib/python3.10/dist-packages/draco_roundtrip/nodes/stream_server.py:437: UserWarning: Glyph 47112 (\N{HANGUL SYLLABLE RE}) missing from current font.
[2025-10-21 11:57:58.426691][stream_server-2][STDERR]   fig.tight_layout()
[2025-10-21 11:57:58.426691][stream_server-2][STDERR] /home/kkit/newdisk/draco_tcpip/ros2_ws/install/draco_roundtrip/local/lib/python3.10/dist-packages/draco_roundtrip/nodes/stream_server.py:437: UserWarning: Glyph 51076 (\N{HANGUL SYLLABLE IM}) missing from current font.
[2025-10-21 11:57:58.426691][stream_server-2][STDERR]   fig.tight_layout()
[2025-10-21 11:57:58.426691][stream_server-2][STDERR] /home/kkit/newdisk/draco_tcpip/ros2_ws/install/draco_roundtrip/local/lib/python3.10/dist-packages/draco_roundtrip/nodes/stream_server.py:437: UserWarning: Glyph 49692 (\N{HANGUL SYLLABLE SUN}) missing from current font.
[2025-10-21 11:57:58.426691][stream_server-2][STDERR]   fig.tight_layout()
[2025-10-21 11:57:58.426691][stream_server-2][STDERR] /home/kkit/newdisk/draco_tcpip/ros2_ws/install/draco_roundtrip/local/lib/python3.10/dist-packages/draco_roundtrip/nodes/stream_server.py:437: UserWarning: Glyph 49436 (\N{HANGUL SYLLABLE SEO}) missing from current font.
[2025-10-21 11:57:58.426691][stream_server-2][STDERR]   fig.tight_layout()
[2025-10-21 11:57:58.437157][stream_server-2][STDERR] /home/kkit/newdisk/draco_tcpip/ros2_ws/install/draco_roundtrip/local/lib/python3.10/dist-packages/draco_roundtrip/nodes/stream_server.py:437: UserWarning: Glyph 51648 (\N{HANGUL SYLLABLE JI}) missing from current font.
[2025-10-21 11:57:58.437157][stream_server-2][STDERR]   fig.tight_layout()
[2025-10-21 11:57:58.437599][stream_server-2][STDERR] /home/kkit/newdisk/draco_tcpip/ros2_ws/install/draco_roundtrip/local/lib/python3.10/dist-packages/draco_roundtrip/nodes/stream_server.py:437: UserWarning: Glyph 50672 (\N{HANGUL SYLLABLE YEON}) missing from current font.
[2025-10-21 11:57:58.437599][stream_server-2][STDERR]   fig.tight_layout()
[2025-10-21 11:57:58.438045][stream_server-2][STDERR] /home/kkit/newdisk/draco_tcpip/ros2_ws/install/draco_roundtrip/local/lib/python3.10/dist-packages/draco_roundtrip/nodes/stream_server.py:437: UserWarning: Glyph 49884 (\N{HANGUL SYLLABLE SI}) missing from current font.
[2025-10-21 11:57:58.438045][stream_server-2][STDERR]   fig.tight_layout()
[2025-10-21 11:57:58.438045][stream_server-2][STDERR] /home/kkit/newdisk/draco_tcpip/ros2_ws/install/draco_roundtrip/local/lib/python3.10/dist-packages/draco_roundtrip/nodes/stream_server.py:437: UserWarning: Glyph 44036 (\N{HANGUL SYLLABLE GAN}) missing from current font.
[2025-10-21 11:57:58.438045][stream_server-2][STDERR]   fig.tight_layout()
[2025-10-21 11:57:58.441235][stream_server-2][STDERR] /home/kkit/newdisk/draco_tcpip/ros2_ws/install/draco_roundtrip/local/lib/python3.10/dist-packages/draco_roundtrip/nodes/stream_server.py:437: UserWarning: Glyph 48324 (\N{HANGUL SYLLABLE BYEOL}) missing from current font.
[2025-10-21 11:57:58.441235][stream_server-2][STDERR]   fig.tight_layout()
[2025-10-21 11:57:58.441714][stream_server-2][STDERR] /home/kkit/newdisk/draco_tcpip/ros2_ws/install/draco_roundtrip/local/lib/python3.10/dist-packages/draco_roundtrip/nodes/stream_server.py:437: UserWarning: Glyph 51333 (\N{HANGUL SYLLABLE JONG}) missing from current font.
[2025-10-21 11:57:58.441714][stream_server-2][STDERR]   fig.tight_layout()
[2025-10-21 11:57:58.441714][stream_server-2][STDERR] /home/kkit/newdisk/draco_tcpip/ros2_ws/install/draco_roundtrip/local/lib/python3.10/dist-packages/draco_roundtrip/nodes/stream_server.py:437: UserWarning: Glyph 45800 (\N{HANGUL SYLLABLE DAN}) missing from current font.
[2025-10-21 11:57:58.441714][stream_server-2][STDERR]   fig.tight_layout()
[2025-10-21 11:57:58.454255][stream_server-2][STDERR] /home/kkit/newdisk/draco_tcpip/ros2_ws/install/draco_roundtrip/local/lib/python3.10/dist-packages/draco_roundtrip/nodes/stream_server.py:440: UserWarning: Glyph 54532 (\N{HANGUL SYLLABLE PEU}) missing from current font.
[2025-10-21 11:57:58.454255][stream_server-2][STDERR]   fig.savefig(buf, format="png")
[2025-10-21 11:57:58.454978][stream_server-2][STDERR] /home/kkit/newdisk/draco_tcpip/ros2_ws/install/draco_roundtrip/local/lib/python3.10/dist-packages/draco_roundtrip/nodes/stream_server.py:440: UserWarning: Glyph 47112 (\N{HANGUL SYLLABLE RE}) missing from current font.
[2025-10-21 11:57:58.454978][stream_server-2][STDERR]   fig.savefig(buf, format="png")
[2025-10-21 11:57:58.454978][stream_server-2][STDERR] /home/kkit/newdisk/draco_tcpip/ros2_ws/install/draco_roundtrip/local/lib/python3.10/dist-packages/draco_roundtrip/nodes/stream_server.py:440: UserWarning: Glyph 51076 (\N{HANGUL SYLLABLE IM}) missing from current font.
[2025-10-21 11:57:58.454978][stream_server-2][STDERR]   fig.savefig(buf, format="png")
[2025-10-21 11:57:58.454978][stream_server-2][STDERR] /home/kkit/newdisk/draco_tcpip/ros2_ws/install/draco_roundtrip/local/lib/python3.10/dist-packages/draco_roundtrip/nodes/stream_server.py:440: UserWarning: Glyph 49692 (\N{HANGUL SYLLABLE SUN}) missing from current font.
[2025-10-21 11:57:58.454978][stream_server-2][STDERR]   fig.savefig(buf, format="png")
[2025-10-21 11:57:58.454978][stream_server-2][STDERR] /home/kkit/newdisk/draco_tcpip/ros2_ws/install/draco_roundtrip/local/lib/python3.10/dist-packages/draco_roundtrip/nodes/stream_server.py:440: UserWarning: Glyph 49436 (\N{HANGUL SYLLABLE SEO}) missing from current font.
[2025-10-21 11:57:58.454978][stream_server-2][STDERR]   fig.savefig(buf, format="png")
[2025-10-21 11:57:58.463526][stream_server-2][STDERR] /home/kkit/newdisk/draco_tcpip/ros2_ws/install/draco_roundtrip/local/lib/python3.10/dist-packages/draco_roundtrip/nodes/stream_server.py:440: UserWarning: Glyph 51648 (\N{HANGUL SYLLABLE JI}) missing from current font.
[2025-10-21 11:57:58.463526][stream_server-2][STDERR]   fig.savefig(buf, format="png")
[2025-10-21 11:57:58.464280][stream_server-2][STDERR] /home/kkit/newdisk/draco_tcpip/ros2_ws/install/draco_roundtrip/local/lib/python3.10/dist-packages/draco_roundtrip/nodes/stream_server.py:440: UserWarning: Glyph 50672 (\N{HANGUL SYLLABLE YEON}) missing from current font.
[2025-10-21 11:57:58.464280][stream_server-2][STDERR]   fig.savefig(buf, format="png")
[2025-10-21 11:57:58.464280][stream_server-2][STDERR] /home/kkit/newdisk/draco_tcpip/ros2_ws/install/draco_roundtrip/local/lib/python3.10/dist-packages/draco_roundtrip/nodes/stream_server.py:440: UserWarning: Glyph 49884 (\N{HANGUL SYLLABLE SI}) missing from current font.
[2025-10-21 11:57:58.464280][stream_server-2][STDERR]   fig.savefig(buf, format="png")
[2025-10-21 11:57:58.464280][stream_server-2][STDERR] /home/kkit/newdisk/draco_tcpip/ros2_ws/install/draco_roundtrip/local/lib/python3.10/dist-packages/draco_roundtrip/nodes/stream_server.py:440: UserWarning: Glyph 44036 (\N{HANGUL SYLLABLE GAN}) missing from current font.
[2025-10-21 11:57:58.464280][stream_server-2][STDERR]   fig.savefig(buf, format="png")
[2025-10-21 11:57:58.471333][stream_server-2][STDERR] /home/kkit/newdisk/draco_tcpip/ros2_ws/install/draco_roundtrip/local/lib/python3.10/dist-packages/draco_roundtrip/nodes/stream_server.py:440: UserWarning: Glyph 48324 (\N{HANGUL SYLLABLE BYEOL}) missing from current font.
[2025-10-21 11:57:58.471333][stream_server-2][STDERR]   fig.savefig(buf, format="png")
[2025-10-21 11:57:58.471855][stream_server-2][STDERR] /home/kkit/newdisk/draco_tcpip/ros2_ws/install/draco_roundtrip/local/lib/python3.10/dist-packages/draco_roundtrip/nodes/stream_server.py:440: UserWarning: Glyph 51333 (\N{HANGUL SYLLABLE JONG}) missing from current font.
[2025-10-21 11:57:58.471855][stream_server-2][STDERR]   fig.savefig(buf, format="png")
[2025-10-21 11:57:58.471855][stream_server-2][STDERR] /home/kkit/newdisk/draco_tcpip/ros2_ws/install/draco_roundtrip/local/lib/python3.10/dist-packages/draco_roundtrip/nodes/stream_server.py:440: UserWarning: Glyph 45800 (\N{HANGUL SYLLABLE DAN}) missing from current font.
[2025-10-21 11:57:58.471855][stream_server-2][STDERR]   fig.savefig(buf, format="png")
[2025-10-21 11:57:58.551266][stream_server-2][STDERR] /home/kkit/newdisk/draco_tcpip/ros2_ws/install/draco_roundtrip/local/lib/python3.10/dist-packages/draco_roundtrip/nodes/stream_server.py:437: UserWarning: Glyph 50517 (\N{HANGUL SYLLABLE AB}) missing from current font.
[2025-10-21 11:57:58.551266][stream_server-2][STDERR]   fig.tight_layout()
[2025-10-21 11:57:58.551266][stream_server-2][STDERR] /home/kkit/newdisk/draco_tcpip/ros2_ws/install/draco_roundtrip/local/lib/python3.10/dist-packages/draco_roundtrip/nodes/stream_server.py:437: UserWarning: Glyph 52629 (\N{HANGUL SYLLABLE CUG}) missing from current font.
[2025-10-21 11:57:58.551266][stream_server-2][STDERR]   fig.tight_layout()
[2025-10-21 11:57:58.551672][stream_server-2][STDERR] /home/kkit/newdisk/draco_tcpip/ros2_ws/install/draco_roundtrip/local/lib/python3.10/dist-packages/draco_roundtrip/nodes/stream_server.py:437: UserWarning: Glyph 46108 (\N{HANGUL SYLLABLE DOEN}) missing from current font.
[2025-10-21 11:57:58.551672][stream_server-2][STDERR]   fig.tight_layout()
[2025-10-21 11:57:58.551672][stream_server-2][STDERR] /home/kkit/newdisk/draco_tcpip/ros2_ws/install/draco_roundtrip/local/lib/python3.10/dist-packages/draco_roundtrip/nodes/stream_server.py:437: UserWarning: Glyph 53356 (\N{HANGUL SYLLABLE KEU}) missing from current font.
[2025-10-21 11:57:58.551672][stream_server-2][STDERR]   fig.tight_layout()
[2025-10-21 11:57:58.551672][stream_server-2][STDERR] /home/kkit/newdisk/draco_tcpip/ros2_ws/install/draco_roundtrip/local/lib/python3.10/dist-packages/draco_roundtrip/nodes/stream_server.py:437: UserWarning: Glyph 44592 (\N{HANGUL SYLLABLE GI}) missing from current font.
[2025-10-21 11:57:58.551672][stream_server-2][STDERR]   fig.tight_layout()
[2025-10-21 11:57:58.552244][stream_server-2][STDERR] /home/kkit/newdisk/draco_tcpip/ros2_ws/install/draco_roundtrip/local/lib/python3.10/dist-packages/draco_roundtrip/nodes/stream_server.py:437: UserWarning: Glyph 52376 (\N{HANGUL SYLLABLE CEO}) missing from current font.
[2025-10-21 11:57:58.552244][stream_server-2][STDERR]   fig.tight_layout()
[2025-10-21 11:57:58.552548][stream_server-2][STDERR] /home/kkit/newdisk/draco_tcpip/ros2_ws/install/draco_roundtrip/local/lib/python3.10/dist-packages/draco_roundtrip/nodes/stream_server.py:437: UserWarning: Glyph 47532 (\N{HANGUL SYLLABLE RI}) missing from current font.
[2025-10-21 11:57:58.552548][stream_server-2][STDERR]   fig.tight_layout()
[2025-10-21 11:57:58.552548][stream_server-2][STDERR] /home/kkit/newdisk/draco_tcpip/ros2_ws/install/draco_roundtrip/local/lib/python3.10/dist-packages/draco_roundtrip/nodes/stream_server.py:437: UserWarning: Glyph 47049 (\N{HANGUL SYLLABLE RYANG}) missing from current font.
[2025-10-21 11:57:58.552548][stream_server-2][STDERR]   fig.tight_layout()
[2025-10-21 11:57:58.573317][stream_server-2][STDERR] /home/kkit/newdisk/draco_tcpip/ros2_ws/install/draco_roundtrip/local/lib/python3.10/dist-packages/draco_roundtrip/nodes/stream_server.py:440: UserWarning: Glyph 50517 (\N{HANGUL SYLLABLE AB}) missing from current font.
[2025-10-21 11:57:58.573317][stream_server-2][STDERR]   fig.savefig(buf, format="png")
[2025-10-21 11:57:58.573781][stream_server-2][STDERR] /home/kkit/newdisk/draco_tcpip/ros2_ws/install/draco_roundtrip/local/lib/python3.10/dist-packages/draco_roundtrip/nodes/stream_server.py:440: UserWarning: Glyph 52629 (\N{HANGUL SYLLABLE CUG}) missing from current font.
[2025-10-21 11:57:58.573781][stream_server-2][STDERR]   fig.savefig(buf, format="png")
[2025-10-21 11:57:58.573781][stream_server-2][STDERR] /home/kkit/newdisk/draco_tcpip/ros2_ws/install/draco_roundtrip/local/lib/python3.10/dist-packages/draco_roundtrip/nodes/stream_server.py:440: UserWarning: Glyph 46108 (\N{HANGUL SYLLABLE DOEN}) missing from current font.
[2025-10-21 11:57:58.573781][stream_server-2][STDERR]   fig.savefig(buf, format="png")
[2025-10-21 11:57:58.573781][stream_server-2][STDERR] /home/kkit/newdisk/draco_tcpip/ros2_ws/install/draco_roundtrip/local/lib/python3.10/dist-packages/draco_roundtrip/nodes/stream_server.py:440: UserWarning: Glyph 53356 (\N{HANGUL SYLLABLE KEU}) missing from current font.
[2025-10-21 11:57:58.573781][stream_server-2][STDERR]   fig.savefig(buf, format="png")
[2025-10-21 11:57:58.573781][stream_server-2][STDERR] /home/kkit/newdisk/draco_tcpip/ros2_ws/install/draco_roundtrip/local/lib/python3.10/dist-packages/draco_roundtrip/nodes/stream_server.py:440: UserWarning: Glyph 44592 (\N{HANGUL SYLLABLE GI}) missing from current font.
[2025-10-21 11:57:58.573781][stream_server-2][STDERR]   fig.savefig(buf, format="png")
[2025-10-21 11:57:58.577667][stream_server-2][STDERR] /home/kkit/newdisk/draco_tcpip/ros2_ws/install/draco_roundtrip/local/lib/python3.10/dist-packages/draco_roundtrip/nodes/stream_server.py:440: UserWarning: Glyph 52376 (\N{HANGUL SYLLABLE CEO}) missing from current font.
[2025-10-21 11:57:58.577667][stream_server-2][STDERR]   fig.savefig(buf, format="png")
[2025-10-21 11:57:58.578000][stream_server-2][STDERR] /home/kkit/newdisk/draco_tcpip/ros2_ws/install/draco_roundtrip/local/lib/python3.10/dist-packages/draco_roundtrip/nodes/stream_server.py:440: UserWarning: Glyph 47532 (\N{HANGUL SYLLABLE RI}) missing from current font.
[2025-10-21 11:57:58.578000][stream_server-2][STDERR]   fig.savefig(buf, format="png")
[2025-10-21 11:57:58.578000][stream_server-2][STDERR] /home/kkit/newdisk/draco_tcpip/ros2_ws/install/draco_roundtrip/local/lib/python3.10/dist-packages/draco_roundtrip/nodes/stream_server.py:440: UserWarning: Glyph 47049 (\N{HANGUL SYLLABLE RYANG}) missing from current font.
[2025-10-21 11:57:58.578000][stream_server-2][STDERR]   fig.savefig(buf, format="png")
[2025-10-21 11:57:58.706914][stream_server-2][STDERR] /home/kkit/newdisk/draco_tcpip/ros2_ws/install/draco_roundtrip/local/lib/python3.10/dist-packages/draco_roundtrip/nodes/stream_server.py:437: UserWarning: Glyph 48708 (\N{HANGUL SYLLABLE BI}) missing from current font.
[2025-10-21 11:57:58.706914][stream_server-2][STDERR]   fig.tight_layout()
[2025-10-21 11:57:58.707212][stream_server-2][STDERR] /home/kkit/newdisk/draco_tcpip/ros2_ws/install/draco_roundtrip/local/lib/python3.10/dist-packages/draco_roundtrip/nodes/stream_server.py:437: UserWarning: Glyph 50984 (\N{HANGUL SYLLABLE YUL}) missing from current font.
[2025-10-21 11:57:58.707212][stream_server-2][STDERR]   fig.tight_layout()
[2025-10-21 11:57:58.707684][stream_server-2][STDERR] /home/kkit/newdisk/draco_tcpip/ros2_ws/install/draco_roundtrip/local/lib/python3.10/dist-packages/draco_roundtrip/nodes/stream_server.py:437: UserWarning: Glyph 47456 (\N{HANGUL SYLLABLE RYUL}) missing from current font.
[2025-10-21 11:57:58.707684][stream_server-2][STDERR]   fig.tight_layout()
[2025-10-21 11:57:58.729098][stream_server-2][STDERR] /home/kkit/newdisk/draco_tcpip/ros2_ws/install/draco_roundtrip/local/lib/python3.10/dist-packages/draco_roundtrip/nodes/stream_server.py:440: UserWarning: Glyph 48708 (\N{HANGUL SYLLABLE BI}) missing from current font.
[2025-10-21 11:57:58.729098][stream_server-2][STDERR]   fig.savefig(buf, format="png")
[2025-10-21 11:57:58.729488][stream_server-2][STDERR] /home/kkit/newdisk/draco_tcpip/ros2_ws/install/draco_roundtrip/local/lib/python3.10/dist-packages/draco_roundtrip/nodes/stream_server.py:440: UserWarning: Glyph 50984 (\N{HANGUL SYLLABLE YUL}) missing from current font.
[2025-10-21 11:57:58.729488][stream_server-2][STDERR]   fig.savefig(buf, format="png")
[2025-10-21 11:57:58.733779][stream_server-2][STDERR] /home/kkit/newdisk/draco_tcpip/ros2_ws/install/draco_roundtrip/local/lib/python3.10/dist-packages/draco_roundtrip/nodes/stream_server.py:440: UserWarning: Glyph 47456 (\N{HANGUL SYLLABLE RYUL}) missing from current font.
[2025-10-21 11:57:58.733779][stream_server-2][STDERR]   fig.savefig(buf, format="png")
[2025-10-21 11:57:58.772257][stream_server-2][STDERR] [INFO] [1761015478.771949945] [stream_server]: Server session report saved to logs/server_report_20251021_115758.html
[2025-10-21 11:57:58.772739][stream_server-2][STDERR] [INFO] [1761015478.772524387] [stream_server]: Uplink connection closed by peer
[2025-10-21 11:57:58.773343][stream_server-2][STDERR] [INFO] [1761015478.773131639] [stream_server]: Uplink session finished
[2025-10-21 11:58:00.396620][stream_server-2][STDERR] [INFO] [1761015480.396265031] [stream_server]: Downlink connection closed
[2025-10-21 11:58:20.635336][stream_server-2][STDERR] [INFO] [1761015500.635021077] [stream_server]: Uplink client connected from ('127.0.0.1', 58344)
[2025-10-21 11:58:20.635782][stream_server-2][STDERR] [INFO] [1761015500.635604396] [stream_server]: Downlink client connected from ('127.0.0.1', 57660)
[2025-10-21 12:00:32.886364][stream_server-2][STDERR] [INFO] [1761015632.885964807] [stream_server]: Downlink connection closed
[2025-10-21 12:00:33.887404][stream_server-2][STDERR] [INFO] [1761015633.886998837] [stream_server]: Downlink client connected from ('127.0.0.1', 32856)
[2025-10-21 12:00:35.372550][stream_server-2][STDERR] [INFO] [1761015635.372159374] [stream_server]: Uplink session summary: in=64004297 bytes, out=0 bytes
[2025-10-21 12:00:35.706981][stream_server-2][STDERR] [INFO] [1761015635.706657946] [stream_server]: Server session report saved to logs/server_report_20251021_120035.html
[2025-10-21 12:00:35.707423][stream_server-2][STDERR] [INFO] [1761015635.707162406] [stream_server]: Uplink connection closed by peer
[2025-10-21 12:00:35.708763][stream_server-2][STDERR] [INFO] [1761015635.708527771] [stream_server]: Uplink session finished
[2025-10-21 12:00:36.891366][stream_server-2][STDERR] [INFO] [1761015636.891045706] [stream_server]: Downlink connection closed
[2025-10-21 12:04:20.601036][static_transform_publisher-4][STDERR] [INFO] [1761015860.597156225] [rclcpp]: signal_handler(signum=2)
[2025-10-21 12:04:20.601912][static_transform_publisher-3][STDERR] [INFO] [1761015860.597151617] [rclcpp]: signal_handler(signum=2)
[2025-10-21 12:04:20.602265][robot_state_publisher-1][STDERR] [INFO] [1761015860.597151646] [rclcpp]: signal_handler(signum=2)
