# 로그 생성 정보
# 명령어: ros2 launch draco_roundtrip server.launch.py use_sim_time:=true
# 생성 시각: 2025-10-21T15:04:24.895637
[2025-10-21 15:04:24.944899][static_transform_publisher-3][STDERR] [WARN] [1761026664.944431907] []: Old-style arguments are deprecated; see --help for new-style arguments
[2025-10-21 15:04:24.946051][static_transform_publisher-4][STDERR] [WARN] [1761026664.945673201] []: Old-style arguments are deprecated; see --help for new-style arguments
[2025-10-21 15:04:24.960093][static_transform_publisher-3][STDERR] [INFO] [1761026664.958233079] [static_map_to_odom]: Spinning until stopped - publishing transform
[2025-10-21 15:04:24.960093][static_transform_publisher-3][STDERR] translation: ('0.000000', '0.000000', '0.000000')
[2025-10-21 15:04:24.960093][static_transform_publisher-3][STDERR] rotation: ('0.000000', '0.000000', '0.000000', '1.000000')
[2025-10-21 15:04:24.960093][static_transform_publisher-3][STDERR] from 'map' to 'odom'
[2025-10-21 15:04:24.961138][robot_state_publisher-1][STDERR] [INFO] [1761026664.958961268] [robot_state_publisher]: got segment base_link
[2025-10-21 15:04:24.961138][robot_state_publisher-1][STDERR] [INFO] [1761026664.959032823] [robot_state_publisher]: got segment lidar_frame
[2025-10-21 15:04:24.964455][static_transform_publisher-4][STDERR] [INFO] [1761026664.963391169] [static_odom_to_base_link]: Spinning until stopped - publishing transform
[2025-10-21 15:04:24.964455][static_transform_publisher-4][STDERR] translation: ('0.000000', '0.000000', '0.000000')
[2025-10-21 15:04:24.964455][static_transform_publisher-4][STDERR] rotation: ('0.000000', '0.000000', '0.000000', '1.000000')
[2025-10-21 15:04:24.964455][static_transform_publisher-4][STDERR] from 'odom' to 'base_link'
[2025-10-21 15:04:27.513512][stream_server-2][STDERR] [INFO] [1761026667.513202199] [stream_server]: Listening for uplink on 0.0.0.0:5000
[2025-10-21 15:04:27.513881][stream_server-2][STDERR] [INFO] [1761026667.513332751] [stream_server]: Listening for downlink on 0.0.0.0:5001
[2025-10-21 15:04:33.874133][stream_server-2][STDERR] [INFO] [1761026673.873822025] [stream_server]: Uplink client connected from ('127.0.0.1', 53732)
[2025-10-21 15:04:33.874609][stream_server-2][STDERR] [INFO] [1761026673.874384768] [stream_server]: Downlink client connected from ('127.0.0.1', 48802)
[2025-10-21 15:05:17.796256][stream_server-2][STDERR] [INFO] [1761026717.795822001] [stream_server]: Uplink session summary: in=20092262 bytes, out=0 bytes
[2025-10-21 15:05:17.830249][stream_server-2][STDERR] /home/kkit/newdisk/draco_tcpip/ros2_ws/install/draco_roundtrip/local/lib/python3.10/dist-packages/draco_roundtrip/nodes/stream_server.py:437: UserWarning: Glyph 54532 (\N{HANGUL SYLLABLE PEU}) missing from current font.
[2025-10-21 15:05:17.830249][stream_server-2][STDERR]   fig.tight_layout()
[2025-10-21 15:05:17.830741][stream_server-2][STDERR] /home/kkit/newdisk/draco_tcpip/ros2_ws/install/draco_roundtrip/local/lib/python3.10/dist-packages/draco_roundtrip/nodes/stream_server.py:437: UserWarning: Glyph 47112 (\N{HANGUL SYLLABLE RE}) missing from current font.
[2025-10-21 15:05:17.830741][stream_server-2][STDERR]   fig.tight_layout()
[2025-10-21 15:05:17.830741][stream_server-2][STDERR] /home/kkit/newdisk/draco_tcpip/ros2_ws/install/draco_roundtrip/local/lib/python3.10/dist-packages/draco_roundtrip/nodes/stream_server.py:437: UserWarning: Glyph 51076 (\N{HANGUL SYLLABLE IM}) missing from current font.
[2025-10-21 15:05:17.830741][stream_server-2][STDERR]   fig.tight_layout()
[2025-10-21 15:05:17.830741][stream_server-2][STDERR] /home/kkit/newdisk/draco_tcpip/ros2_ws/install/draco_roundtrip/local/lib/python3.10/dist-packages/draco_roundtrip/nodes/stream_server.py:437: UserWarning: Glyph 49692 (\N{HANGUL SYLLABLE SUN}) missing from current font.
[2025-10-21 15:05:17.830741][stream_server-2][STDERR]   fig.tight_layout()
[2025-10-21 15:05:17.830741][stream_server-2][STDERR] /home/kkit/newdisk/draco_tcpip/ros2_ws/install/draco_roundtrip/local/lib/python3.10/dist-packages/draco_roundtrip/nodes/stream_server.py:437: UserWarning: Glyph 49436 (\N{HANGUL SYLLABLE SEO}) missing from current font.
[2025-10-21 15:05:17.830741][stream_server-2][STDERR]   fig.tight_layout()
[2025-10-21 15:05:17.839479][stream_server-2][STDERR] /home/kkit/newdisk/draco_tcpip/ros2_ws/install/draco_roundtrip/local/lib/python3.10/dist-packages/draco_roundtrip/nodes/stream_server.py:437: UserWarning: Glyph 51648 (\N{HANGUL SYLLABLE JI}) missing from current font.
[2025-10-21 15:05:17.839479][stream_server-2][STDERR]   fig.tight_layout()
[2025-10-21 15:05:17.839842][stream_server-2][STDERR] /home/kkit/newdisk/draco_tcpip/ros2_ws/install/draco_roundtrip/local/lib/python3.10/dist-packages/draco_roundtrip/nodes/stream_server.py:437: UserWarning: Glyph 50672 (\N{HANGUL SYLLABLE YEON}) missing from current font.
[2025-10-21 15:05:17.839842][stream_server-2][STDERR]   fig.tight_layout()
[2025-10-21 15:05:17.840160][stream_server-2][STDERR] /home/kkit/newdisk/draco_tcpip/ros2_ws/install/draco_roundtrip/local/lib/python3.10/dist-packages/draco_roundtrip/nodes/stream_server.py:437: UserWarning: Glyph 49884 (\N{HANGUL SYLLABLE SI}) missing from current font.
[2025-10-21 15:05:17.840160][stream_server-2][STDERR]   fig.tight_layout()
[2025-10-21 15:05:17.840160][stream_server-2][STDERR] /home/kkit/newdisk/draco_tcpip/ros2_ws/install/draco_roundtrip/local/lib/python3.10/dist-packages/draco_roundtrip/nodes/stream_server.py:437: UserWarning: Glyph 44036 (\N{HANGUL SYLLABLE GAN}) missing from current font.
[2025-10-21 15:05:17.840160][stream_server-2][STDERR]   fig.tight_layout()
[2025-10-21 15:05:17.844702][stream_server-2][STDERR] /home/kkit/newdisk/draco_tcpip/ros2_ws/install/draco_roundtrip/local/lib/python3.10/dist-packages/draco_roundtrip/nodes/stream_server.py:437: UserWarning: Glyph 48324 (\N{HANGUL SYLLABLE BYEOL}) missing from current font.
[2025-10-21 15:05:17.844702][stream_server-2][STDERR]   fig.tight_layout()
[2025-10-21 15:05:17.845077][stream_server-2][STDERR] /home/kkit/newdisk/draco_tcpip/ros2_ws/install/draco_roundtrip/local/lib/python3.10/dist-packages/draco_roundtrip/nodes/stream_server.py:437: UserWarning: Glyph 51333 (\N{HANGUL SYLLABLE JONG}) missing from current font.
[2025-10-21 15:05:17.845077][stream_server-2][STDERR]   fig.tight_layout()
[2025-10-21 15:05:17.845077][stream_server-2][STDERR] /home/kkit/newdisk/draco_tcpip/ros2_ws/install/draco_roundtrip/local/lib/python3.10/dist-packages/draco_roundtrip/nodes/stream_server.py:437: UserWarning: Glyph 45800 (\N{HANGUL SYLLABLE DAN}) missing from current font.
[2025-10-21 15:05:17.845077][stream_server-2][STDERR]   fig.tight_layout()
[2025-10-21 15:05:17.859784][stream_server-2][STDERR] /home/kkit/newdisk/draco_tcpip/ros2_ws/install/draco_roundtrip/local/lib/python3.10/dist-packages/draco_roundtrip/nodes/stream_server.py:440: UserWarning: Glyph 54532 (\N{HANGUL SYLLABLE PEU}) missing from current font.
[2025-10-21 15:05:17.859784][stream_server-2][STDERR]   fig.savefig(buf, format="png")
[2025-10-21 15:05:17.860341][stream_server-2][STDERR] /home/kkit/newdisk/draco_tcpip/ros2_ws/install/draco_roundtrip/local/lib/python3.10/dist-packages/draco_roundtrip/nodes/stream_server.py:440: UserWarning: Glyph 47112 (\N{HANGUL SYLLABLE RE}) missing from current font.
[2025-10-21 15:05:17.860341][stream_server-2][STDERR]   fig.savefig(buf, format="png")
[2025-10-21 15:05:17.860341][stream_server-2][STDERR] /home/kkit/newdisk/draco_tcpip/ros2_ws/install/draco_roundtrip/local/lib/python3.10/dist-packages/draco_roundtrip/nodes/stream_server.py:440: UserWarning: Glyph 51076 (\N{HANGUL SYLLABLE IM}) missing from current font.
[2025-10-21 15:05:17.860341][stream_server-2][STDERR]   fig.savefig(buf, format="png")
[2025-10-21 15:05:17.860341][stream_server-2][STDERR] /home/kkit/newdisk/draco_tcpip/ros2_ws/install/draco_roundtrip/local/lib/python3.10/dist-packages/draco_roundtrip/nodes/stream_server.py:440: UserWarning: Glyph 49692 (\N{HANGUL SYLLABLE SUN}) missing from current font.
[2025-10-21 15:05:17.860341][stream_server-2][STDERR]   fig.savefig(buf, format="png")
[2025-10-21 15:05:17.860341][stream_server-2][STDERR] /home/kkit/newdisk/draco_tcpip/ros2_ws/install/draco_roundtrip/local/lib/python3.10/dist-packages/draco_roundtrip/nodes/stream_server.py:440: UserWarning: Glyph 49436 (\N{HANGUL SYLLABLE SEO}) missing from current font.
[2025-10-21 15:05:17.860341][stream_server-2][STDERR]   fig.savefig(buf, format="png")
[2025-10-21 15:05:17.867547][stream_server-2][STDERR] /home/kkit/newdisk/draco_tcpip/ros2_ws/install/draco_roundtrip/local/lib/python3.10/dist-packages/draco_roundtrip/nodes/stream_server.py:440: UserWarning: Glyph 51648 (\N{HANGUL SYLLABLE JI}) missing from current font.
[2025-10-21 15:05:17.867547][stream_server-2][STDERR]   fig.savefig(buf, format="png")
[2025-10-21 15:05:17.867981][stream_server-2][STDERR] /home/kkit/newdisk/draco_tcpip/ros2_ws/install/draco_roundtrip/local/lib/python3.10/dist-packages/draco_roundtrip/nodes/stream_server.py:440: UserWarning: Glyph 50672 (\N{HANGUL SYLLABLE YEON}) missing from current font.
[2025-10-21 15:05:17.867981][stream_server-2][STDERR]   fig.savefig(buf, format="png")
[2025-10-21 15:05:17.867981][stream_server-2][STDERR] /home/kkit/newdisk/draco_tcpip/ros2_ws/install/draco_roundtrip/local/lib/python3.10/dist-packages/draco_roundtrip/nodes/stream_server.py:440: UserWarning: Glyph 49884 (\N{HANGUL SYLLABLE SI}) missing from current font.
[2025-10-21 15:05:17.867981][stream_server-2][STDERR]   fig.savefig(buf, format="png")
[2025-10-21 15:05:17.867981][stream_server-2][STDERR] /home/kkit/newdisk/draco_tcpip/ros2_ws/install/draco_roundtrip/local/lib/python3.10/dist-packages/draco_roundtrip/nodes/stream_server.py:440: UserWarning: Glyph 44036 (\N{HANGUL SYLLABLE GAN}) missing from current font.
[2025-10-21 15:05:17.867981][stream_server-2][STDERR]   fig.savefig(buf, format="png")
[2025-10-21 15:05:17.872276][stream_server-2][STDERR] /home/kkit/newdisk/draco_tcpip/ros2_ws/install/draco_roundtrip/local/lib/python3.10/dist-packages/draco_roundtrip/nodes/stream_server.py:440: UserWarning: Glyph 48324 (\N{HANGUL SYLLABLE BYEOL}) missing from current font.
[2025-10-21 15:05:17.872276][stream_server-2][STDERR]   fig.savefig(buf, format="png")
[2025-10-21 15:05:17.872713][stream_server-2][STDERR] /home/kkit/newdisk/draco_tcpip/ros2_ws/install/draco_roundtrip/local/lib/python3.10/dist-packages/draco_roundtrip/nodes/stream_server.py:440: UserWarning: Glyph 51333 (\N{HANGUL SYLLABLE JONG}) missing from current font.
[2025-10-21 15:05:17.872713][stream_server-2][STDERR]   fig.savefig(buf, format="png")
[2025-10-21 15:05:17.872713][stream_server-2][STDERR] /home/kkit/newdisk/draco_tcpip/ros2_ws/install/draco_roundtrip/local/lib/python3.10/dist-packages/draco_roundtrip/nodes/stream_server.py:440: UserWarning: Glyph 45800 (\N{HANGUL SYLLABLE DAN}) missing from current font.
[2025-10-21 15:05:17.872713][stream_server-2][STDERR]   fig.savefig(buf, format="png")
[2025-10-21 15:05:17.942811][stream_server-2][STDERR] /home/kkit/newdisk/draco_tcpip/ros2_ws/install/draco_roundtrip/local/lib/python3.10/dist-packages/draco_roundtrip/nodes/stream_server.py:437: UserWarning: Glyph 50517 (\N{HANGUL SYLLABLE AB}) missing from current font.
[2025-10-21 15:05:17.942811][stream_server-2][STDERR]   fig.tight_layout()
[2025-10-21 15:05:17.943184][stream_server-2][STDERR] /home/kkit/newdisk/draco_tcpip/ros2_ws/install/draco_roundtrip/local/lib/python3.10/dist-packages/draco_roundtrip/nodes/stream_server.py:437: UserWarning: Glyph 52629 (\N{HANGUL SYLLABLE CUG}) missing from current font.
[2025-10-21 15:05:17.943184][stream_server-2][STDERR]   fig.tight_layout()
[2025-10-21 15:05:17.943644][stream_server-2][STDERR] /home/kkit/newdisk/draco_tcpip/ros2_ws/install/draco_roundtrip/local/lib/python3.10/dist-packages/draco_roundtrip/nodes/stream_server.py:437: UserWarning: Glyph 46108 (\N{HANGUL SYLLABLE DOEN}) missing from current font.
[2025-10-21 15:05:17.943644][stream_server-2][STDERR]   fig.tight_layout()
[2025-10-21 15:05:17.943644][stream_server-2][STDERR] /home/kkit/newdisk/draco_tcpip/ros2_ws/install/draco_roundtrip/local/lib/python3.10/dist-packages/draco_roundtrip/nodes/stream_server.py:437: UserWarning: Glyph 53356 (\N{HANGUL SYLLABLE KEU}) missing from current font.
[2025-10-21 15:05:17.943644][stream_server-2][STDERR]   fig.tight_layout()
[2025-10-21 15:05:17.943644][stream_server-2][STDERR] /home/kkit/newdisk/draco_tcpip/ros2_ws/install/draco_roundtrip/local/lib/python3.10/dist-packages/draco_roundtrip/nodes/stream_server.py:437: UserWarning: Glyph 44592 (\N{HANGUL SYLLABLE GI}) missing from current font.
[2025-10-21 15:05:17.943644][stream_server-2][STDERR]   fig.tight_layout()
[2025-10-21 15:05:17.944213][stream_server-2][STDERR] /home/kkit/newdisk/draco_tcpip/ros2_ws/install/draco_roundtrip/local/lib/python3.10/dist-packages/draco_roundtrip/nodes/stream_server.py:437: UserWarning: Glyph 52376 (\N{HANGUL SYLLABLE CEO}) missing from current font.
[2025-10-21 15:05:17.944213][stream_server-2][STDERR]   fig.tight_layout()
[2025-10-21 15:05:17.944213][stream_server-2][STDERR] /home/kkit/newdisk/draco_tcpip/ros2_ws/install/draco_roundtrip/local/lib/python3.10/dist-packages/draco_roundtrip/nodes/stream_server.py:437: UserWarning: Glyph 47532 (\N{HANGUL SYLLABLE RI}) missing from current font.
[2025-10-21 15:05:17.944213][stream_server-2][STDERR]   fig.tight_layout()
[2025-10-21 15:05:17.944213][stream_server-2][STDERR] /home/kkit/newdisk/draco_tcpip/ros2_ws/install/draco_roundtrip/local/lib/python3.10/dist-packages/draco_roundtrip/nodes/stream_server.py:437: UserWarning: Glyph 47049 (\N{HANGUL SYLLABLE RYANG}) missing from current font.
[2025-10-21 15:05:17.944213][stream_server-2][STDERR]   fig.tight_layout()
[2025-10-21 15:05:17.962201][stream_server-2][STDERR] /home/kkit/newdisk/draco_tcpip/ros2_ws/install/draco_roundtrip/local/lib/python3.10/dist-packages/draco_roundtrip/nodes/stream_server.py:440: UserWarning: Glyph 50517 (\N{HANGUL SYLLABLE AB}) missing from current font.
[2025-10-21 15:05:17.962201][stream_server-2][STDERR]   fig.savefig(buf, format="png")
[2025-10-21 15:05:17.962776][stream_server-2][STDERR] /home/kkit/newdisk/draco_tcpip/ros2_ws/install/draco_roundtrip/local/lib/python3.10/dist-packages/draco_roundtrip/nodes/stream_server.py:440: UserWarning: Glyph 52629 (\N{HANGUL SYLLABLE CUG}) missing from current font.
[2025-10-21 15:05:17.962776][stream_server-2][STDERR]   fig.savefig(buf, format="png")
[2025-10-21 15:05:17.962776][stream_server-2][STDERR] /home/kkit/newdisk/draco_tcpip/ros2_ws/install/draco_roundtrip/local/lib/python3.10/dist-packages/draco_roundtrip/nodes/stream_server.py:440: UserWarning: Glyph 46108 (\N{HANGUL SYLLABLE DOEN}) missing from current font.
[2025-10-21 15:05:17.962776][stream_server-2][STDERR]   fig.savefig(buf, format="png")
[2025-10-21 15:05:17.962776][stream_server-2][STDERR] /home/kkit/newdisk/draco_tcpip/ros2_ws/install/draco_roundtrip/local/lib/python3.10/dist-packages/draco_roundtrip/nodes/stream_server.py:440: UserWarning: Glyph 53356 (\N{HANGUL SYLLABLE KEU}) missing from current font.
[2025-10-21 15:05:17.962776][stream_server-2][STDERR]   fig.savefig(buf, format="png")
[2025-10-21 15:05:17.962776][stream_server-2][STDERR] /home/kkit/newdisk/draco_tcpip/ros2_ws/install/draco_roundtrip/local/lib/python3.10/dist-packages/draco_roundtrip/nodes/stream_server.py:440: UserWarning: Glyph 44592 (\N{HANGUL SYLLABLE GI}) missing from current font.
[2025-10-21 15:05:17.962776][stream_server-2][STDERR]   fig.savefig(buf, format="png")
[2025-10-21 15:05:17.966136][stream_server-2][STDERR] /home/kkit/newdisk/draco_tcpip/ros2_ws/install/draco_roundtrip/local/lib/python3.10/dist-packages/draco_roundtrip/nodes/stream_server.py:440: UserWarning: Glyph 52376 (\N{HANGUL SYLLABLE CEO}) missing from current font.
[2025-10-21 15:05:17.966136][stream_server-2][STDERR]   fig.savefig(buf, format="png")
[2025-10-21 15:05:17.966602][stream_server-2][STDERR] /home/kkit/newdisk/draco_tcpip/ros2_ws/install/draco_roundtrip/local/lib/python3.10/dist-packages/draco_roundtrip/nodes/stream_server.py:440: UserWarning: Glyph 47532 (\N{HANGUL SYLLABLE RI}) missing from current font.
[2025-10-21 15:05:17.966602][stream_server-2][STDERR]   fig.savefig(buf, format="png")
[2025-10-21 15:05:17.966602][stream_server-2][STDERR] /home/kkit/newdisk/draco_tcpip/ros2_ws/install/draco_roundtrip/local/lib/python3.10/dist-packages/draco_roundtrip/nodes/stream_server.py:440: UserWarning: Glyph 47049 (\N{HANGUL SYLLABLE RYANG}) missing from current font.
[2025-10-21 15:05:17.966602][stream_server-2][STDERR]   fig.savefig(buf, format="png")
[2025-10-21 15:05:18.084434][stream_server-2][STDERR] /home/kkit/newdisk/draco_tcpip/ros2_ws/install/draco_roundtrip/local/lib/python3.10/dist-packages/draco_roundtrip/nodes/stream_server.py:437: UserWarning: Glyph 48708 (\N{HANGUL SYLLABLE BI}) missing from current font.
[2025-10-21 15:05:18.084434][stream_server-2][STDERR]   fig.tight_layout()
[2025-10-21 15:05:18.084766][stream_server-2][STDERR] /home/kkit/newdisk/draco_tcpip/ros2_ws/install/draco_roundtrip/local/lib/python3.10/dist-packages/draco_roundtrip/nodes/stream_server.py:437: UserWarning: Glyph 50984 (\N{HANGUL SYLLABLE YUL}) missing from current font.
[2025-10-21 15:05:18.084766][stream_server-2][STDERR]   fig.tight_layout()
[2025-10-21 15:05:18.085235][stream_server-2][STDERR] /home/kkit/newdisk/draco_tcpip/ros2_ws/install/draco_roundtrip/local/lib/python3.10/dist-packages/draco_roundtrip/nodes/stream_server.py:437: UserWarning: Glyph 47456 (\N{HANGUL SYLLABLE RYUL}) missing from current font.
[2025-10-21 15:05:18.085235][stream_server-2][STDERR]   fig.tight_layout()
[2025-10-21 15:05:18.104979][stream_server-2][STDERR] /home/kkit/newdisk/draco_tcpip/ros2_ws/install/draco_roundtrip/local/lib/python3.10/dist-packages/draco_roundtrip/nodes/stream_server.py:440: UserWarning: Glyph 48708 (\N{HANGUL SYLLABLE BI}) missing from current font.
[2025-10-21 15:05:18.104979][stream_server-2][STDERR]   fig.savefig(buf, format="png")
[2025-10-21 15:05:18.105302][stream_server-2][STDERR] /home/kkit/newdisk/draco_tcpip/ros2_ws/install/draco_roundtrip/local/lib/python3.10/dist-packages/draco_roundtrip/nodes/stream_server.py:440: UserWarning: Glyph 50984 (\N{HANGUL SYLLABLE YUL}) missing from current font.
[2025-10-21 15:05:18.105302][stream_server-2][STDERR]   fig.savefig(buf, format="png")
[2025-10-21 15:05:18.107513][stream_server-2][STDERR] /home/kkit/newdisk/draco_tcpip/ros2_ws/install/draco_roundtrip/local/lib/python3.10/dist-packages/draco_roundtrip/nodes/stream_server.py:440: UserWarning: Glyph 47456 (\N{HANGUL SYLLABLE RYUL}) missing from current font.
[2025-10-21 15:05:18.107513][stream_server-2][STDERR]   fig.savefig(buf, format="png")
[2025-10-21 15:05:18.143754][stream_server-2][STDERR] [INFO] [1761026718.143376383] [stream_server]: Server session report saved to logs/server_report_20251021_150518.html
[2025-10-21 15:05:18.144225][stream_server-2][STDERR] [INFO] [1761026718.144010797] [stream_server]: Uplink connection closed by peer
[2025-10-21 15:05:18.144803][stream_server-2][STDERR] [INFO] [1761026718.144576520] [stream_server]: Uplink session finished
[2025-10-21 15:05:19.790582][stream_server-2][STDERR] [INFO] [1761026719.790098883] [stream_server]: Downlink connection closed
[2025-10-21 15:05:36.254132][stream_server-2][STDERR] [INFO] [1761026736.253798439] [stream_server]: Downlink client connected from ('127.0.0.1', 49842)
[2025-10-21 15:05:36.254428][stream_server-2][STDERR] [INFO] [1761026736.253945011] [stream_server]: Uplink client connected from ('127.0.0.1', 49888)
[2025-10-21 15:06:01.984503][stream_server-2][STDERR] [INFO] [1761026761.984156457] [stream_server]: Uplink session summary: in=4513862 bytes, out=0 bytes
[2025-10-21 15:06:02.277060][stream_server-2][STDERR] [INFO] [1761026762.276591683] [stream_server]: Server session report saved to logs/server_report_20251021_150602.html
[2025-10-21 15:06:02.277610][stream_server-2][STDERR] [INFO] [1761026762.277370073] [stream_server]: Uplink connection closed by peer
[2025-10-21 15:06:02.278259][stream_server-2][STDERR] [INFO] [1761026762.278041449] [stream_server]: Uplink session finished
[2025-10-21 15:06:03.068443][stream_server-2][STDERR] [INFO] [1761026763.068102041] [stream_server]: Downlink connection closed
[2025-10-21 15:06:12.661117][stream_server-2][STDERR] [INFO] [1761026772.660707649] [stream_server]: Uplink client connected from ('127.0.0.1', 50828)
[2025-10-21 15:06:12.661606][stream_server-2][STDERR] [INFO] [1761026772.661028172] [stream_server]: Downlink client connected from ('127.0.0.1', 44708)
[2025-10-21 15:07:20.271681][stream_server-2][STDERR] [INFO] [1761026840.271364702] [stream_server]: Uplink session summary: in=9778962 bytes, out=0 bytes
[2025-10-21 15:07:20.583797][stream_server-2][STDERR] [INFO] [1761026840.583471033] [stream_server]: Server session report saved to logs/server_report_20251021_150720.html
[2025-10-21 15:07:20.584474][stream_server-2][STDERR] [INFO] [1761026840.584278999] [stream_server]: Uplink connection closed by peer
[2025-10-21 15:07:20.585355][stream_server-2][STDERR] [INFO] [1761026840.585090639] [stream_server]: Uplink session finished
[2025-10-21 15:07:22.296455][stream_server-2][STDERR] [INFO] [1761026842.296086505] [stream_server]: Downlink connection closed
[2025-10-21 15:07:28.887490][stream_server-2][STDERR] [INFO] [1761026848.887212856] [stream_server]: Downlink client connected from ('127.0.0.1', 49810)
[2025-10-21 15:07:28.887808][stream_server-2][STDERR] [INFO] [1761026848.887377381] [stream_server]: Uplink client connected from ('127.0.0.1', 33312)
[2025-10-21 15:08:45.768517][stream_server-2][STDERR] [INFO] [1761026925.768091729] [stream_server]: Downlink connection closed
[2025-10-21 15:08:46.769585][stream_server-2][STDERR] [INFO] [1761026926.769136116] [stream_server]: Downlink client connected from ('127.0.0.1', 47736)
[2025-10-21 15:08:48.585310][stream_server-2][STDERR] [INFO] [1761026928.584789613] [stream_server]: Uplink session summary: in=11469753 bytes, out=0 bytes
[2025-10-21 15:08:48.940229][stream_server-2][STDERR] [INFO] [1761026928.939828198] [stream_server]: Server session report saved to logs/server_report_20251021_150848.html
[2025-10-21 15:08:48.940664][stream_server-2][STDERR] [INFO] [1761026928.940449091] [stream_server]: Uplink connection closed by peer
[2025-10-21 15:08:48.941164][stream_server-2][STDERR] [INFO] [1761026928.941017679] [stream_server]: Uplink session finished
[2025-10-21 15:08:49.773329][stream_server-2][STDERR] [INFO] [1761026929.772820797] [stream_server]: Downlink connection closed
[2025-10-21 15:09:12.188769][stream_server-2][STDERR] [INFO] [1761026952.188424769] [stream_server]: Downlink client connected from ('127.0.0.1', 54958)
[2025-10-21 15:09:12.189116][stream_server-2][STDERR] [INFO] [1761026952.188613547] [stream_server]: Uplink client connected from ('127.0.0.1', 47560)
[2025-10-21 15:10:29.023404][stream_server-2][STDERR] [INFO] [1761027029.023055043] [stream_server]: Downlink connection closed
[2025-10-21 15:10:30.024534][stream_server-2][STDERR] [INFO] [1761027030.024062988] [stream_server]: Downlink client connected from ('127.0.0.1', 55312)
[2025-10-21 15:10:32.329866][stream_server-2][STDERR] [INFO] [1761027032.329465857] [stream_server]: Uplink session summary: in=11808910 bytes, out=0 bytes
[2025-10-21 15:10:32.632222][stream_server-2][STDERR] [INFO] [1761027032.631515463] [stream_server]: Server session report saved to logs/server_report_20251021_151032.html
[2025-10-21 15:10:32.633104][stream_server-2][STDERR] [INFO] [1761027032.632455183] [stream_server]: Uplink connection closed by peer
[2025-10-21 15:10:32.633903][stream_server-2][STDERR] [INFO] [1761027032.633587512] [stream_server]: Uplink session finished
[2025-10-21 15:10:33.025911][stream_server-2][STDERR] [INFO] [1761027033.025524003] [stream_server]: Downlink connection closed
[2025-10-21 15:12:11.055948][stream_server-2][STDERR] [INFO] [1761027131.055525055] [stream_server]: Downlink client connected from ('127.0.0.1', 52578)
[2025-10-21 15:12:11.056523][stream_server-2][STDERR] [INFO] [1761027131.056242511] [stream_server]: Uplink client connected from ('127.0.0.1', 48082)
[2025-10-21 15:12:36.800220][stream_server-2][STDERR] [INFO] [1761027156.799732425] [stream_server]: Uplink session summary: in=4718018 bytes, out=0 bytes
[2025-10-21 15:12:37.071256][stream_server-2][STDERR] [INFO] [1761027157.070945272] [stream_server]: Server session report saved to logs/server_report_20251021_151237.html
[2025-10-21 15:12:37.071900][stream_server-2][STDERR] [INFO] [1761027157.071525763] [stream_server]: Uplink connection closed by peer
[2025-10-21 15:12:37.072443][stream_server-2][STDERR] [INFO] [1761027157.072042830] [stream_server]: Uplink session finished
[2025-10-21 15:12:37.715078][stream_server-2][STDERR] [INFO] [1761027157.714693594] [stream_server]: Downlink connection closed
[2025-10-21 15:12:49.543814][stream_server-2][STDERR] [INFO] [1761027169.543433114] [stream_server]: Uplink client connected from ('127.0.0.1', 36442)
[2025-10-21 15:12:49.544266][stream_server-2][STDERR] [INFO] [1761027169.543658037] [stream_server]: Downlink client connected from ('127.0.0.1', 53108)
[2025-10-21 15:13:11.344769][stream_server-2][STDERR] [INFO] [1761027191.344337451] [stream_server]: Uplink session summary: in=4052222 bytes, out=0 bytes
[2025-10-21 15:13:11.646178][stream_server-2][STDERR] [INFO] [1761027191.645780484] [stream_server]: Server session report saved to logs/server_report_20251021_151311.html
[2025-10-21 15:13:11.646828][stream_server-2][STDERR] [INFO] [1761027191.646545681] [stream_server]: Uplink connection closed by peer
[2025-10-21 15:13:11.647830][stream_server-2][STDERR] [INFO] [1761027191.647551462] [stream_server]: Uplink session finished
[2025-10-21 15:13:12.518739][stream_server-2][STDERR] [INFO] [1761027192.518260838] [stream_server]: Downlink connection closed
[2025-10-21 15:13:24.479300][stream_server-2][STDERR] [INFO] [1761027204.478893338] [stream_server]: Uplink client connected from ('127.0.0.1', 60420)
[2025-10-21 15:13:24.479682][stream_server-2][STDERR] [INFO] [1761027204.479188755] [stream_server]: Downlink client connected from ('127.0.0.1', 55948)
[2025-10-21 15:13:55.276343][stream_server-2][STDERR] [INFO] [1761027235.275860204] [stream_server]: Uplink session summary: in=5319854 bytes, out=0 bytes
[2025-10-21 15:13:55.636238][stream_server-2][STDERR] [INFO] [1761027235.635838096] [stream_server]: Server session report saved to logs/server_report_20251021_151355.html
[2025-10-21 15:13:55.636817][stream_server-2][STDERR] [INFO] [1761027235.636579166] [stream_server]: Uplink connection closed by peer
[2025-10-21 15:13:55.639006][stream_server-2][STDERR] [INFO] [1761027235.638755182] [stream_server]: Uplink session finished
[2025-10-21 15:13:56.276246][stream_server-2][STDERR] [INFO] [1761027236.275689864] [stream_server]: Downlink connection closed
[2025-10-21 15:15:21.935649][stream_server-2][STDERR] [INFO] [1761027321.935266387] [stream_server]: Uplink client connected from ('127.0.0.1', 57810)
[2025-10-21 15:15:21.936145][stream_server-2][STDERR] [INFO] [1761027321.935825122] [stream_server]: Downlink client connected from ('127.0.0.1', 33796)
[2025-10-21 15:16:40.738315][stream_server-2][STDERR] [INFO] [1761027400.737685709] [stream_server]: Downlink connection closed
[2025-10-21 15:16:41.738963][stream_server-2][STDERR] [INFO] [1761027401.738612742] [stream_server]: Downlink client connected from ('127.0.0.1', 42206)
[2025-10-21 15:16:44.057589][stream_server-2][STDERR] [INFO] [1761027404.057203958] [stream_server]: Uplink session summary: in=11808910 bytes, out=0 bytes
[2025-10-21 15:16:44.454983][stream_server-2][STDERR] [INFO] [1761027404.454455359] [stream_server]: Server session report saved to logs/server_report_20251021_151644.html
[2025-10-21 15:16:44.455565][stream_server-2][STDERR] [INFO] [1761027404.455015048] [stream_server]: Uplink connection closed by peer
[2025-10-21 15:16:44.456080][stream_server-2][STDERR] [INFO] [1761027404.455682801] [stream_server]: Uplink session finished
[2025-10-21 15:16:44.742611][stream_server-2][STDERR] [INFO] [1761027404.742131632] [stream_server]: Downlink connection closed
[2025-10-21 15:38:22.169402][static_transform_publisher-3][STDERR] [INFO] [1761028702.165387422] [rclcpp]: signal_handler(signum=2)
[2025-10-21 15:38:22.169861][static_transform_publisher-4][STDERR] [INFO] [1761028702.165385930] [rclcpp]: signal_handler(signum=2)
[2025-10-21 15:38:22.170776][robot_state_publisher-1][STDERR] [INFO] [1761028702.165386418] [rclcpp]: signal_handler(signum=2)
