# 로그 생성 정보
# 명령어: ros2 launch draco_roundtrip server.launch.py use_sim_time:=true run_slam:=true
# 생성 시각: 2025-10-16T17:46:19.315748
[2025-10-16 17:46:19.412877][robot_state_publisher-1][STDERR] [INFO] [1760604379.411856936] [robot_state_publisher]: got segment base_link
[2025-10-16 17:46:19.412877][robot_state_publisher-1][STDERR] [INFO] [1760604379.411992859] [robot_state_publisher]: got segment lidar_frame
[2025-10-16 17:46:19.761159][time_jump_reset-5][STDERR] [WARN] [1760604379.760645822] [time_jump_reset]: icp_odometry 노드의 change_state 서비스가 아직 발견되지 않았습니다. 추후 재시도합니다.
[2025-10-16 17:46:19.763291][time_jump_reset-5][STDERR] [WARN] [1760604379.761788820] [time_jump_reset]: rtabmap 노드의 change_state 서비스가 아직 발견되지 않았습니다. 추후 재시도합니다.
[2025-10-16 17:46:19.765364][time_jump_reset-5][STDERR] [INFO] [1760604379.765052171] [time_jump_reset]: 라이프사이클 매니저 시작. 관리 대상: ['icp_odometry', 'rtabmap']
[2025-10-16 17:46:19.828162][icp_odometry-3][STDERR] [INFO] [1760604379.827754516] [icp_odometry]: Odometry: frame_id               = base_link
[2025-10-16 17:46:19.830244][icp_odometry-3][STDERR] [INFO] [1760604379.827910144] [icp_odometry]: Odometry: odom_frame_id          = odom
[2025-10-16 17:46:19.830244][icp_odometry-3][STDERR] [INFO] [1760604379.827934630] [icp_odometry]: Odometry: publish_tf             = true
[2025-10-16 17:46:19.830244][icp_odometry-3][STDERR] [INFO] [1760604379.827944001] [icp_odometry]: Odometry: wait_for_transform     = 0.500000
[2025-10-16 17:46:19.830244][icp_odometry-3][STDERR] [INFO] [1760604379.827960584] [icp_odometry]: Odometry: log_to_rosout_level    = 4
[2025-10-16 17:46:19.830244][icp_odometry-3][STDERR] [INFO] [1760604379.827981678] [icp_odometry]: Odometry: initial_pose           = xyz=0.000000,0.000000,0.000000 rpy=0.000000,-0.000000,0.000000
[2025-10-16 17:46:19.830244][icp_odometry-3][STDERR] [INFO] [1760604379.827990398] [icp_odometry]: Odometry: ground_truth_frame_id  = 
[2025-10-16 17:46:19.830244][icp_odometry-3][STDERR] [INFO] [1760604379.828000559] [icp_odometry]: Odometry: ground_truth_base_frame_id = base_link
[2025-10-16 17:46:19.830244][icp_odometry-3][STDERR] [INFO] [1760604379.828007881] [icp_odometry]: Odometry: config_path            = 
[2025-10-16 17:46:19.830244][icp_odometry-3][STDERR] [INFO] [1760604379.828014886] [icp_odometry]: Odometry: publish_null_when_lost = true
[2025-10-16 17:46:19.830244][icp_odometry-3][STDERR] [INFO] [1760604379.828021973] [icp_odometry]: Odometry: publish_compressed_sensor_data = false
[2025-10-16 17:46:19.830244][icp_odometry-3][STDERR] [INFO] [1760604379.828028942] [icp_odometry]: Odometry: guess_frame_id         = 
[2025-10-16 17:46:19.830244][icp_odometry-3][STDERR] [INFO] [1760604379.828041435] [icp_odometry]: Odometry: guess_min_translation  = 0.000000
[2025-10-16 17:46:19.830244][icp_odometry-3][STDERR] [INFO] [1760604379.828050151] [icp_odometry]: Odometry: guess_min_rotation     = 0.000000
[2025-10-16 17:46:19.830244][icp_odometry-3][STDERR] [INFO] [1760604379.828057696] [icp_odometry]: Odometry: guess_min_time         = 0.000000
[2025-10-16 17:46:19.830244][icp_odometry-3][STDERR] [INFO] [1760604379.828067665] [icp_odometry]: Odometry: guess_linear_variance  = 0.001000
[2025-10-16 17:46:19.830244][icp_odometry-3][STDERR] [INFO] [1760604379.828076014] [icp_odometry]: Odometry: guess_angular_variance = 0.001000
[2025-10-16 17:46:19.830244][icp_odometry-3][STDERR] [INFO] [1760604379.828083667] [icp_odometry]: Odometry: expected_update_rate   = 0.000000 Hz
[2025-10-16 17:46:19.830244][icp_odometry-3][STDERR] [INFO] [1760604379.828091328] [icp_odometry]: Odometry: max_update_rate        = 0.000000 Hz
[2025-10-16 17:46:19.830244][icp_odometry-3][STDERR] [INFO] [1760604379.828098752] [icp_odometry]: Odometry: min_update_rate        = 0.000000 Hz
[2025-10-16 17:46:19.830244][icp_odometry-3][STDERR] [INFO] [1760604379.828106175] [icp_odometry]: Odometry: wait_imu_to_init       = false
[2025-10-16 17:46:19.830244][icp_odometry-3][STDERR] [INFO] [1760604379.828113477] [icp_odometry]: Odometry: always_check_imu_tf    = true
[2025-10-16 17:46:19.830244][icp_odometry-3][STDERR] [INFO] [1760604379.828120492] [icp_odometry]: Odometry: sensor_data_compression_format = .jpg
[2025-10-16 17:46:19.830244][icp_odometry-3][STDERR] [INFO] [1760604379.828127529] [icp_odometry]: Odometry: sensor_data_parallel_compression = true
[2025-10-16 17:46:19.830244][icp_odometry-3][STDERR] [INFO] [1760604379.828146208] [icp_odometry]: Odometry: stereoParams_=0 visParams_=0 icpParams_=1
[2025-10-16 17:46:19.831156][icp_odometry-3][STDERR] [INFO] [1760604379.829208531] [icp_odometry]: Setting odometry parameter "Icp/CorrespondenceRatio"="0.07"
[2025-10-16 17:46:19.831156][icp_odometry-3][STDERR] [INFO] [1760604379.829503510] [icp_odometry]: Setting odometry parameter "Icp/Epsilon"="0.001"
[2025-10-16 17:46:19.831156][icp_odometry-3][STDERR] [INFO] [1760604379.829820823] [icp_odometry]: Setting odometry parameter "Icp/MaxRotation"="1.0"
[2025-10-16 17:46:19.831156][icp_odometry-3][STDERR] [INFO] [1760604379.829912893] [icp_odometry]: Setting odometry parameter "Icp/MaxTranslation"="0.35"
[2025-10-16 17:46:19.831156][icp_odometry-3][STDERR] [INFO] [1760604379.830400412] [icp_odometry]: Setting odometry parameter "Icp/PointToPlaneK"="20"
[2025-10-16 17:46:19.832028][icp_odometry-3][STDERR] [INFO] [1760604379.830637430] [icp_odometry]: Setting odometry parameter "Icp/PointToPlaneRadius"="0"
[2025-10-16 17:46:19.832028][icp_odometry-3][STDERR] [INFO] [1760604379.830953777] [icp_odometry]: Setting odometry parameter "Icp/VoxelSize"="0.12"
[2025-10-16 17:46:19.832028][icp_odometry-3][STDERR] [INFO] [1760604379.831317552] [icp_odometry]: Setting odometry parameter "Odom/GuessMotion"="false"
[2025-10-16 17:46:19.832825][icp_odometry-3][STDERR] [INFO] [1760604379.832043021] [icp_odometry]: Setting odometry parameter "Odom/ResetCountdown"="3"
[2025-10-16 17:46:19.832825][icp_odometry-3][STDERR] [INFO] [1760604379.832127529] [icp_odometry]: Setting odometry parameter "Odom/ScanKeyFrameThr"="0.4"
[2025-10-16 17:46:19.832825][icp_odometry-3][STDERR] [INFO] [1760604379.832311648] [icp_odometry]: Setting odometry parameter "OdomF2M/BundleAdjustment"="false"
[2025-10-16 17:46:19.833566][icp_odometry-3][STDERR] [INFO] [1760604379.832825893] [icp_odometry]: Setting odometry parameter "OdomF2M/ScanMaxSize"="15000"
[2025-10-16 17:46:19.833566][icp_odometry-3][STDERR] [INFO] [1760604379.833020353] [icp_odometry]: Setting odometry parameter "OdomF2M/ScanSubtractRadius"="0.2"
[2025-10-16 17:46:19.843210][icp_odometry-3][STDERR] [WARN] [1760604379.842680489] [icp_odometry]: IcpOdometry: Transferring value 0.12 of "Icp/VoxelSize" to ros parameter "scan_voxel_size" for convenience. "Icp/VoxelSize" is set to 0.
[2025-10-16 17:46:19.843210][icp_odometry-3][STDERR] [WARN] [1760604379.842738564] [icp_odometry]: IcpOdometry: Transferring value 20 of "Icp/PointToPlaneK" to ros parameter "scan_normal_k" for convenience.
[2025-10-16 17:46:19.858105][icp_odometry-3][STDERR] [INFO] [1760604379.853488642] [icp_odometry]: IcpOdometry: qos                    = 0
[2025-10-16 17:46:19.858105][icp_odometry-3][STDERR] [INFO] [1760604379.853545964] [icp_odometry]: IcpOdometry: scan_cloud_max_points  = -1
[2025-10-16 17:46:19.859592][icp_odometry-3][STDERR] [INFO] [1760604379.853606884] [icp_odometry]: IcpOdometry: scan_cloud_is_2d       = false
[2025-10-16 17:46:19.859592][icp_odometry-3][STDERR] [INFO] [1760604379.853627144] [icp_odometry]: IcpOdometry: scan_downsampling_step = 1
[2025-10-16 17:46:19.859592][icp_odometry-3][STDERR] [INFO] [1760604379.853648036] [icp_odometry]: IcpOdometry: scan_range_min         = 0.000000 m
[2025-10-16 17:46:19.859592][icp_odometry-3][STDERR] [INFO] [1760604379.853666746] [icp_odometry]: IcpOdometry: scan_range_max         = 0.000000 m
[2025-10-16 17:46:19.859592][icp_odometry-3][STDERR] [INFO] [1760604379.853677304] [icp_odometry]: IcpOdometry: scan_voxel_size        = 0.120000 m
[2025-10-16 17:46:19.862319][icp_odometry-3][STDERR] [INFO] [1760604379.853687949] [icp_odometry]: IcpOdometry: scan_normal_k          = 20
[2025-10-16 17:46:19.862319][icp_odometry-3][STDERR] [INFO] [1760604379.853697309] [icp_odometry]: IcpOdometry: scan_normal_radius     = 0.000000 m
[2025-10-16 17:46:19.862319][icp_odometry-3][STDERR] [INFO] [1760604379.853707203] [icp_odometry]: IcpOdometry: scan_normal_ground_up  = 0.000000
[2025-10-16 17:46:19.862319][icp_odometry-3][STDERR] [INFO] [1760604379.853717001] [icp_odometry]: IcpOdometry: deskewing              = false
[2025-10-16 17:46:19.862319][icp_odometry-3][STDERR] [INFO] [1760604379.853726618] [icp_odometry]: IcpOdometry: deskewing_slerp        = false
[2025-10-16 17:46:19.862319][icp_odometry-3][STDERR] [INFO] [1760604379.853739047] [icp_odometry]: IcpOdometry: topic_queue_size       = 1
[2025-10-16 17:46:19.862319][icp_odometry-3][STDERR] [INFO] [1760604379.856962812] [icp_odometry]: 
[2025-10-16 17:46:19.862319][icp_odometry-3][STDERR] icp_odometry subscribed to /scan and /stream_pair/decoded (make sure only one of this topic is published, otherwise remap one to a dummy topic name).
[2025-10-16 17:46:19.896105][rtabmap-4][STDERR] [WARN] [1760604379.895410307] [rtabmap]: Parameter "queue_size" has been renamed to "sync_queue_size" and will be removed in future versions! The value (10) is copied to "sync_queue_size".
[2025-10-16 17:46:19.906421][rtabmap-4][STDERR] [INFO] [1760604379.905580676] [rtabmap]: rtabmap(maps): latch                      = true
[2025-10-16 17:46:19.906421][rtabmap-4][STDERR] [INFO] [1760604379.905617004] [rtabmap]: rtabmap(maps): map_filter_radius          = 0.000000
[2025-10-16 17:46:19.911802][rtabmap-4][STDERR] [INFO] [1760604379.905637776] [rtabmap]: rtabmap(maps): map_filter_angle           = 30.000000
[2025-10-16 17:46:19.911802][rtabmap-4][STDERR] [INFO] [1760604379.905649096] [rtabmap]: rtabmap(maps): map_cleanup                = true
[2025-10-16 17:46:19.911802][rtabmap-4][STDERR] [INFO] [1760604379.905658483] [rtabmap]: rtabmap(maps): map_always_update          = false
[2025-10-16 17:46:19.911802][rtabmap-4][STDERR] [INFO] [1760604379.905667501] [rtabmap]: rtabmap(maps): map_empty_ray_tracing      = true
[2025-10-16 17:46:19.911802][rtabmap-4][STDERR] [INFO] [1760604379.905676139] [rtabmap]: rtabmap(maps): cloud_output_voxelized     = true
[2025-10-16 17:46:19.911802][rtabmap-4][STDERR] [INFO] [1760604379.905685002] [rtabmap]: rtabmap(maps): cloud_subtract_filtering   = false
[2025-10-16 17:46:19.911802][rtabmap-4][STDERR] [INFO] [1760604379.905697357] [rtabmap]: rtabmap(maps): cloud_subtract_filtering_min_neighbors = 2
[2025-10-16 17:46:19.912817][rtabmap-4][STDERR] [INFO] [1760604379.908939483] [rtabmap]: rtabmap(maps): octomap_tree_depth         = 16
[2025-10-16 17:46:19.945787][rtabmap-4][STDERR] [INFO] [1760604379.945292999] [rtabmap]: rtabmap: frame_id      = base_link
[2025-10-16 17:46:19.947270][rtabmap-4][STDERR] [INFO] [1760604379.945931045] [rtabmap]: rtabmap: odom_frame_id = odom
[2025-10-16 17:46:19.947270][rtabmap-4][STDERR] [INFO] [1760604379.945952221] [rtabmap]: rtabmap: map_frame_id  = map
[2025-10-16 17:46:19.947270][rtabmap-4][STDERR] [INFO] [1760604379.945967197] [rtabmap]: rtabmap: log_to_rosout_level  = 4
[2025-10-16 17:46:19.947270][rtabmap-4][STDERR] [INFO] [1760604379.945987789] [rtabmap]: rtabmap: initial_pose  = 
[2025-10-16 17:46:19.947270][rtabmap-4][STDERR] [INFO] [1760604379.945999818] [rtabmap]: rtabmap: use_action_for_goal  = false
[2025-10-16 17:46:19.947270][rtabmap-4][STDERR] [INFO] [1760604379.946016579] [rtabmap]: rtabmap: tf_delay      = 0.050000
[2025-10-16 17:46:19.947270][rtabmap-4][STDERR] [INFO] [1760604379.946032812] [rtabmap]: rtabmap: tf_tolerance  = 0.100000
[2025-10-16 17:46:19.947270][rtabmap-4][STDERR] [INFO] [1760604379.946045339] [rtabmap]: rtabmap: odom_sensor_sync   = false
[2025-10-16 17:46:19.947270][rtabmap-4][STDERR] [INFO] [1760604379.946056845] [rtabmap]: rtabmap: pub_loc_pose_only_when_localizing = false
[2025-10-16 17:46:19.947270][rtabmap-4][STDERR] [INFO] [1760604379.946067894] [rtabmap]: rtabmap: wait_for_transform = 0.200000
[2025-10-16 17:46:19.947270][rtabmap-4][STDERR] [INFO] [1760604379.946080392] [rtabmap]: rtabmap: staleness_factor = 0.000000
[2025-10-16 17:46:19.947270][rtabmap-4][STDERR] [INFO] [1760604379.946095312] [rtabmap]: rtabmap: gen_scan  = false
[2025-10-16 17:46:19.947270][rtabmap-4][STDERR] [INFO] [1760604379.946110627] [rtabmap]: rtabmap: gen_depth  = false
[2025-10-16 17:46:19.947270][rtabmap-4][STDERR] [INFO] [1760604379.946128054] [rtabmap]: rtabmap: scan_cloud_max_points = 0
[2025-10-16 17:46:19.947270][rtabmap-4][STDERR] [INFO] [1760604379.946144916] [rtabmap]: rtabmap: scan_cloud_is_2d = false
[2025-10-16 17:46:19.975398][rtabmap-4][STDERR] [WARN] [1760604379.972881966] [rtabmap]: rtabmap: 노드가 비활성(inactive) 상태로 시작합니다. lifecycle 'change_state -> ACTIVATE' 또는 /rtabmap/resume 서비스를 호출해 활성화하세요.
[2025-10-16 17:46:19.977466][rtabmap-4][STDERR] [INFO] [1760604379.976041462] [rtabmap]: Setting RTAB-Map parameter "Grid/3D"="true" (rosparam)
[2025-10-16 17:46:19.980065][rtabmap-4][STDERR] [INFO] [1760604379.976185689] [rtabmap]: Setting RTAB-Map parameter "Grid/CellSize"="0.2" (rosparam)
[2025-10-16 17:46:19.980065][rtabmap-4][STDERR] [INFO] [1760604379.976297349] [rtabmap]: Setting RTAB-Map parameter "Grid/ClusterRadius"="0.5" (rosparam)
[2025-10-16 17:46:19.980065][rtabmap-4][STDERR] [INFO] [1760604379.978050011] [rtabmap]: Setting RTAB-Map parameter "Grid/Sensor"="true" (rosparam)
[2025-10-16 17:46:19.985857][rtabmap-4][STDERR] [INFO] [1760604379.979784237] [rtabmap]: Setting RTAB-Map parameter "Icp/CorrespondenceRatio"="0.07" (rosparam)
[2025-10-16 17:46:19.985857][rtabmap-4][STDERR] [INFO] [1760604379.980066563] [rtabmap]: Setting RTAB-Map parameter "Icp/Epsilon"="0.001" (rosparam)
[2025-10-16 17:46:19.985857][rtabmap-4][STDERR] [INFO] [1760604379.980293214] [rtabmap]: Setting RTAB-Map parameter "Icp/Iterations"="30" (rosparam)
[2025-10-16 17:46:19.985857][rtabmap-4][STDERR] [INFO] [1760604379.980411354] [rtabmap]: Setting RTAB-Map parameter "Icp/MaxRotation"="1.0" (rosparam)
[2025-10-16 17:46:19.985857][rtabmap-4][STDERR] [INFO] [1760604379.980475691] [rtabmap]: Setting RTAB-Map parameter "Icp/MaxTranslation"="0.35" (rosparam)
[2025-10-16 17:46:19.989145][rtabmap-4][STDERR] [INFO] [1760604379.988704598] [rtabmap]: Setting RTAB-Map parameter "Mem/NotLinkedNodesKept"="true" (rosparam)
[2025-10-16 17:46:19.991840][rtabmap-4][STDERR] [INFO] [1760604379.990070818] [rtabmap]: Setting RTAB-Map parameter "Mem/STMSize"="30" (rosparam)
[2025-10-16 17:46:19.992845][rtabmap-4][STDERR] [INFO] [1760604379.992440282] [rtabmap]: Setting RTAB-Map parameter "Optimizer/GravitySigma"="0" (rosparam)
[2025-10-16 17:46:19.995266][rtabmap-4][STDERR] [INFO] [1760604379.994536157] [rtabmap]: Setting RTAB-Map parameter "RGBD/AngularUpdate"="0" (rosparam)
[2025-10-16 17:46:19.996351][rtabmap-4][STDERR] [INFO] [1760604379.995742727] [rtabmap]: Setting RTAB-Map parameter "RGBD/LinearUpdate"="0" (rosparam)
[2025-10-16 17:46:20.000741][rtabmap-4][STDERR] [INFO] [1760604380.000244426] [rtabmap]: Setting RTAB-Map parameter "RGBD/ProximityPathMaxNeighbors"="1" (rosparam)
[2025-10-16 17:46:20.001741][rtabmap-4][STDERR] [INFO] [1760604380.001452321] [rtabmap]: Setting RTAB-Map parameter "Reg/Strategy"="1" (rosparam)
[2025-10-16 17:46:20.004434][rtabmap-4][STDERR] [INFO] [1760604380.004098412] [rtabmap]: Setting RTAB-Map parameter "Rtabmap/SaveWMState"="false" (rosparam)
[2025-10-16 17:46:20.015757][rtabmap-4][STDERR] [INFO] [1760604380.015292216] [rtabmap]: Setting "Icp/PointToPlaneRadius" parameter to 0 (default 0.000000) as "subscribe_scan_cloud" is true.
[2025-10-16 17:46:20.016454][rtabmap-4][STDERR] [INFO] [1760604380.015970580] [rtabmap]: RTAB-Map detection rate = 1.000000 Hz
[2025-10-16 17:46:20.017549][rtabmap-4][STDERR] [INFO] [1760604380.016099578] [rtabmap]: rtabmap: Using database from "/home/kkit/newdisk/draco_tcpip/data/maps/rtabmap_20251016_174619_315748.db" (0 MB).
[2025-10-16 17:46:20.130766][rtabmap_feedback_loop-6][STDERR] [INFO] [1760604380.130455491] [rtabmap_feedback_loop]: RTAB-Map 피드백 루프 노드를 시작했습니다. 토픽과 서비스 상태를 모니터링합니다.
[2025-10-16 17:46:20.182123][rtabmap-4][STDERR] [INFO] [1760604380.181684178] [rtabmap]: rtabmap: Database version = "0.22.1".
[2025-10-16 17:46:20.182123][rtabmap-4][STDERR] [INFO] [1760604380.181753762] [rtabmap]: rtabmap: SLAM mode (Mem/IncrementalMemory=true)
[2025-10-16 17:46:20.209756][rtabmap-4][STDERR] [INFO] [1760604380.209276749] [rtabmap]: Setup callbacks
[2025-10-16 17:46:20.211415][rtabmap-4][STDERR] [INFO] [1760604380.209421797] [rtabmap]: rtabmap: subscribe_depth = false
[2025-10-16 17:46:20.211415][rtabmap-4][STDERR] [INFO] [1760604380.209444910] [rtabmap]: rtabmap: subscribe_rgb = false
[2025-10-16 17:46:20.211415][rtabmap-4][STDERR] [INFO] [1760604380.209457145] [rtabmap]: rtabmap: subscribe_stereo = false
[2025-10-16 17:46:20.211415][rtabmap-4][STDERR] [INFO] [1760604380.209468905] [rtabmap]: rtabmap: subscribe_rgbd = false (rgbd_cameras=1)
[2025-10-16 17:46:20.211415][rtabmap-4][STDERR] [INFO] [1760604380.209480596] [rtabmap]: rtabmap: subscribe_sensor_data = false
[2025-10-16 17:46:20.211415][rtabmap-4][STDERR] [INFO] [1760604380.209491914] [rtabmap]: rtabmap: subscribe_odom_info = true
[2025-10-16 17:46:20.211415][rtabmap-4][STDERR] [INFO] [1760604380.209504175] [rtabmap]: rtabmap: subscribe_user_data = false
[2025-10-16 17:46:20.211415][rtabmap-4][STDERR] [INFO] [1760604380.209515630] [rtabmap]: rtabmap: subscribe_scan = false
[2025-10-16 17:46:20.211415][rtabmap-4][STDERR] [INFO] [1760604380.209526735] [rtabmap]: rtabmap: subscribe_scan_cloud = true
[2025-10-16 17:46:20.211415][rtabmap-4][STDERR] [INFO] [1760604380.209537708] [rtabmap]: rtabmap: subscribe_scan_descriptor = false
[2025-10-16 17:46:20.211415][rtabmap-4][STDERR] [INFO] [1760604380.209548999] [rtabmap]: rtabmap: topic_queue_size = 10
[2025-10-16 17:46:20.211415][rtabmap-4][STDERR] [INFO] [1760604380.209560548] [rtabmap]: rtabmap: sync_queue_size  = 10
[2025-10-16 17:46:20.211415][rtabmap-4][STDERR] [INFO] [1760604380.209572377] [rtabmap]: rtabmap: qos_image       = 0
[2025-10-16 17:46:20.211415][rtabmap-4][STDERR] [INFO] [1760604380.209584177] [rtabmap]: rtabmap: qos_camera_info = 0
[2025-10-16 17:46:20.211415][rtabmap-4][STDERR] [INFO] [1760604380.209598931] [rtabmap]: rtabmap: qos_scan        = 0
[2025-10-16 17:46:20.211415][rtabmap-4][STDERR] [INFO] [1760604380.209610213] [rtabmap]: rtabmap: qos_odom        = 0
[2025-10-16 17:46:20.211415][rtabmap-4][STDERR] [INFO] [1760604380.209621356] [rtabmap]: rtabmap: qos_user_data   = 0
[2025-10-16 17:46:20.211415][rtabmap-4][STDERR] [INFO] [1760604380.209632135] [rtabmap]: rtabmap: approx_sync     = true
[2025-10-16 17:46:20.211415][rtabmap-4][STDERR] [INFO] [1760604380.209656769] [rtabmap]: Setup scan callback
[2025-10-16 17:46:20.212307][rtabmap-4][STDERR] [INFO] [1760604380.211828583] [rtabmap]: 
[2025-10-16 17:46:20.212307][rtabmap-4][STDERR] rtabmap subscribed to (approx sync):
[2025-10-16 17:46:20.212307][rtabmap-4][STDERR]    /stream_pair/decoded \
[2025-10-16 17:46:20.212307][rtabmap-4][STDERR]    /odom_info
[2025-10-16 17:46:20.213884][rtabmap-4][STDERR] [WARN] [1760604380.213514346] [rtabmap]: There is no image subscription, bag-of-words loop closure detection will be disabled...
[2025-10-16 17:46:20.214429][rtabmap-4][STDERR] [WARN] [1760604380.213571071] [rtabmap]: Setting Kp/MaxFeatures=-1 (bag-of-words disabled)
[2025-10-16 17:46:22.265894][stream_server-2][STDERR] [INFO] [1760604382.265408553] [stream_server]: Listening for uplink on 0.0.0.0:5000
[2025-10-16 17:46:22.266564][stream_server-2][STDERR] [INFO] [1760604382.265622229] [stream_server]: Listening for downlink on 0.0.0.0:5001
[2025-10-16 17:47:00.316897][rtabmap_feedback_loop-6][STDERR] [ERROR] [1760604420.316041776] [rtabmap_feedback_loop]: 포인트클라우드 입력 토픽(/stream_pair/decoded)이 40.3s 동안 수신되지 않았습니다.
[2025-10-16 17:47:00.317695][rtabmap_feedback_loop-6][STDERR] [INFO] [1760604420.316723297] [rtabmap_feedback_loop]: 스트리밍 노드 상태를 확인해 주세요. cloud_restart_service 파라미터가 비어 있어 자동 복구를 수행하지 않습니다.
[2025-10-16 17:47:00.318159][rtabmap_feedback_loop-6][STDERR] [WARN] [1760604420.317696141] [rtabmap_feedback_loop]: ICP Odometry 토픽(/odom)이 40.3s 동안 갱신되지 않았습니다. 추정이 멈춘 것으로 판단합니다.
[2025-10-16 17:47:00.319055][time_jump_reset-5][STDERR] [INFO] [1760604420.317733723] [time_jump_reset]: /clock 토픽 수신 시작. SLAM 시스템을 활성화합니다.
[2025-10-16 17:47:00.320190][time_jump_reset-5][STDERR] [INFO] [1760604420.319766682] [time_jump_reset]: 시스템 활성화: 모든 노드를 'active' 상태로 전환합니다.
[2025-10-16 17:47:00.322517][rtabmap_feedback_loop-6][STDERR] [WARN] [1760604420.321934898] [rtabmap_feedback_loop]: ICP Odometry 리셋 서비스(/icp_odometry/reset)를 아직 사용할 수 없습니다.
[2025-10-16 17:47:00.324030][rtabmap_feedback_loop-6][STDERR] [WARN] [1760604420.322972696] [rtabmap_feedback_loop]: RTAB-Map 누적 맵 토픽(/rtabmap/map_data)이 40.3s 동안 업데이트되지 않았습니다. 그래프 최적화가 멈춘 것 같습니다.
[2025-10-16 17:47:00.325879][rtabmap_feedback_loop-6][STDERR] [WARN] [1760604420.325266046] [rtabmap_feedback_loop]: RTAB-Map 캐시 정리 서비스(/rtabmap/cleanup)를 아직 사용할 수 없습니다.
[2025-10-16 17:47:00.326913][time_jump_reset-5][STDERR] [INFO] [1760604420.325816683] [time_jump_reset]: icp_odometry change_state 서비스 경로를 /change_state 로 설정했습니다.
[2025-10-16 17:47:00.327998][icp_odometry-3][STDERR] [WARN] [1760604420.326808695] [icp_odometry]: Lifecycle transition 3 실패: 현재 상태에서 activate 전환을 수행할 수 없습니다.
[2025-10-16 17:47:00.331599][time_jump_reset-5][STDERR] [ERROR] [1760604420.330582480] [time_jump_reset]: icp_odometry 전환 실패(id=3). 성공=False
[2025-10-16 17:47:00.335304][time_jump_reset-5][STDERR] [INFO] [1760604420.334471528] [time_jump_reset]: rtabmap change_state 서비스 경로를 /rtabmap/change_state 로 설정했습니다.
[2025-10-16 17:47:00.336548][rtabmap-4][STDERR] [WARN] [1760604420.336040991] [rtabmap]: Lifecycle transition 3 실패: 현재 상태에서 activate 전환을 수행할 수 없습니다.
[2025-10-16 17:47:00.339429][time_jump_reset-5][STDERR] [ERROR] [1760604420.338827911] [time_jump_reset]: rtabmap 전환 실패(id=3). 성공=False
[2025-10-16 17:47:00.342480][time_jump_reset-5][STDERR] [ERROR] [1760604420.342034020] [time_jump_reset]: 시스템 활성화 실패.
[2025-10-16 17:47:00.343036][time_jump_reset-5][STDERR] [INFO] [1760604420.342570033] [time_jump_reset]: /clock 토픽 수신 시작. SLAM 시스템을 활성화합니다.
[2025-10-16 17:47:00.344284][time_jump_reset-5][STDERR] [INFO] [1760604420.343938352] [time_jump_reset]: 초기 설정 시퀀스 시작: 모든 노드를 'inactive' 상태로 전환합니다.
[2025-10-16 17:47:00.346134][icp_odometry-3][STDERR] [INFO] [1760604420.345504640] [icp_odometry]: Lifecycle 상태가 'inactive'로 전환되었습니다.
[2025-10-16 17:47:00.349677][rtabmap-4][STDERR] [INFO] [1760604420.348528685] [rtabmap]: rtabmap: Lifecycle 상태가 'inactive'로 전환되었습니다.
[2025-10-16 17:47:00.350451][rtabmap-4][STDERR] [INFO] [1760604420.349312976] [rtabmap]: Parameters event received!
[2025-10-16 17:47:00.350451][rtabmap-4][STDERR] [INFO] [1760604420.349382999] [rtabmap]: rtabmap: Updating parameters
[2025-10-16 17:47:00.350451][rtabmap-4][STDERR] [INFO] [1760604420.349443527] [rtabmap]: RTAB-Map rate detection = 1.000000 Hz
[2025-10-16 17:47:00.351897][time_jump_reset-5][STDERR] [INFO] [1760604420.351358231] [time_jump_reset]: 초기 설정 완료. 모든 노드가 'inactive' 상태로 대기 중입니다.
[2025-10-16 17:47:00.353332][time_jump_reset-5][STDERR] [INFO] [1760604420.352515698] [time_jump_reset]: 시스템 활성화: 모든 노드를 'active' 상태로 전환합니다.
[2025-10-16 17:47:00.354636][icp_odometry-3][STDERR] [INFO] [1760604420.353903406] [icp_odometry]: Lifecycle 상태가 'active'로 전환되었습니다.
[2025-10-16 17:47:00.359373][rtabmap-4][STDERR] [INFO] [1760604420.356854592] [rtabmap]: rtabmap: Lifecycle 상태가 'active'로 전환되었습니다.
[2025-10-16 17:47:00.360439][rtabmap-4][STDERR] [INFO] [1760604420.357837418] [rtabmap]: Parameters event received!
[2025-10-16 17:47:00.360439][rtabmap-4][STDERR] [INFO] [1760604420.357911539] [rtabmap]: rtabmap: Updating parameters
[2025-10-16 17:47:00.360439][rtabmap-4][STDERR] [INFO] [1760604420.357968442] [rtabmap]: RTAB-Map rate detection = 1.000000 Hz
[2025-10-16 17:47:00.362190][time_jump_reset-5][STDERR] [INFO] [1760604420.361795988] [time_jump_reset]: 시스템 활성화 완료.
[2025-10-16 17:47:02.358501][stream_server-2][STDERR] [INFO] [1760604422.358070703] [stream_server]: Downlink client connected from ('127.0.0.1', 59638)
[2025-10-16 17:47:02.359053][stream_server-2][STDERR] [INFO] [1760604422.358252373] [stream_server]: Uplink client connected from ('127.0.0.1', 49240)
[2025-10-16 17:47:04.638173][rtabmap_feedback_loop-6][STDERR] [INFO] [1760604424.637776039] [rtabmap_feedback_loop]: 포인트클라우드 입력 토픽(/stream_pair/decoded) 수신을 시작했습니다.
[2025-10-16 17:47:04.640332][rtabmap_feedback_loop-6][STDERR] [INFO] [1760604424.638526047] [rtabmap_feedback_loop]: 포인트클라우드 입력 토픽(/stream_pair/decoded) 수신이 4.3s 만에 복구되었습니다.
[2025-10-16 17:47:04.760633][rtabmap_feedback_loop-6][STDERR] [INFO] [1760604424.760250296] [rtabmap_feedback_loop]: ICP Odometry 토픽(/odom) 수신을 시작했습니다.
[2025-10-16 17:47:04.761079][rtabmap_feedback_loop-6][STDERR] [INFO] [1760604424.760895541] [rtabmap_feedback_loop]: ICP Odometry 토픽(/odom) 수신이 4.4s 만에 복구되었습니다.
[2025-10-16 17:47:04.761814][rtabmap_feedback_loop-6][STDERR] [INFO] [1760604424.761521304] [rtabmap_feedback_loop]: ICP Odometry가 4.4s 정지 후 정상화되었습니다.
[2025-10-16 17:47:04.768744][icp_odometry-3][STDERR] [INFO] [1760604424.768236360] [icp_odometry]: Odom: ratio=0.000000, std dev=99.995000m|99.995000rad, update time=0.016692s delay=1.275032s
[2025-10-16 17:47:04.827244][rtabmap-4][STDERR] [INFO] [1760604424.826751463] [rtabmap]: rtabmap (1): Rate=1.00s, Limit=0.000s, Conversion=0.0021s, RTAB-Map=0.0492s, Maps update=0.0004s pub=0.0000s delay=1.3251s (local map=1, WM=1)
[2025-10-16 17:47:06.041092][rtabmap_feedback_loop-6][STDERR] [WARN] [1760604426.040643443] [rtabmap_feedback_loop]: RTAB-Map 누적 맵 토픽(/rtabmap/map_data)이 46.1s 동안 업데이트되지 않았습니다. 그래프 최적화가 멈춘 것 같습니다.
[2025-10-16 17:47:06.907173][icp_odometry-3][STDERR] [INFO] [1760604426.906194408] [icp_odometry]: Odom: ratio=0.765476, std dev=0.019889m|0.006289rad, update time=0.969923s delay=2.200053s
[2025-10-16 17:47:07.178586][icp_odometry-3][STDERR] [WARN] [1760604427.178199381] [icp_odometry]: Odometry lost! Odometry will be reset after next 2 consecutive unsuccessful odometry updates...
[2025-10-16 17:47:07.185158][icp_odometry-3][STDERR] [INFO] [1760604427.184628237] [icp_odometry]: Odom: ratio=0.000000, std dev=0.000000m|0.000000rad, update time=0.006587s delay=1.276157s
[2025-10-16 17:47:07.206226][rtabmap-4][STDERR] [INFO] [1760604427.205749149] [rtabmap]: rtabmap (2): Rate=1.00s, Limit=0.000s, Conversion=0.0047s, RTAB-Map=0.0651s, Maps update=0.0002s pub=0.0000s delay=2.5001s (local map=2, WM=2)
[2025-10-16 17:47:08.310108][icp_odometry-3][STDERR] [WARN] [1760604428.309645154] [icp_odometry]: Odometry lost! Odometry will be reset after next 1 consecutive unsuccessful odometry updates...
[2025-10-16 17:47:08.317397][icp_odometry-3][STDERR] [INFO] [1760604428.316456023] [icp_odometry]: Odom: ratio=0.000000, std dev=0.000000m|0.000000rad, update time=0.006965s delay=1.175062s
[2025-10-16 17:47:09.949094][icp_odometry-3][STDERR] [WARN] [1760604429.948669060] [icp_odometry]: Odometry automatically reset to latest computed pose!
[2025-10-16 17:47:09.953401][icp_odometry-3][STDERR] [INFO] [1760604429.953038845] [icp_odometry]: Odom: ratio=0.000000, std dev=0.000000m|0.000000rad, update time=0.502019s delay=1.675040s
[2025-10-16 17:47:10.666345][icp_odometry-3][STDERR] [INFO] [1760604430.665361407] [icp_odometry]: Odom: ratio=0.000000, std dev=99.995000m|99.995000rad, update time=0.021104s delay=1.225082s
[2025-10-16 17:47:10.727104][rtabmap-4][STDERR] [INFO] [1760604430.726601399] [rtabmap]: rtabmap (3): Rate=1.00s, Limit=0.000s, Conversion=0.0035s, RTAB-Map=0.0546s, Maps update=0.0002s pub=0.0000s delay=1.2751s (local map=3, WM=3)
[2025-10-16 17:47:11.041488][rtabmap_feedback_loop-6][STDERR] [WARN] [1760604431.041062408] [rtabmap_feedback_loop]: RTAB-Map 누적 맵 토픽(/rtabmap/map_data)이 51.1s 동안 업데이트되지 않았습니다. 그래프 최적화가 멈춘 것 같습니다.
[2025-10-16 17:47:11.042024][rtabmap_feedback_loop-6][STDERR] [ERROR] [1760604431.041656810] [rtabmap_feedback_loop]: 맵 정체가 지속되어 RTAB-Map 리셋을 요청합니다.
[2025-10-16 17:47:11.043705][rtabmap-4][STDERR] [INFO] [1760604431.043324557] [rtabmap]: rtabmap: Reset
[2025-10-16 17:47:11.203874][rtabmap_feedback_loop-6][STDERR] [INFO] [1760604431.203366436] [rtabmap_feedback_loop]: RTAB-Map 리셋 서비스를 성공적으로 호출했습니다.
[2025-10-16 17:47:12.424726][icp_odometry-3][STDERR] [INFO] [1760604432.424337957] [icp_odometry]: Odom: ratio=0.866575, std dev=0.002606m|0.000824rad, update time=0.599860s delay=1.800300s
[2025-10-16 17:47:12.496404][rtabmap-4][STDERR] [INFO] [1760604432.495658888] [rtabmap]: rtabmap (1): Rate=1.00s, Limit=0.000s, Conversion=0.0026s, RTAB-Map=0.0637s, Maps update=0.0002s pub=0.0000s delay=1.8750s (local map=1, WM=1)
[2025-10-16 17:47:12.989304][icp_odometry-3][STDERR] [WARN] [1760604432.988707526] [icp_odometry]: Odometry lost! Odometry will be reset after next 2 consecutive unsuccessful odometry updates...
[2025-10-16 17:47:12.996021][icp_odometry-3][STDERR] [INFO] [1760604432.994934312] [icp_odometry]: Odom: ratio=0.000000, std dev=0.000000m|0.000000rad, update time=0.006433s delay=1.200048s
[2025-10-16 17:47:14.132356][icp_odometry-3][STDERR] [WARN] [1760604434.130145111] [icp_odometry]: Odometry lost! Odometry will be reset after next 1 consecutive unsuccessful odometry updates...
[2025-10-16 17:47:14.136291][icp_odometry-3][STDERR] [INFO] [1760604434.135881396] [icp_odometry]: Odom: ratio=0.000000, std dev=0.000000m|0.000000rad, update time=0.005919s delay=1.150024s
[2025-10-16 17:47:15.818140][icp_odometry-3][STDERR] [WARN] [1760604435.817774810] [icp_odometry]: Odometry automatically reset to latest computed pose!
[2025-10-16 17:47:15.822844][icp_odometry-3][STDERR] [INFO] [1760604435.822316319] [icp_odometry]: Odom: ratio=0.000000, std dev=0.000000m|0.000000rad, update time=0.491056s delay=1.700058s
[2025-10-16 17:47:16.454087][icp_odometry-3][STDERR] [INFO] [1760604436.453656241] [icp_odometry]: Odom: ratio=0.000000, std dev=99.995000m|99.995000rad, update time=0.011613s delay=1.125057s
[2025-10-16 17:47:16.505027][rtabmap-4][STDERR] [INFO] [1760604436.504568078] [rtabmap]: rtabmap (2): Rate=1.00s, Limit=0.000s, Conversion=0.0024s, RTAB-Map=0.0463s, Maps update=0.0001s pub=0.0000s delay=1.1750s (local map=2, WM=2)
[2025-10-16 17:47:17.042067][rtabmap_feedback_loop-6][STDERR] [WARN] [1760604437.041430010] [rtabmap_feedback_loop]: RTAB-Map 누적 맵 토픽(/rtabmap/map_data)이 57.1s 동안 업데이트되지 않았습니다. 그래프 최적화가 멈춘 것 같습니다.
[2025-10-16 17:47:17.042904][rtabmap_feedback_loop-6][STDERR] [ERROR] [1760604437.042011155] [rtabmap_feedback_loop]: 맵 정체가 지속되어 RTAB-Map 리셋을 요청합니다.
[2025-10-16 17:47:17.043372][rtabmap-4][STDERR] [INFO] [1760604437.042936029] [rtabmap]: rtabmap: Reset
[2025-10-16 17:47:17.195036][rtabmap_feedback_loop-6][STDERR] [INFO] [1760604437.194600239] [rtabmap_feedback_loop]: RTAB-Map 리셋 서비스를 성공적으로 호출했습니다.
[2025-10-16 17:47:18.094573][icp_odometry-3][STDERR] [INFO] [1760604438.093706867] [icp_odometry]: Odom: ratio=0.829740, std dev=0.004108m|0.001299rad, update time=0.449969s delay=1.675022s
[2025-10-16 17:47:18.345283][rtabmap-4][STDERR] [INFO] [1760604438.344908175] [rtabmap]: rtabmap (1): Rate=1.00s, Limit=0.000s, Conversion=0.0011s, RTAB-Map=0.0452s, Maps update=0.0001s pub=0.0000s delay=1.9251s (local map=1, WM=1)
[2025-10-16 17:47:18.797791][icp_odometry-3][STDERR] [WARN] [1760604438.796900287] [icp_odometry]: Odometry lost! Odometry will be reset after next 2 consecutive unsuccessful odometry updates...
[2025-10-16 17:47:18.804516][icp_odometry-3][STDERR] [INFO] [1760604438.803840677] [icp_odometry]: Odom: ratio=0.000000, std dev=0.000000m|0.000000rad, update time=0.007112s delay=1.150033s
[2025-10-16 17:47:19.976612][icp_odometry-3][STDERR] [WARN] [1760604439.976090107] [icp_odometry]: Odometry lost! Odometry will be reset after next 1 consecutive unsuccessful odometry updates...
[2025-10-16 17:47:19.984054][icp_odometry-3][STDERR] [INFO] [1760604439.983173188] [icp_odometry]: Odom: ratio=0.000000, std dev=0.000000m|0.000000rad, update time=0.007268s delay=1.248603s
[2025-10-16 17:47:21.616854][icp_odometry-3][STDERR] [WARN] [1760604441.616188962] [icp_odometry]: Odometry automatically reset to latest computed pose!
[2025-10-16 17:47:21.622033][icp_odometry-3][STDERR] [INFO] [1760604441.621573312] [icp_odometry]: Odom: ratio=0.000000, std dev=0.000000m|0.000000rad, update time=0.491246s delay=1.650024s
[2025-10-16 17:47:22.331556][icp_odometry-3][STDERR] [INFO] [1760604442.331149828] [icp_odometry]: Odom: ratio=0.000000, std dev=99.995000m|99.995000rad, update time=0.010382s delay=1.200043s
[2025-10-16 17:47:22.383981][rtabmap-4][STDERR] [INFO] [1760604442.383563025] [rtabmap]: rtabmap (2): Rate=1.00s, Limit=0.000s, Conversion=0.0023s, RTAB-Map=0.0488s, Maps update=0.0002s pub=0.0000s delay=1.2500s (local map=2, WM=2)
[2025-10-16 17:47:23.041641][rtabmap_feedback_loop-6][STDERR] [WARN] [1760604443.041194457] [rtabmap_feedback_loop]: RTAB-Map 누적 맵 토픽(/rtabmap/map_data)이 63.1s 동안 업데이트되지 않았습니다. 그래프 최적화가 멈춘 것 같습니다.
[2025-10-16 17:47:23.042195][rtabmap_feedback_loop-6][STDERR] [ERROR] [1760604443.041620271] [rtabmap_feedback_loop]: 맵 정체가 지속되어 RTAB-Map 리셋을 요청합니다.
[2025-10-16 17:47:23.042617][rtabmap-4][STDERR] [INFO] [1760604443.042085731] [rtabmap]: rtabmap: Reset
[2025-10-16 17:47:23.192358][rtabmap_feedback_loop-6][STDERR] [INFO] [1760604443.191998153] [rtabmap_feedback_loop]: RTAB-Map 리셋 서비스를 성공적으로 호출했습니다.
[2025-10-16 17:47:23.985507][icp_odometry-3][STDERR] [INFO] [1760604443.984896249] [icp_odometry]: Odom: ratio=0.737930, std dev=0.022302m|0.007052rad, update time=0.532727s delay=1.674766s
[2025-10-16 17:47:24.037859][rtabmap-4][STDERR] [INFO] [1760604444.037418819] [rtabmap]: rtabmap (1): Rate=1.00s, Limit=0.000s, Conversion=0.0029s, RTAB-Map=0.0475s, Maps update=0.0001s pub=0.0000s delay=1.7248s (local map=1, WM=1)
[2025-10-16 17:47:24.622321][icp_odometry-3][STDOUT] [31m[ERROR] (2025-10-16 17:47:07.178) RegistrationIcp.cpp:980::computeTransformationImpl() RegistrationIcp cannot do registration with a null guess.[0m
[2025-10-16 17:47:24.622321][icp_odometry-3][STDOUT] [33m[ WARN] (2025-10-16 17:47:07.178) OdometryF2M.cpp:622::computeTransform() Registration failed: "RegistrationIcp cannot do registration with a null guess."[0m
[2025-10-16 17:47:24.622321][icp_odometry-3][STDOUT] [31m[ERROR] (2025-10-16 17:47:08.309) RegistrationIcp.cpp:980::computeTransformationImpl() RegistrationIcp cannot do registration with a null guess.[0m
[2025-10-16 17:47:24.622321][icp_odometry-3][STDOUT] [33m[ WARN] (2025-10-16 17:47:08.309) OdometryF2M.cpp:622::computeTransform() Registration failed: "RegistrationIcp cannot do registration with a null guess."[0m
[2025-10-16 17:47:24.622321][icp_odometry-3][STDOUT] [31m[ERROR] (2025-10-16 17:47:09.451) RegistrationIcp.cpp:980::computeTransformationImpl() RegistrationIcp cannot do registration with a null guess.[0m
[2025-10-16 17:47:24.622321][icp_odometry-3][STDOUT] [33m[ WARN] (2025-10-16 17:47:09.451) OdometryF2M.cpp:622::computeTransform() Registration failed: "RegistrationIcp cannot do registration with a null guess."[0m
[2025-10-16 17:47:24.622321][icp_odometry-3][STDOUT] [33m[ WARN] (2025-10-16 17:47:09.948) MsgConversion.cpp:2010::getTransform() (getting transform odom -> base_link) Lookup would require extrapolation into the future.  Requested time 1727155745.242939 but the latest data is at time 1727155741.667851, when looking up transform from frame [base_link] to frame [odom] (wait_for_transform=0.500000)[0m
[2025-10-16 17:47:24.622321][icp_odometry-3][STDOUT] [31m[ERROR] (2025-10-16 17:47:12.988) RegistrationIcp.cpp:980::computeTransformationImpl() RegistrationIcp cannot do registration with a null guess.[0m
[2025-10-16 17:47:24.622321][icp_odometry-3][STDOUT] [33m[ WARN] (2025-10-16 17:47:12.988) OdometryF2M.cpp:622::computeTransform() Registration failed: "RegistrationIcp cannot do registration with a null guess."[0m
[2025-10-16 17:47:24.622321][icp_odometry-3][STDOUT] [31m[ERROR] (2025-10-16 17:47:14.130) RegistrationIcp.cpp:980::computeTransformationImpl() RegistrationIcp cannot do registration with a null guess.[0m
[2025-10-16 17:47:24.622321][icp_odometry-3][STDOUT] [33m[ WARN] (2025-10-16 17:47:14.130) OdometryF2M.cpp:622::computeTransform() Registration failed: "RegistrationIcp cannot do registration with a null guess."[0m
[2025-10-16 17:47:24.622321][icp_odometry-3][STDOUT] [31m[ERROR] (2025-10-16 17:47:15.331) RegistrationIcp.cpp:980::computeTransformationImpl() RegistrationIcp cannot do registration with a null guess.[0m
[2025-10-16 17:47:24.622321][icp_odometry-3][STDOUT] [33m[ WARN] (2025-10-16 17:47:15.331) OdometryF2M.cpp:622::computeTransform() Registration failed: "RegistrationIcp cannot do registration with a null guess."[0m
[2025-10-16 17:47:24.622321][icp_odometry-3][STDOUT] [33m[ WARN] (2025-10-16 17:47:15.817) MsgConversion.cpp:2010::getTransform() (getting transform odom -> base_link) Lookup would require extrapolation into the future.  Requested time 1727155751.093088 but the latest data is at time 1727155747.593002, when looking up transform from frame [base_link] to frame [odom] (wait_for_transform=0.500000)[0m
[2025-10-16 17:47:24.622321][icp_odometry-3][STDOUT] [31m[ERROR] (2025-10-16 17:47:18.796) RegistrationIcp.cpp:980::computeTransformationImpl() RegistrationIcp cannot do registration with a null guess.[0m
[2025-10-16 17:47:24.622321][icp_odometry-3][STDOUT] [33m[ WARN] (2025-10-16 17:47:18.796) OdometryF2M.cpp:622::computeTransform() Registration failed: "RegistrationIcp cannot do registration with a null guess."[0m
[2025-10-16 17:47:24.622321][icp_odometry-3][STDOUT] [31m[ERROR] (2025-10-16 17:47:19.975) RegistrationIcp.cpp:980::computeTransformationImpl() RegistrationIcp cannot do registration with a null guess.[0m
[2025-10-16 17:47:24.622321][icp_odometry-3][STDOUT] [33m[ WARN] (2025-10-16 17:47:19.976) OdometryF2M.cpp:622::computeTransform() Registration failed: "RegistrationIcp cannot do registration with a null guess."[0m
[2025-10-16 17:47:24.622321][icp_odometry-3][STDOUT] [31m[ERROR] (2025-10-16 17:47:21.130) RegistrationIcp.cpp:980::computeTransformationImpl() RegistrationIcp cannot do registration with a null guess.[0m
[2025-10-16 17:47:24.622321][icp_odometry-3][STDOUT] [33m[ WARN] (2025-10-16 17:47:21.130) OdometryF2M.cpp:622::computeTransform() Registration failed: "RegistrationIcp cannot do registration with a null guess."[0m
[2025-10-16 17:47:24.622321][icp_odometry-3][STDOUT] [33m[ WARN] (2025-10-16 17:47:21.616) MsgConversion.cpp:2010::getTransform() (getting transform odom -> base_link) Lookup would require extrapolation into the future.  Requested time 1727155756.943259 but the latest data is at time 1727155753.393165, when looking up transform from frame [base_link] to frame [odom] (wait_for_transform=0.500000)[0m
[2025-10-16 17:47:24.622321][icp_odometry-3][STDOUT] [31m[ERROR] (2025-10-16 17:47:24.620) RegistrationIcp.cpp:980::computeTransformationImpl() RegistrationIcp cannot do registration with a null guess.[0m
[2025-10-16 17:47:24.622321][icp_odometry-3][STDOUT] [33m
[2025-10-16 17:47:24.622943][icp_odometry-3][STDERR] [WARN] [1760604444.620896914] [icp_odometry]: Odometry lost! Odometry will be reset after next 2 consecutive unsuccessful odometry updates...
[2025-10-16 17:47:24.627303][icp_odometry-3][STDERR] [INFO] [1760604444.626749184] [icp_odometry]: Odom: ratio=0.000000, std dev=0.000000m|0.000000rad, update time=0.006023s delay=1.174590s
[2025-10-16 17:47:25.760155][icp_odometry-3][STDERR] [WARN] [1760604445.759683634] [icp_odometry]: Odometry lost! Odometry will be reset after next 1 consecutive unsuccessful odometry updates...
[2025-10-16 17:47:25.766521][icp_odometry-3][STDERR] [INFO] [1760604445.765927432] [icp_odometry]: Odom: ratio=0.000000, std dev=0.000000m|0.000000rad, update time=0.006379s delay=1.150031s
[2025-10-16 17:47:27.448825][icp_odometry-3][STDERR] [WARN] [1760604447.448351729] [icp_odometry]: Odometry automatically reset to latest computed pose!
[2025-10-16 17:47:27.454342][icp_odometry-3][STDERR] [INFO] [1760604447.453753724] [icp_odometry]: Odom: ratio=0.000000, std dev=0.000000m|0.000000rad, update time=0.501130s delay=1.700035s
[2025-10-16 17:47:27.668869][rtabmap-4][STDOUT] [33m[ WARN] (2025-10-16 17:47:07.390) MsgConversion.cpp:2010::getTransform() (getting transform odom -> base_link) Lookup would require extrapolation into the future.  Requested time 1727155742.867873 but the latest data is at time 1727155741.667851, when looking up transform from frame [base_link] to frame [odom] (wait_for_transform=0.200000)[0m
[2025-10-16 17:47:27.668869][rtabmap-4][STDOUT] [33m[ WARN] (2025-10-16 17:47:08.623) MsgConversion.cpp:2010::getTransform() (getting transform odom -> base_link) Lookup would require extrapolation into the future.  Requested time 1727155744.117903 but the latest data is at time 1727155741.667851, when looking up transform from frame [base_link] to frame [odom] (wait_for_transform=0.200000)[0m
[2025-10-16 17:47:27.668869][rtabmap-4][STDOUT] [33m[ WARN] (2025-10-16 17:47:10.147) MsgConversion.cpp:2010::getTransform() (getting transform odom -> base_link) Lookup would require extrapolation into the future.  Requested time 1727155745.242939 but the latest data is at time 1727155741.667851, when looking up transform from frame [base_link] to frame [odom] (wait_for_transform=0.200000)[0m
[2025-10-16 17:47:27.668869][rtabmap-4][STDOUT] [33m[ WARN] (2025-10-16 17:47:13.220) MsgConversion.cpp:2010::getTransform() (getting transform odom -> base_link) Lookup would require extrapolation into the future.  Requested time 1727155748.768033 but the latest data is at time 1727155747.593002, when looking up transform from frame [base_link] to frame [odom] (wait_for_transform=0.200000)[0m
[2025-10-16 17:47:27.668869][rtabmap-4][STDOUT] [33m[ WARN] (2025-10-16 17:47:14.420) MsgConversion.cpp:2010::getTransform() (getting transform odom -> base_link) Lookup would require extrapolation into the future.  Requested time 1727155749.943064 but the latest data is at time 1727155747.593002, when looking up transform from frame [base_link] to frame [odom] (wait_for_transform=0.200000)[0m
[2025-10-16 17:47:27.668869][rtabmap-4][STDOUT] [33m[ WARN] (2025-10-16 17:47:16.046) MsgConversion.cpp:2010::getTransform() (getting transform odom -> base_link) Lookup would require extrapolation into the future.  Requested time 1727155751.093088 but the latest data is at time 1727155747.593002, when looking up transform from frame [base_link] to frame [odom] (wait_for_transform=0.200000)[0m
[2025-10-16 17:47:27.668869][rtabmap-4][STDOUT] [33m[ WARN] (2025-10-16 17:47:18.997) MsgConversion.cpp:2010::getTransform() (getting transform odom -> base_link) Lookup would require extrapolation into the future.  Requested time 1727155754.618178 but the latest data is at time 1727155753.393165, when looking up transform from frame [base_link] to frame [odom] (wait_for_transform=0.200000)[0m
[2025-10-16 17:47:27.668869][rtabmap-4][STDOUT] [33m[ WARN] (2025-10-16 17:47:20.168) MsgConversion.cpp:2010::getTransform() (getting transform odom -> base_link) Lookup would require extrapolation into the future.  Requested time 1727155755.694656 but the latest data is at time 1727155753.393165, when looking up transform from frame [base_link] to frame [odom] (wait_for_transform=0.200000)[0m
[2025-10-16 17:47:27.668869][rtabmap-4][STDOUT] [33m[ WARN] (2025-10-16 17:47:21.815) MsgConversion.cpp:2010::getTransform() (getting transform odom -> base_link) Lookup would require extrapolation into the future.  Requested time 1727155756.943259 but the latest data is at time 1727155753.393165, when looking up transform from frame [base_link] to frame [odom] (wait_for_transform=0.200000)[0m
[2025-10-16 17:47:27.668869][rtabmap-4][STDOUT] [33m[ WARN] (2025-10-16 17:47:24.822) MsgConversion.cpp:2010::getTransform() (getting transform odom -> base_link) Lookup would require extrapolation into the future.  Requested time 1727155760.418786 but the latest data is at time 1727155759.268574, when looking up transform from frame [base_link] to frame [odom] (wait_for_transform=0.200000)[0m
[2025-10-16 17:47:27.668869][rtabmap-4][STDOUT] [33m[ WARN] (2025-10-16 17:47:25.969) MsgConversion.cpp:2010::getTransform() (getting transform odom -> base_link) Lookup would require extrapolation into the future.  Requested time 1727155761.593376 but the latest data is at time 1727155759.268574, when looking up transform from frame [base_link] to frame [odom] (wait_for_transform=0.200000)[0m
[2025-10-16 17:47:27.668869][rtabmap-4][STDOUT] [33m[ WARN] (2025-10-16 17:47:27.667) MsgConversion.cpp:2010::getTransform() (getting transform odom -> base_link) Lookup would require extrapolation into the future.  Requested time 1727155762.718430 but the latest data is
[2025-10-16 17:47:28.042038][rtabmap_feedback_loop-6][STDERR] [WARN] [1760604448.041585776] [rtabmap_feedback_loop]: RTAB-Map 누적 맵 토픽(/rtabmap/map_data)이 68.1s 동안 업데이트되지 않았습니다. 그래프 최적화가 멈춘 것 같습니다.
[2025-10-16 17:47:28.042582][rtabmap_feedback_loop-6][STDERR] [ERROR] [1760604448.042251875] [rtabmap_feedback_loop]: 맵 정체가 지속되어 RTAB-Map 리셋을 요청합니다.
[2025-10-16 17:47:28.043114][rtabmap-4][STDERR] [INFO] [1760604448.042623287] [rtabmap]: rtabmap: Reset
[2025-10-16 17:47:28.157123][icp_odometry-3][STDERR] [INFO] [1760604448.156611346] [icp_odometry]: Odom: ratio=0.000000, std dev=99.995000m|99.995000rad, update time=0.013251s delay=1.200025s
[2025-10-16 17:47:28.209752][rtabmap_feedback_loop-6][STDERR] [INFO] [1760604448.209238066] [rtabmap_feedback_loop]: RTAB-Map 리셋 서비스를 성공적으로 호출했습니다.
[2025-10-16 17:47:28.258965][rtabmap-4][STDERR] [INFO] [1760604448.258547986] [rtabmap]: rtabmap (1): Rate=1.00s, Limit=0.000s, Conversion=0.0030s, RTAB-Map=0.0498s, Maps update=0.0001s pub=0.0000s delay=1.3001s (local map=1, WM=1)
[2025-10-16 17:47:29.789720][icp_odometry-3][STDERR] [INFO] [1760604449.789120158] [icp_odometry]: Odom: ratio=0.808198, std dev=0.013361m|0.004225rad, update time=0.497538s delay=1.625040s
[2025-10-16 17:47:29.841021][rtabmap-4][STDERR] [INFO] [1760604449.839895411] [rtabmap]: rtabmap (2): Rate=1.00s, Limit=0.000s, Conversion=0.0015s, RTAB-Map=0.0478s, Maps update=0.0002s pub=0.0000s delay=1.6751s (local map=2, WM=2)
[2025-10-16 17:47:30.419490][icp_odometry-3][STDERR] [WARN] [1760604450.418977800] [icp_odometry]: Odometry lost! Odometry will be reset after next 2 consecutive unsuccessful odometry updates...
[2025-10-16 17:47:30.424955][icp_odometry-3][STDERR] [INFO] [1760604450.424270944] [icp_odometry]: Odom: ratio=0.000000, std dev=0.000000m|0.000000rad, update time=0.005861s delay=1.125037s
[2025-10-16 17:47:31.589860][icp_odometry-3][STDERR] [WARN] [1760604451.589292771] [icp_odometry]: Odometry lost! Odometry will be reset after next 1 consecutive unsuccessful odometry updates...
[2025-10-16 17:47:31.595996][icp_odometry-3][STDERR] [INFO] [1760604451.595037359] [icp_odometry]: Odom: ratio=0.000000, std dev=0.000000m|0.000000rad, update time=0.005921s delay=1.174993s
[2025-10-16 17:47:33.241316][icp_odometry-3][STDERR] [WARN] [1760604453.240861523] [icp_odometry]: Odometry automatically reset to latest computed pose!
[2025-10-16 17:47:33.247522][icp_odometry-3][STDERR] [INFO] [1760604453.246963119] [icp_odometry]: Odom: ratio=0.000000, std dev=0.000000m|0.000000rad, update time=0.501988s delay=1.675045s
[2025-10-16 17:47:33.938507][icp_odometry-3][STDERR] [INFO] [1760604453.937877118] [icp_odometry]: Odom: ratio=0.000000, std dev=99.995000m|99.995000rad, update time=0.013546s delay=1.175042s
[2025-10-16 17:47:33.989889][rtabmap-4][STDERR] [INFO] [1760604453.989446469] [rtabmap]: rtabmap (3): Rate=1.00s, Limit=0.000s, Conversion=0.0022s, RTAB-Map=0.0471s, Maps update=0.0002s pub=0.0000s delay=1.2250s (local map=3, WM=3)
[2025-10-16 17:47:34.041850][rtabmap_feedback_loop-6][STDERR] [WARN] [1760604454.041473129] [rtabmap_feedback_loop]: RTAB-Map 누적 맵 토픽(/rtabmap/map_data)이 74.1s 동안 업데이트되지 않았습니다. 그래프 최적화가 멈춘 것 같습니다.
[2025-10-16 17:47:34.042313][rtabmap_feedback_loop-6][STDERR] [ERROR] [1760604454.041942743] [rtabmap_feedback_loop]: 맵 정체가 지속되어 RTAB-Map 리셋을 요청합니다.
[2025-10-16 17:47:34.042690][rtabmap-4][STDERR] [INFO] [1760604454.042321784] [rtabmap]: rtabmap: Reset
[2025-10-16 17:47:34.187974][rtabmap_feedback_loop-6][STDERR] [INFO] [1760604454.187418455] [rtabmap_feedback_loop]: RTAB-Map 리셋 서비스를 성공적으로 호출했습니다.
[2025-10-16 17:47:35.668996][icp_odometry-3][STDERR] [INFO] [1760604455.668402774] [icp_odometry]: Odom: ratio=0.809163, std dev=0.014196m|0.004489rad, update time=0.565373s delay=1.750071s
[2025-10-16 17:47:35.719722][rtabmap-4][STDERR] [INFO] [1760604455.719253299] [rtabmap]: rtabmap (1): Rate=1.00s, Limit=0.000s, Conversion=0.0016s, RTAB-Map=0.0480s, Maps update=0.0001s pub=0.0000s delay=1.8001s (local map=1, WM=1)
[2025-10-16 17:47:36.248798][icp_odometry-3][STDERR] [WARN] [1760604456.248370732] [icp_odometry]: Odometry lost! Odometry will be reset after next 2 consecutive unsuccessful odometry updates...
[2025-10-16 17:47:36.254533][icp_odometry-3][STDERR] [INFO] [1760604456.253807161] [icp_odometry]: Odom: ratio=0.000000, std dev=0.000000m|0.000000rad, update time=0.005610s delay=1.222013s
[2025-10-16 17:47:37.432357][icp_odometry-3][STDERR] [WARN] [1760604457.431144360] [icp_odometry]: Odometry lost! Odometry will be reset after next 1 consecutive unsuccessful odometry updates...
[2025-10-16 17:47:37.436417][icp_odometry-3][STDERR] [INFO] [1760604457.435980039] [icp_odometry]: Odom: ratio=0.000000, std dev=0.000000m|0.000000rad, update time=0.004958s delay=1.200098s
[2025-10-16 17:47:39.042402][rtabmap_feedback_loop-6][STDERR] [WARN] [1760604459.041566246] [rtabmap_feedback_loop]: RTAB-Map 누적 맵 토픽(/rtabmap/map_data)이 79.1s 동안 업데이트되지 않았습니다. 그래프 최적화가 멈춘 것 같습니다.
[2025-10-16 17:47:39.043657][rtabmap_feedback_loop-6][STDERR] [ERROR] [1760604459.042487332] [rtabmap_feedback_loop]: 맵 정체가 지속되어 RTAB-Map 리셋을 요청합니다.
[2025-10-16 17:47:39.044158][rtabmap-4][STDERR] [INFO] [1760604459.043586968] [rtabmap]: rtabmap: Reset
[2025-10-16 17:47:39.067508][icp_odometry-3][STDERR] [WARN] [1760604459.066971896] [icp_odometry]: Odometry automatically reset to latest computed pose!
[2025-10-16 17:47:39.075031][icp_odometry-3][STDERR] [INFO] [1760604459.074420834] [icp_odometry]: Odom: ratio=0.000000, std dev=0.000000m|0.000000rad, update time=0.494917s delay=1.675084s
[2025-10-16 17:47:39.204962][rtabmap_feedback_loop-6][STDERR] [INFO] [1760604459.204556888] [rtabmap_feedback_loop]: RTAB-Map 리셋 서비스를 성공적으로 호출했습니다.
[2025-10-16 17:47:39.859296][icp_odometry-3][STDERR] [INFO] [1760604459.857567873] [icp_odometry]: Odom: ratio=0.000000, std dev=99.995000m|99.995000rad, update time=0.018746s delay=1.325029s
[2025-10-16 17:47:40.110036][rtabmap-4][STDERR] [INFO] [1760604460.109398145] [rtabmap]: rtabmap (1): Rate=1.00s, Limit=0.000s, Conversion=0.0017s, RTAB-Map=0.0458s, Maps update=0.0002s pub=0.0000s delay=1.5752s (local map=1, WM=1)
[2025-10-16 17:47:41.391456][icp_odometry-3][STDERR] [INFO] [1760604461.391068986] [icp_odometry]: Odom: ratio=0.813578, std dev=0.009300m|0.002941rad, update time=0.455915s delay=1.625085s
[2025-10-16 17:47:41.452173][rtabmap-4][STDERR] [INFO] [1760604461.451734343] [rtabmap]: rtabmap (2): Rate=1.00s, Limit=0.000s, Conversion=0.0016s, RTAB-Map=0.0550s, Maps update=0.0002s pub=0.0000s delay=1.6750s (local map=2, WM=2)
[2025-10-16 17:47:42.103733][icp_odometry-3][STDERR] [WARN] [1760604462.100726732] [icp_odometry]: Odometry lost! Odometry will be reset after next 2 consecutive unsuccessful odometry updates...
[2025-10-16 17:47:42.111630][icp_odometry-3][STDERR] [INFO] [1760604462.111046380] [icp_odometry]: Odom: ratio=0.000000, std dev=0.000000m|0.000000rad, update time=0.010665s delay=1.198889s
[2025-10-16 17:47:43.233794][icp_odometry-3][STDOUT] [ WARN] (2025-10-16 17:47:24.620) OdometryF2M.cpp:622::computeTransform() Registration failed: "RegistrationIcp cannot do registration with a null guess."[0m
[2025-10-16 17:47:43.233794][icp_odometry-3][STDOUT] [31m[ERROR] (2025-10-16 17:47:25.759) RegistrationIcp.cpp:980::computeTransformationImpl() RegistrationIcp cannot do registration with a null guess.[0m
[2025-10-16 17:47:43.233794][icp_odometry-3][STDOUT] [33m[ WARN] (2025-10-16 17:47:25.759) OdometryF2M.cpp:622::computeTransform() Registration failed: "RegistrationIcp cannot do registration with a null guess."[0m
[2025-10-16 17:47:43.233794][icp_odometry-3][STDOUT] [31m[ERROR] (2025-10-16 17:47:26.952) RegistrationIcp.cpp:980::computeTransformationImpl() RegistrationIcp cannot do registration with a null guess.[0m
[2025-10-16 17:47:43.233794][icp_odometry-3][STDOUT] [33m[ WARN] (2025-10-16 17:47:26.952) OdometryF2M.cpp:622::computeTransform() Registration failed: "RegistrationIcp cannot do registration with a null guess."[0m
[2025-10-16 17:47:43.233794][icp_odometry-3][STDOUT] [33m[ WARN] (2025-10-16 17:47:27.448) MsgConversion.cpp:2010::getTransform() (getting transform odom -> base_link) Lookup would require extrapolation into the future.  Requested time 1727155762.718430 but the latest data is at time 1727155759.268574, when looking up transform from frame [base_link] to frame [odom] (wait_for_transform=0.500000)[0m
[2025-10-16 17:47:43.233794][icp_odometry-3][STDOUT] [31m[ERROR] (2025-10-16 17:47:30.418) RegistrationIcp.cpp:980::computeTransformationImpl() RegistrationIcp cannot do registration with a null guess.[0m
[2025-10-16 17:47:43.233794][icp_odometry-3][STDOUT] [33m[ WARN] (2025-10-16 17:47:30.418) OdometryF2M.cpp:622::computeTransform() Registration failed: "RegistrationIcp cannot do registration with a null guess."[0m
[2025-10-16 17:47:43.233794][icp_odometry-3][STDOUT] [31m[ERROR] (2025-10-16 17:47:31.589) RegistrationIcp.cpp:980::computeTransformationImpl() RegistrationIcp cannot do registration with a null guess.[0m
[2025-10-16 17:47:43.233794][icp_odometry-3][STDOUT] [33m[ WARN] (2025-10-16 17:47:31.589) OdometryF2M.cpp:622::computeTransform() Registration failed: "RegistrationIcp cannot do registration with a null guess."[0m
[2025-10-16 17:47:43.233794][icp_odometry-3][STDOUT] [31m[ERROR] (2025-10-16 17:47:32.745) RegistrationIcp.cpp:980::computeTransformationImpl() RegistrationIcp cannot do registration with a null guess.[0m
[2025-10-16 17:47:43.233794][icp_odometry-3][STDOUT] [33m[ WARN] (2025-10-16 17:47:32.745) OdometryF2M.cpp:622::computeTransform() Registration failed: "RegistrationIcp cannot do registration with a null guess."[0m
[2025-10-16 17:47:43.233794][icp_odometry-3][STDOUT] [33m[ WARN] (2025-10-16 17:47:33.240) MsgConversion.cpp:2010::getTransform() (getting transform odom -> base_link) Lookup would require extrapolation into the future.  Requested time 1727155768.543538 but the latest data is at time 1727155765.118451, when looking up transform from frame [base_link] to frame [odom] (wait_for_transform=0.500000)[0m
[2025-10-16 17:47:43.233794][icp_odometry-3][STDOUT] [31m[ERROR] (2025-10-16 17:47:36.248) RegistrationIcp.cpp:980::computeTransformationImpl() RegistrationIcp cannot do registration with a null guess.[0m
[2025-10-16 17:47:43.233794][icp_odometry-3][STDOUT] [33m[ WARN] (2025-10-16 17:47:36.248) OdometryF2M.cpp:622::computeTransform() Registration failed: "RegistrationIcp cannot do registration with a null guess."[0m
[2025-10-16 17:47:43.233794][icp_odometry-3][STDOUT] [31m[ERROR] (2025-10-16 17:47:37.431) RegistrationIcp.cpp:980::computeTransformationImpl() RegistrationIcp cannot do registration with a null guess.[0m
[2025-10-16 17:47:43.233794][icp_odometry-3][STDOUT] [33m[ WARN] (2025-10-16 17:47:37.431) OdometryF2M.cpp:622::computeTransform() Registration failed: "RegistrationIcp cannot do registration with a null guess."[0m
[2025-10-16 17:47:43.233794][icp_odometry-3][STDOUT] [31m[ERROR] (2025-10-16 17:47:38.579) RegistrationIcp.cpp:980::computeTransformationImpl() RegistrationIcp cannot do registration with a null guess.[0m
[2025-10-16 17:47:43.233794][icp_odometry-3][STDOUT] [33m[ WARN] (2025-10-16 17:47:38.579) OdometryF2M.cpp:622::computeTransform() Registration failed: "RegistrationIcp cannot do registration with a null guess."[0m
[2025-10-16 17:47:43.233794][icp_odometry-3][STDOUT] [33m[ WARN] (2025-10-16 17:47:39.066) MsgConversion.cpp:2010::getTransform() (getting transform odom -> base_link) Lookup would require extrapolation into the future.  Requested time 1727155774.368694 but the latest data is at time 1727155770.893622, when looking up transform from frame [base_link] to frame [odom] (wait_for_transform=0.500000)[0m
[2025-10-16 17:47:43.233794][icp_odometry-3][STDOUT] [31m[ERROR] (2025-10-16 17:47:42.100) RegistrationIcp.cpp:980::computeTransformationImpl() RegistrationIcp cannot do registration with a null guess.[0m
[2025-10-16 17:47:43.233794][icp_odometry-3][STDOUT] [33m[ WARN] (2025-10-16 17:47:42.100) OdometryF2M.cpp:622::computeTransform() Registration failed: "RegistrationIcp cannot do registration with a null guess."[0m
[2025-10-16 17:47:43.234427][icp_odometry-3][STDERR] [WARN] [1760604463.232335979] [icp_odometry]: Odometry lost! Odometry will be reset after next 1 consecutive unsuccessful odometry updates...
[2025-10-16 17:47:43.239769][icp_odometry-3][STDERR] [INFO] [1760604463.239238410] [icp_odometry]: Odom: ratio=0.000000, std dev=0.000000m|0.000000rad, update time=0.007559s delay=1.125044s
[2025-10-16 17:47:44.042161][rtabmap_feedback_loop-6][STDERR] [WARN] [1760604464.041703401] [rtabmap_feedback_loop]: RTAB-Map 누적 맵 토픽(/rtabmap/map_data)이 84.1s 동안 업데이트되지 않았습니다. 그래프 최적화가 멈춘 것 같습니다.
[2025-10-16 17:47:44.042710][rtabmap_feedback_loop-6][STDERR] [ERROR] [1760604464.042374461] [rtabmap_feedback_loop]: 맵 정체가 지속되어 RTAB-Map 리셋을 요청합니다.
[2025-10-16 17:47:44.043124][rtabmap-4][STDERR] [INFO] [1760604464.042801712] [rtabmap]: rtabmap: Reset
[2025-10-16 17:47:44.196235][rtabmap_feedback_loop-6][STDERR] [INFO] [1760604464.195295443] [rtabmap_feedback_loop]: RTAB-Map 리셋 서비스를 성공적으로 호출했습니다.
[2025-10-16 17:47:45.442894][stream_server-2][STDERR] [INFO] [1760604465.442551353] [stream_server]: Downlink connection closed
[2025-10-16 17:47:45.443527][stream_server-2][STDERR] [ERROR] [1760604465.443276749] [stream_server]: Downlink server error: [Errno 104] Connection reset by peer
[2025-10-16 17:47:45.484477][stream_server-2][STDERR] [INFO] [1760604465.482454671] [stream_server]: Uplink connection closed by peer
[2025-10-16 17:47:45.487914][stream_server-2][STDERR] [INFO] [1760604465.486565380] [stream_server]: Uplink session finished
[2025-10-16 17:47:45.547264][icp_odometry-3][STDERR] [WARN] [1760604465.546675699] [icp_odometry]: Dropping image/scan data with stamp 1727155781.368891 (delay=0.425714). Something is wrong because the clock difference with the previous topic received (0.425714s) is much lower than the expected one (1.175035s) estimated from the topic stamps (previous stamp=1727155780.193856). If you are processing a large bag with flaky replaying delay, consider setting parameter "always_process_most_recent_frame:=false" to avoid aggressively dropping data.
[2025-10-16 17:54:34.003626][rtabmap-4][STDERR] [INFO] [1760604873.993908674] [rclcpp]: signal_handler(signum=2)
[2025-10-16 17:54:34.005109][robot_state_publisher-1][STDERR] [INFO] [1760604873.993931898] [rclcpp]: signal_handler(signum=2)
[2025-10-16 17:54:34.006012][icp_odometry-3][STDERR] [INFO] [1760604873.993957547] [rclcpp]: signal_handler(signum=2)
[2025-10-16 17:54:34.008140][icp_odometry-3][STDERR] [WARN] [1760604873.994739215] [icp_odometry]: Odometry automatically reset to latest computed pose!
[2025-10-16 17:54:34.008140][icp_odometry-3][STDERR] [INFO] [1760604873.994827776] [icp_odometry]: Odom: ratio=0.000000, std dev=0.000000m|0.000000rad, update time=409.596554s delay=1.600748s
[2025-10-16 17:54:34.009033][rtabmap-4][STDERR] [INFO] [1760604873.997864119] [rtabmap]: Parameters are not saved (No configuration file provided...)
[2025-10-16 17:54:34.202238][time_jump_reset-5][STDERR] Traceback (most recent call last):
[2025-10-16 17:54:34.202238][time_jump_reset-5][STDERR]   File "/home/kkit/newdisk/draco_tcpip/ros2_ws/install/slam_stream_bridge/lib/slam_stream_bridge/time_jump_reset", line 33, in <module>
[2025-10-16 17:54:34.202238][time_jump_reset-5][STDERR]     sys.exit(load_entry_point('slam-stream-bridge==0.1.0', 'console_scripts', 'time_jump_reset')())
[2025-10-16 17:54:34.202238][time_jump_reset-5][STDERR]   File "/home/kkit/newdisk/draco_tcpip/ros2_ws/install/slam_stream_bridge/lib/python3.10/site-packages/slam_stream_bridge/nodes/time_jump_reset.py", line 365, in main
[2025-10-16 17:54:34.202238][time_jump_reset-5][STDERR]     executor.spin()
[2025-10-16 17:54:34.202238][time_jump_reset-5][STDERR]   File "/opt/ros/humble/local/lib/python3.10/dist-packages/rclpy/executors.py", line 294, in spin
[2025-10-16 17:54:34.203978][time_jump_reset-5][STDERR]     self.spin_once()
[2025-10-16 17:54:34.203978][time_jump_reset-5][STDERR]   File "/opt/ros/humble/local/lib/python3.10/dist-packages/rclpy/executors.py", line 806, in spin_once
[2025-10-16 17:54:34.206835][time_jump_reset-5][STDERR]     self._spin_once_impl(timeout_sec)
[2025-10-16 17:54:34.206835][time_jump_reset-5][STDERR]   File "/opt/ros/humble/local/lib/python3.10/dist-packages/rclpy/executors.py", line 787, in _spin_once_impl
[2025-10-16 17:54:34.206835][time_jump_reset-5][STDERR]     handler, entity, node = self.wait_for_ready_callbacks(
[2025-10-16 17:54:34.206835][time_jump_reset-5][STDERR]   File "/opt/ros/humble/local/lib/python3.10/dist-packages/rclpy/executors.py", line 723, in wait_for_ready_callbacks
[2025-10-16 17:54:34.206835][time_jump_reset-5][STDERR]     return next(self._cb_iter)
[2025-10-16 17:54:34.206835][time_jump_reset-5][STDERR]   File "/opt/ros/humble/local/lib/python3.10/dist-packages/rclpy/executors.py", line 620, in _wait_for_ready_callbacks
[2025-10-16 17:54:34.206835][time_jump_reset-5][STDERR]     wait_set.wait(timeout_nsec)
[2025-10-16 17:54:34.206835][time_jump_reset-5][STDERR] KeyboardInterrupt
[2025-10-16 17:54:34.209008][rtabmap_feedback_loop-6][STDERR] Traceback (most recent call last):
[2025-10-16 17:54:34.209008][rtabmap_feedback_loop-6][STDERR]   File "/home/kkit/newdisk/draco_tcpip/ros2_ws/install/slam_stream_bridge/lib/slam_stream_bridge/rtabmap_feedback_loop", line 33, in <module>
[2025-10-16 17:54:34.209008][rtabmap_feedback_loop-6][STDERR]     sys.exit(load_entry_point('slam-stream-bridge==0.1.0', 'console_scripts', 'rtabmap_feedback_loop')())
[2025-10-16 17:54:34.209008][rtabmap_feedback_loop-6][STDERR]   File "/home/kkit/newdisk/draco_tcpip/ros2_ws/install/slam_stream_bridge/lib/python3.10/site-packages/slam_stream_bridge/nodes/rtabmap_feedback_loop.py", line 378, in main
[2025-10-16 17:54:34.209008][rtabmap_feedback_loop-6][STDERR]     rclpy.spin(node)
[2025-10-16 17:54:34.209008][rtabmap_feedback_loop-6][STDERR]   File "/opt/ros/humble/local/lib/python3.10/dist-packages/rclpy/__init__.py", line 229, in spin
[2025-10-16 17:54:34.210243][rtabmap_feedback_loop-6][STDERR]     executor.spin_once()
[2025-10-16 17:54:34.210243][rtabmap_feedback_loop-6][STDERR]   File "/opt/ros/humble/local/lib/python3.10/dist-packages/rclpy/executors.py", line 751, in spin_once
[2025-10-16 17:54:34.210243][rtabmap_feedback_loop-6][STDERR]     self._spin_once_impl(timeout_sec)
[2025-10-16 17:54:34.210243][rtabmap_feedback_loop-6][STDERR]   File "/opt/ros/humble/local/lib/python3.10/dist-packages/rclpy/executors.py", line 740, in _spin_once_impl
[2025-10-16 17:54:34.210243][rtabmap_feedback_loop-6][STDERR]     handler, entity, node = self.wait_for_ready_callbacks(timeout_sec=timeout_sec)
[2025-10-16 17:54:34.210243][rtabmap_feedback_loop-6][STDERR]   File "/opt/ros/humble/local/lib/python3.10/dist-packages/rclpy/executors.py", line 723, in wait_for_ready_callbacks
[2025-10-16 17:54:34.210243][rtabmap_feedback_loop-6][STDERR]     return next(self._cb_iter)
[2025-10-16 17:54:34.210243][rtabmap_feedback_loop-6][STDERR]   File "/opt/ros/humble/local/lib/python3.10/dist-packages/rclpy/executors.py", line 620, in _wait_for_ready_callbacks
[2025-10-16 17:54:34.210243][rtabmap_feedback_loop-6][STDERR]     wait_set.wait(timeout_nsec)
[2025-10-16 17:54:34.210243][rtabmap_feedback_loop-6][STDERR] KeyboardInterrupt
[2025-10-16 17:54:34.224056][icp_odometry-3][STDOUT] [31m[ERROR] (2025-10-16 17:47:43.232) RegistrationIcp.cpp:980::computeTransformationImpl() RegistrationIcp cannot do registration with a null guess.[0m
[2025-10-16 17:54:34.224056][icp_odometry-3][STDOUT] [33m[ WARN] (2025-10-16 17:47:43.232) OdometryF2M.cpp:622::computeTransform() Registration failed: "RegistrationIcp cannot do registration with a null guess."[0m
[2025-10-16 17:54:34.224056][icp_odometry-3][STDOUT] [31m[ERROR] (2025-10-16 17:47:44.398) RegistrationIcp.cpp:980::computeTransformationImpl() RegistrationIcp cannot do registration with a null guess.[0m
[2025-10-16 17:54:34.224056][icp_odometry-3][STDOUT] [33m[ WARN] (2025-10-16 17:47:44.398) OdometryF2M.cpp:622::computeTransform() Registration failed: "RegistrationIcp cannot do registration with a null guess."[0m
[2025-10-16 17:54:34.224056][icp_odometry-3][STDOUT] [33m[ WARN] (2025-10-16 17:54:33.994) MsgConversion.cpp:2010::getTransform() (getting transform odom -> base_link) Lookup would require extrapolation into the future.  Requested time 1727155780.193856 but the latest data is at time 1727155776.743754, when looking up transform from frame [base_link] to frame [odom] (wait_for_transform=0.500000)[0m
