# 로그 생성 정보
# 명령어: ros2 launch draco_roundtrip server.launch.py use_sim_time:=true run_slam:=true
# 생성 시각: 2025-10-16T18:07:26.231504
[2025-10-16 18:07:26.321765][robot_state_publisher-1][STDERR] [INFO] [1760605646.321052133] [robot_state_publisher]: got segment base_link
[2025-10-16 18:07:26.321765][robot_state_publisher-1][STDERR] [INFO] [1760605646.321145650] [robot_state_publisher]: got segment lidar_frame
[2025-10-16 18:07:26.745087][time_jump_reset-5][STDERR] [WARN] [1760605646.744298438] [time_jump_reset]: icp_odometry 노드의 change_state 서비스가 아직 발견되지 않았습니다. 추후 재시도합니다.
[2025-10-16 18:07:26.746419][time_jump_reset-5][STDERR] [WARN] [1760605646.745998078] [time_jump_reset]: rtabmap 노드의 change_state 서비스가 아직 발견되지 않았습니다. 추후 재시도합니다.
[2025-10-16 18:07:26.753735][time_jump_reset-5][STDERR] [INFO] [1760605646.752434208] [time_jump_reset]: 라이프사이클 매니저 시작. 관리 대상: ['icp_odometry', 'rtabmap']
[2025-10-16 18:07:26.754424][rtabmap-4][STDERR] [WARN] [1760605646.752619526] [rtabmap]: Parameter "queue_size" has been renamed to "sync_queue_size" and will be removed in future versions! The value (10) is copied to "sync_queue_size".
[2025-10-16 18:07:26.774754][rtabmap-4][STDERR] [INFO] [1760605646.773292884] [rtabmap]: rtabmap(maps): latch                      = true
[2025-10-16 18:07:26.774754][rtabmap-4][STDERR] [INFO] [1760605646.773340237] [rtabmap]: rtabmap(maps): map_filter_radius          = 0.000000
[2025-10-16 18:07:26.778703][rtabmap-4][STDERR] [INFO] [1760605646.773363096] [rtabmap]: rtabmap(maps): map_filter_angle           = 30.000000
[2025-10-16 18:07:26.778703][rtabmap-4][STDERR] [INFO] [1760605646.773374661] [rtabmap]: rtabmap(maps): map_cleanup                = true
[2025-10-16 18:07:26.778703][rtabmap-4][STDERR] [INFO] [1760605646.773384169] [rtabmap]: rtabmap(maps): map_always_update          = false
[2025-10-16 18:07:26.778703][rtabmap-4][STDERR] [INFO] [1760605646.773397450] [rtabmap]: rtabmap(maps): map_empty_ray_tracing      = true
[2025-10-16 18:07:26.778703][rtabmap-4][STDERR] [INFO] [1760605646.773406813] [rtabmap]: rtabmap(maps): cloud_output_voxelized     = true
[2025-10-16 18:07:26.778703][rtabmap-4][STDERR] [INFO] [1760605646.773415831] [rtabmap]: rtabmap(maps): cloud_subtract_filtering   = false
[2025-10-16 18:07:26.778703][rtabmap-4][STDERR] [INFO] [1760605646.773424872] [rtabmap]: rtabmap(maps): cloud_subtract_filtering_min_neighbors = 2
[2025-10-16 18:07:26.780316][rtabmap-4][STDERR] [INFO] [1760605646.773503831] [rtabmap]: rtabmap(maps): octomap_tree_depth         = 16
[2025-10-16 18:07:26.808797][rtabmap-4][STDERR] [INFO] [1760605646.806391416] [rtabmap]: rtabmap: frame_id      = base_link
[2025-10-16 18:07:26.808797][rtabmap-4][STDERR] [INFO] [1760605646.806434495] [rtabmap]: rtabmap: odom_frame_id = odom
[2025-10-16 18:07:26.808797][rtabmap-4][STDERR] [INFO] [1760605646.806450814] [rtabmap]: rtabmap: map_frame_id  = map
[2025-10-16 18:07:26.808797][rtabmap-4][STDERR] [INFO] [1760605646.806466842] [rtabmap]: rtabmap: log_to_rosout_level  = 4
[2025-10-16 18:07:26.808797][rtabmap-4][STDERR] [INFO] [1760605646.806478703] [rtabmap]: rtabmap: initial_pose  = 
[2025-10-16 18:07:26.808797][rtabmap-4][STDERR] [INFO] [1760605646.806621196] [rtabmap]: rtabmap: use_action_for_goal  = false
[2025-10-16 18:07:26.808797][rtabmap-4][STDERR] [INFO] [1760605646.806642259] [rtabmap]: rtabmap: tf_delay      = 0.050000
[2025-10-16 18:07:26.809731][rtabmap-4][STDERR] [INFO] [1760605646.806660187] [rtabmap]: rtabmap: tf_tolerance  = 0.100000
[2025-10-16 18:07:26.809731][rtabmap-4][STDERR] [INFO] [1760605646.806680660] [rtabmap]: rtabmap: odom_sensor_sync   = false
[2025-10-16 18:07:26.809731][rtabmap-4][STDERR] [INFO] [1760605646.806699104] [rtabmap]: rtabmap: pub_loc_pose_only_when_localizing = false
[2025-10-16 18:07:26.809731][rtabmap-4][STDERR] [INFO] [1760605646.806717289] [rtabmap]: rtabmap: wait_for_transform = 0.200000
[2025-10-16 18:07:26.809731][rtabmap-4][STDERR] [INFO] [1760605646.806736720] [rtabmap]: rtabmap: staleness_factor = 0.000000
[2025-10-16 18:07:26.816424][rtabmap-4][STDERR] [INFO] [1760605646.806797103] [rtabmap]: rtabmap: gen_scan  = false
[2025-10-16 18:07:26.816424][rtabmap-4][STDERR] [INFO] [1760605646.806832082] [rtabmap]: rtabmap: gen_depth  = false
[2025-10-16 18:07:26.816424][rtabmap-4][STDERR] [INFO] [1760605646.806848567] [rtabmap]: rtabmap: scan_cloud_max_points = 0
[2025-10-16 18:07:26.816424][rtabmap-4][STDERR] [INFO] [1760605646.806859602] [rtabmap]: rtabmap: scan_cloud_is_2d = false
[2025-10-16 18:07:26.819965][icp_odometry-3][STDERR] [INFO] [1760605646.815167303] [icp_odometry]: Odometry: frame_id               = base_link
[2025-10-16 18:07:26.819965][icp_odometry-3][STDERR] [INFO] [1760605646.815361017] [icp_odometry]: Odometry: odom_frame_id          = odom
[2025-10-16 18:07:26.819965][icp_odometry-3][STDERR] [INFO] [1760605646.815385032] [icp_odometry]: Odometry: publish_tf             = true
[2025-10-16 18:07:26.819965][icp_odometry-3][STDERR] [INFO] [1760605646.815400646] [icp_odometry]: Odometry: wait_for_transform     = 0.500000
[2025-10-16 18:07:26.819965][icp_odometry-3][STDERR] [INFO] [1760605646.815434408] [icp_odometry]: Odometry: log_to_rosout_level    = 4
[2025-10-16 18:07:26.819965][icp_odometry-3][STDERR] [INFO] [1760605646.815472693] [icp_odometry]: Odometry: initial_pose           = xyz=0.000000,0.000000,0.000000 rpy=0.000000,-0.000000,0.000000
[2025-10-16 18:07:26.819965][icp_odometry-3][STDERR] [INFO] [1760605646.815497232] [icp_odometry]: Odometry: ground_truth_frame_id  = 
[2025-10-16 18:07:26.819965][icp_odometry-3][STDERR] [INFO] [1760605646.815519323] [icp_odometry]: Odometry: ground_truth_base_frame_id = base_link
[2025-10-16 18:07:26.819965][icp_odometry-3][STDERR] [INFO] [1760605646.815540493] [icp_odometry]: Odometry: config_path            = 
[2025-10-16 18:07:26.819965][icp_odometry-3][STDERR] [INFO] [1760605646.815561897] [icp_odometry]: Odometry: publish_null_when_lost = true
[2025-10-16 18:07:26.819965][icp_odometry-3][STDERR] [INFO] [1760605646.815583210] [icp_odometry]: Odometry: publish_compressed_sensor_data = false
[2025-10-16 18:07:26.819965][icp_odometry-3][STDERR] [INFO] [1760605646.815604211] [icp_odometry]: Odometry: guess_frame_id         = 
[2025-10-16 18:07:26.819965][icp_odometry-3][STDERR] [INFO] [1760605646.815632416] [icp_odometry]: Odometry: guess_min_translation  = 0.000000
[2025-10-16 18:07:26.819965][icp_odometry-3][STDERR] [INFO] [1760605646.815660812] [icp_odometry]: Odometry: guess_min_rotation     = 0.000000
[2025-10-16 18:07:26.819965][icp_odometry-3][STDERR] [INFO] [1760605646.815683986] [icp_odometry]: Odometry: guess_min_time         = 0.000000
[2025-10-16 18:07:26.819965][icp_odometry-3][STDERR] [INFO] [1760605646.815706019] [icp_odometry]: Odometry: guess_linear_variance  = 0.001000
[2025-10-16 18:07:26.819965][icp_odometry-3][STDERR] [INFO] [1760605646.815728360] [icp_odometry]: Odometry: guess_angular_variance = 0.001000
[2025-10-16 18:07:26.819965][icp_odometry-3][STDERR] [INFO] [1760605646.815750469] [icp_odometry]: Odometry: expected_update_rate   = 0.000000 Hz
[2025-10-16 18:07:26.819965][icp_odometry-3][STDERR] [INFO] [1760605646.815772581] [icp_odometry]: Odometry: max_update_rate        = 0.000000 Hz
[2025-10-16 18:07:26.819965][icp_odometry-3][STDERR] [INFO] [1760605646.815794459] [icp_odometry]: Odometry: min_update_rate        = 0.000000 Hz
[2025-10-16 18:07:26.819965][icp_odometry-3][STDERR] [INFO] [1760605646.815816222] [icp_odometry]: Odometry: wait_imu_to_init       = false
[2025-10-16 18:07:26.819965][icp_odometry-3][STDERR] [INFO] [1760605646.815837242] [icp_odometry]: Odometry: always_check_imu_tf    = true
[2025-10-16 18:07:26.819965][icp_odometry-3][STDERR] [INFO] [1760605646.815870159] [icp_odometry]: Odometry: sensor_data_compression_format = .jpg
[2025-10-16 18:07:26.819965][icp_odometry-3][STDERR] [INFO] [1760605646.815891694] [icp_odometry]: Odometry: sensor_data_parallel_compression = true
[2025-10-16 18:07:26.819965][icp_odometry-3][STDERR] [INFO] [1760605646.815931806] [icp_odometry]: Odometry: stereoParams_=0 visParams_=0 icpParams_=1
[2025-10-16 18:07:26.821422][icp_odometry-3][STDERR] [INFO] [1760605646.817934860] [icp_odometry]: Setting odometry parameter "Icp/CorrespondenceRatio"="0.07"
[2025-10-16 18:07:26.821422][icp_odometry-3][STDERR] [INFO] [1760605646.818341592] [icp_odometry]: Setting odometry parameter "Icp/Epsilon"="0.001"
[2025-10-16 18:07:26.821422][icp_odometry-3][STDERR] [INFO] [1760605646.818879699] [icp_odometry]: Setting odometry parameter "Icp/MaxRotation"="1.0"
[2025-10-16 18:07:26.821422][icp_odometry-3][STDERR] [INFO] [1760605646.819014125] [icp_odometry]: Setting odometry parameter "Icp/MaxTranslation"="0.35"
[2025-10-16 18:07:26.821422][icp_odometry-3][STDERR] [INFO] [1760605646.819759316] [icp_odometry]: Setting odometry parameter "Icp/PointToPlaneK"="20"
[2025-10-16 18:07:26.822790][icp_odometry-3][STDERR] [INFO] [1760605646.821307840] [icp_odometry]: Setting odometry parameter "Icp/PointToPlaneRadius"="0"
[2025-10-16 18:07:26.822790][icp_odometry-3][STDERR] [INFO] [1760605646.821813697] [icp_odometry]: Setting odometry parameter "Icp/VoxelSize"="0.12"
[2025-10-16 18:07:26.825408][icp_odometry-3][STDERR] [INFO] [1760605646.823585510] [icp_odometry]: Setting odometry parameter "Odom/ResetCountdown"="3"
[2025-10-16 18:07:26.825408][icp_odometry-3][STDERR] [INFO] [1760605646.823756421] [icp_odometry]: Setting odometry parameter "Odom/ScanKeyFrameThr"="0.4"
[2025-10-16 18:07:26.825408][icp_odometry-3][STDERR] [INFO] [1760605646.824101559] [icp_odometry]: Setting odometry parameter "OdomF2M/BundleAdjustment"="false"
[2025-10-16 18:07:26.829152][icp_odometry-3][STDERR] [INFO] [1760605646.825158922] [icp_odometry]: Setting odometry parameter "OdomF2M/ScanMaxSize"="15000"
[2025-10-16 18:07:26.829152][icp_odometry-3][STDERR] [INFO] [1760605646.825507743] [icp_odometry]: Setting odometry parameter "OdomF2M/ScanSubtractRadius"="0.2"
[2025-10-16 18:07:26.841987][icp_odometry-3][STDERR] [WARN] [1760605646.840300906] [icp_odometry]: IcpOdometry: Transferring value 0.12 of "Icp/VoxelSize" to ros parameter "scan_voxel_size" for convenience. "Icp/VoxelSize" is set to 0.
[2025-10-16 18:07:26.843973][icp_odometry-3][STDERR] [WARN] [1760605646.840372117] [icp_odometry]: IcpOdometry: Transferring value 20 of "Icp/PointToPlaneK" to ros parameter "scan_normal_k" for convenience.
[2025-10-16 18:07:26.853513][rtabmap-4][STDERR] [WARN] [1760605646.852905791] [rtabmap]: rtabmap: 노드가 비활성(inactive) 상태로 시작합니다. lifecycle 'change_state -> ACTIVATE' 또는 /rtabmap/resume 서비스를 호출해 활성화하세요.
[2025-10-16 18:07:26.857951][rtabmap-4][STDERR] [INFO] [1760605646.856121464] [rtabmap]: Setting RTAB-Map parameter "Grid/3D"="true" (rosparam)
[2025-10-16 18:07:26.857951][rtabmap-4][STDERR] [INFO] [1760605646.856266038] [rtabmap]: Setting RTAB-Map parameter "Grid/CellSize"="0.2" (rosparam)
[2025-10-16 18:07:26.859669][rtabmap-4][STDERR] [INFO] [1760605646.856351800] [rtabmap]: Setting RTAB-Map parameter "Grid/ClusterRadius"="0.5" (rosparam)
[2025-10-16 18:07:26.859669][rtabmap-4][STDERR] [INFO] [1760605646.858261104] [rtabmap]: Setting RTAB-Map parameter "Grid/Sensor"="true" (rosparam)
[2025-10-16 18:07:26.861689][rtabmap-4][STDERR] [INFO] [1760605646.859371974] [rtabmap]: Setting RTAB-Map parameter "Icp/CorrespondenceRatio"="0.07" (rosparam)
[2025-10-16 18:07:26.861689][rtabmap-4][STDERR] [INFO] [1760605646.859617372] [rtabmap]: Setting RTAB-Map parameter "Icp/Epsilon"="0.001" (rosparam)
[2025-10-16 18:07:26.861689][rtabmap-4][STDERR] [INFO] [1760605646.859817771] [rtabmap]: Setting RTAB-Map parameter "Icp/Iterations"="30" (rosparam)
[2025-10-16 18:07:26.867823][icp_odometry-3][STDERR] [INFO] [1760605646.859874113] [icp_odometry]: IcpOdometry: qos                    = 0
[2025-10-16 18:07:26.867823][icp_odometry-3][STDERR] [INFO] [1760605646.859912177] [icp_odometry]: IcpOdometry: scan_cloud_max_points  = -1
[2025-10-16 18:07:26.867823][icp_odometry-3][STDERR] [INFO] [1760605646.859944947] [icp_odometry]: IcpOdometry: scan_cloud_is_2d       = false
[2025-10-16 18:07:26.867823][icp_odometry-3][STDERR] [INFO] [1760605646.859994326] [icp_odometry]: IcpOdometry: scan_downsampling_step = 1
[2025-10-16 18:07:26.867823][icp_odometry-3][STDERR] [INFO] [1760605646.860130240] [icp_odometry]: IcpOdometry: scan_range_min         = 0.000000 m
[2025-10-16 18:07:26.867823][icp_odometry-3][STDERR] [INFO] [1760605646.860153510] [icp_odometry]: IcpOdometry: scan_range_max         = 0.000000 m
[2025-10-16 18:07:26.867823][icp_odometry-3][STDERR] [INFO] [1760605646.860205508] [icp_odometry]: IcpOdometry: scan_voxel_size        = 0.120000 m
[2025-10-16 18:07:26.867823][icp_odometry-3][STDERR] [INFO] [1760605646.860346182] [icp_odometry]: IcpOdometry: scan_normal_k          = 20
[2025-10-16 18:07:26.867823][icp_odometry-3][STDERR] [INFO] [1760605646.860453673] [icp_odometry]: IcpOdometry: scan_normal_radius     = 0.000000 m
[2025-10-16 18:07:26.867823][icp_odometry-3][STDERR] [INFO] [1760605646.860519790] [icp_odometry]: IcpOdometry: scan_normal_ground_up  = 0.000000
[2025-10-16 18:07:26.867823][icp_odometry-3][STDERR] [INFO] [1760605646.860539528] [icp_odometry]: IcpOdometry: deskewing              = false
[2025-10-16 18:07:26.867823][icp_odometry-3][STDERR] [INFO] [1760605646.860559101] [icp_odometry]: IcpOdometry: deskewing_slerp        = false
[2025-10-16 18:07:26.867823][icp_odometry-3][STDERR] [INFO] [1760605646.860573178] [icp_odometry]: IcpOdometry: topic_queue_size       = 1
[2025-10-16 18:07:26.869561][rtabmap-4][STDERR] [INFO] [1760605646.859984198] [rtabmap]: Setting RTAB-Map parameter "Icp/MaxRotation"="1.0" (rosparam)
[2025-10-16 18:07:26.869561][rtabmap-4][STDERR] [INFO] [1760605646.860080735] [rtabmap]: Setting RTAB-Map parameter "Icp/MaxTranslation"="0.35" (rosparam)
[2025-10-16 18:07:26.871375][icp_odometry-3][STDERR] [INFO] [1760605646.865408595] [icp_odometry]: 
[2025-10-16 18:07:26.871375][icp_odometry-3][STDERR] icp_odometry subscribed to /scan and /stream_pair/decoded (make sure only one of this topic is published, otherwise remap one to a dummy topic name).
[2025-10-16 18:07:26.875042][rtabmap-4][STDERR] [INFO] [1760605646.868564537] [rtabmap]: Setting RTAB-Map parameter "Mem/NotLinkedNodesKept"="true" (rosparam)
[2025-10-16 18:07:26.875042][rtabmap-4][STDERR] [INFO] [1760605646.871358249] [rtabmap]: Setting RTAB-Map parameter "Mem/STMSize"="30" (rosparam)
[2025-10-16 18:07:26.876129][rtabmap-4][STDERR] [INFO] [1760605646.872318096] [rtabmap]: Setting RTAB-Map parameter "Optimizer/GravitySigma"="0" (rosparam)
[2025-10-16 18:07:26.876129][rtabmap-4][STDERR] [INFO] [1760605646.873184058] [rtabmap]: Setting RTAB-Map parameter "RGBD/AngularUpdate"="0" (rosparam)
[2025-10-16 18:07:26.876129][rtabmap-4][STDERR] [INFO] [1760605646.873684617] [rtabmap]: Setting RTAB-Map parameter "RGBD/LinearUpdate"="0" (rosparam)
[2025-10-16 18:07:26.878866][rtabmap-4][STDERR] [INFO] [1760605646.876956701] [rtabmap]: Setting RTAB-Map parameter "RGBD/ProximityPathMaxNeighbors"="1" (rosparam)
[2025-10-16 18:07:26.878866][rtabmap-4][STDERR] [INFO] [1760605646.877368072] [rtabmap]: Setting RTAB-Map parameter "Reg/Strategy"="1" (rosparam)
[2025-10-16 18:07:26.879707][rtabmap-4][STDERR] [INFO] [1760605646.878451399] [rtabmap]: Setting RTAB-Map parameter "Rtabmap/SaveWMState"="false" (rosparam)
[2025-10-16 18:07:26.901142][rtabmap-4][STDERR] [INFO] [1760605646.898568549] [rtabmap]: Setting "Icp/PointToPlaneRadius" parameter to 0 (default 0.000000) as "subscribe_scan_cloud" is true.
[2025-10-16 18:07:26.901142][rtabmap-4][STDERR] [INFO] [1760605646.899162542] [rtabmap]: RTAB-Map detection rate = 1.000000 Hz
[2025-10-16 18:07:26.901142][rtabmap-4][STDERR] [INFO] [1760605646.899245980] [rtabmap]: rtabmap: Using database from "/home/kkit/newdisk/draco_tcpip/data/maps/rtabmap_20251016_180726_231504.db" (0 MB).
[2025-10-16 18:07:27.076291][rtabmap-4][STDERR] [INFO] [1760605647.075752703] [rtabmap]: rtabmap: Database version = "0.22.1".
[2025-10-16 18:07:27.076291][rtabmap-4][STDERR] [INFO] [1760605647.075800438] [rtabmap]: rtabmap: SLAM mode (Mem/IncrementalMemory=true)
[2025-10-16 18:07:27.104151][rtabmap-4][STDERR] [INFO] [1760605647.103725810] [rtabmap]: Setup callbacks
[2025-10-16 18:07:27.105505][rtabmap-4][STDERR] [INFO] [1760605647.103877322] [rtabmap]: rtabmap: subscribe_depth = false
[2025-10-16 18:07:27.105505][rtabmap-4][STDERR] [INFO] [1760605647.103902010] [rtabmap]: rtabmap: subscribe_rgb = false
[2025-10-16 18:07:27.105505][rtabmap-4][STDERR] [INFO] [1760605647.103926396] [rtabmap]: rtabmap: subscribe_stereo = false
[2025-10-16 18:07:27.105505][rtabmap-4][STDERR] [INFO] [1760605647.103940701] [rtabmap]: rtabmap: subscribe_rgbd = false (rgbd_cameras=1)
[2025-10-16 18:07:27.105505][rtabmap-4][STDERR] [INFO] [1760605647.103956469] [rtabmap]: rtabmap: subscribe_sensor_data = false
[2025-10-16 18:07:27.105505][rtabmap-4][STDERR] [INFO] [1760605647.103972497] [rtabmap]: rtabmap: subscribe_odom_info = true
[2025-10-16 18:07:27.105505][rtabmap-4][STDERR] [INFO] [1760605647.103993381] [rtabmap]: rtabmap: subscribe_user_data = false
[2025-10-16 18:07:27.105505][rtabmap-4][STDERR] [INFO] [1760605647.104010627] [rtabmap]: rtabmap: subscribe_scan = false
[2025-10-16 18:07:27.105505][rtabmap-4][STDERR] [INFO] [1760605647.104026696] [rtabmap]: rtabmap: subscribe_scan_cloud = true
[2025-10-16 18:07:27.105505][rtabmap-4][STDERR] [INFO] [1760605647.104042577] [rtabmap]: rtabmap: subscribe_scan_descriptor = false
[2025-10-16 18:07:27.105505][rtabmap-4][STDERR] [INFO] [1760605647.104058794] [rtabmap]: rtabmap: topic_queue_size = 10
[2025-10-16 18:07:27.105505][rtabmap-4][STDERR] [INFO] [1760605647.104074960] [rtabmap]: rtabmap: sync_queue_size  = 10
[2025-10-16 18:07:27.105505][rtabmap-4][STDERR] [INFO] [1760605647.104094106] [rtabmap]: rtabmap: qos_image       = 0
[2025-10-16 18:07:27.105505][rtabmap-4][STDERR] [INFO] [1760605647.104110986] [rtabmap]: rtabmap: qos_camera_info = 0
[2025-10-16 18:07:27.105505][rtabmap-4][STDERR] [INFO] [1760605647.104134501] [rtabmap]: rtabmap: qos_scan        = 0
[2025-10-16 18:07:27.105505][rtabmap-4][STDERR] [INFO] [1760605647.104151419] [rtabmap]: rtabmap: qos_odom        = 0
[2025-10-16 18:07:27.105505][rtabmap-4][STDERR] [INFO] [1760605647.104167492] [rtabmap]: rtabmap: qos_user_data   = 0
[2025-10-16 18:07:27.105505][rtabmap-4][STDERR] [INFO] [1760605647.104183430] [rtabmap]: rtabmap: approx_sync     = true
[2025-10-16 18:07:27.105505][rtabmap-4][STDERR] [INFO] [1760605647.104206848] [rtabmap]: Setup scan callback
[2025-10-16 18:07:27.106549][rtabmap-4][STDERR] [INFO] [1760605647.106116346] [rtabmap]: 
[2025-10-16 18:07:27.106549][rtabmap-4][STDERR] rtabmap subscribed to (approx sync):
[2025-10-16 18:07:27.106549][rtabmap-4][STDERR]    /stream_pair/decoded \
[2025-10-16 18:07:27.106549][rtabmap-4][STDERR]    /odom_info
[2025-10-16 18:07:27.108016][rtabmap-4][STDERR] [WARN] [1760605647.107661121] [rtabmap]: There is no image subscription, bag-of-words loop closure detection will be disabled...
[2025-10-16 18:07:27.108459][rtabmap-4][STDERR] [WARN] [1760605647.107724775] [rtabmap]: Setting Kp/MaxFeatures=-1 (bag-of-words disabled)
[2025-10-16 18:07:27.116016][rtabmap_feedback_loop-6][STDERR] [INFO] [1760605647.115528712] [rtabmap_feedback_loop]: RTAB-Map 피드백 루프 노드를 시작했습니다. 토픽과 서비스 상태를 모니터링합니다.
[2025-10-16 18:07:28.957793][stream_server-2][STDERR] [INFO] [1760605648.957465653] [stream_server]: Listening for uplink on 0.0.0.0:5000
[2025-10-16 18:07:28.958265][stream_server-2][STDERR] [INFO] [1760605648.957595356] [stream_server]: Listening for downlink on 0.0.0.0:5001
[2025-10-16 18:09:32.231351][icp_odometry-3][STDERR] [INFO] [1760605772.224665204] [rclcpp]: signal_handler(signum=2)
[2025-10-16 18:09:32.232180][rtabmap-4][STDERR] [INFO] [1760605772.224738730] [rclcpp]: signal_handler(signum=2)
[2025-10-16 18:09:32.232998][robot_state_publisher-1][STDERR] [INFO] [1760605772.224834740] [rclcpp]: signal_handler(signum=2)
[2025-10-16 18:09:32.233647][rtabmap-4][STDERR] [INFO] [1760605772.228776935] [rtabmap]: Parameters are not saved (No configuration file provided...)
[2025-10-16 18:09:32.432193][rtabmap_feedback_loop-6][STDERR] Traceback (most recent call last):
[2025-10-16 18:09:32.432193][rtabmap_feedback_loop-6][STDERR]   File "/home/kkit/newdisk/draco_tcpip/ros2_ws/install/slam_stream_bridge/lib/slam_stream_bridge/rtabmap_feedback_loop", line 33, in <module>
[2025-10-16 18:09:32.433288][rtabmap_feedback_loop-6][STDERR]     sys.exit(load_entry_point('slam-stream-bridge', 'console_scripts', 'rtabmap_feedback_loop')())
[2025-10-16 18:09:32.433288][rtabmap_feedback_loop-6][STDERR]   File "/home/kkit/newdisk/draco_tcpip/ros2_ws/build/slam_stream_bridge/slam_stream_bridge/nodes/rtabmap_feedback_loop.py", line 378, in main
[2025-10-16 18:09:32.433288][rtabmap_feedback_loop-6][STDERR]     rclpy.spin(node)
[2025-10-16 18:09:32.433288][rtabmap_feedback_loop-6][STDERR]   File "/opt/ros/humble/local/lib/python3.10/dist-packages/rclpy/__init__.py", line 229, in spin
[2025-10-16 18:09:32.433288][rtabmap_feedback_loop-6][STDERR]     executor.spin_once()
[2025-10-16 18:09:32.433288][rtabmap_feedback_loop-6][STDERR]   File "/opt/ros/humble/local/lib/python3.10/dist-packages/rclpy/executors.py", line 751, in spin_once
[2025-10-16 18:09:32.433288][rtabmap_feedback_loop-6][STDERR]     self._spin_once_impl(timeout_sec)
[2025-10-16 18:09:32.433288][rtabmap_feedback_loop-6][STDERR]   File "/opt/ros/humble/local/lib/python3.10/dist-packages/rclpy/executors.py", line 740, in _spin_once_impl
[2025-10-16 18:09:32.434501][time_jump_reset-5][STDERR] Traceback (most recent call last):
[2025-10-16 18:09:32.434501][time_jump_reset-5][STDERR]   File "/home/kkit/newdisk/draco_tcpip/ros2_ws/install/slam_stream_bridge/lib/slam_stream_bridge/time_jump_reset", line 33, in <module>
[2025-10-16 18:09:32.434501][time_jump_reset-5][STDERR]     sys.exit(load_entry_point('slam-stream-bridge', 'console_scripts', 'time_jump_reset')())
[2025-10-16 18:09:32.434501][time_jump_reset-5][STDERR]   File "/home/kkit/newdisk/draco_tcpip/ros2_ws/build/slam_stream_bridge/slam_stream_bridge/nodes/time_jump_reset.py", line 365, in main
[2025-10-16 18:09:32.434501][time_jump_reset-5][STDERR]     executor.spin()
[2025-10-16 18:09:32.434501][time_jump_reset-5][STDERR]   File "/opt/ros/humble/local/lib/python3.10/dist-packages/rclpy/executors.py", line 294, in spin
[2025-10-16 18:09:32.434501][time_jump_reset-5][STDERR]     self.spin_once()
[2025-10-16 18:09:32.434501][time_jump_reset-5][STDERR]   File "/opt/ros/humble/local/lib/python3.10/dist-packages/rclpy/executors.py", line 806, in spin_once
[2025-10-16 18:09:32.435377][rtabmap_feedback_loop-6][STDERR]     handler, entity, node = self.wait_for_ready_callbacks(timeout_sec=timeout_sec)
[2025-10-16 18:09:32.435377][rtabmap_feedback_loop-6][STDERR]   File "/opt/ros/humble/local/lib/python3.10/dist-packages/rclpy/executors.py", line 723, in wait_for_ready_callbacks
[2025-10-16 18:09:32.435377][rtabmap_feedback_loop-6][STDERR]     return next(self._cb_iter)
[2025-10-16 18:09:32.435377][rtabmap_feedback_loop-6][STDERR]   File "/opt/ros/humble/local/lib/python3.10/dist-packages/rclpy/executors.py", line 620, in _wait_for_ready_callbacks
[2025-10-16 18:09:32.435377][rtabmap_feedback_loop-6][STDERR]     wait_set.wait(timeout_nsec)
[2025-10-16 18:09:32.435377][rtabmap_feedback_loop-6][STDERR] KeyboardInterrupt
[2025-10-16 18:09:32.436262][time_jump_reset-5][STDERR]     self._spin_once_impl(timeout_sec)
[2025-10-16 18:09:32.436262][time_jump_reset-5][STDERR]   File "/opt/ros/humble/local/lib/python3.10/dist-packages/rclpy/executors.py", line 787, in _spin_once_impl
[2025-10-16 18:09:32.436262][time_jump_reset-5][STDERR]     handler, entity, node = self.wait_for_ready_callbacks(
[2025-10-16 18:09:32.436262][time_jump_reset-5][STDERR]   File "/opt/ros/humble/local/lib/python3.10/dist-packages/rclpy/executors.py", line 723, in wait_for_ready_callbacks
[2025-10-16 18:09:32.436262][time_jump_reset-5][STDERR]     return next(self._cb_iter)
[2025-10-16 18:09:32.436262][time_jump_reset-5][STDERR]   File "/opt/ros/humble/local/lib/python3.10/dist-packages/rclpy/executors.py", line 620, in _wait_for_ready_callbacks
[2025-10-16 18:09:32.436262][time_jump_reset-5][STDERR]     wait_set.wait(timeout_nsec)
[2025-10-16 18:09:32.436262][time_jump_reset-5][STDERR] KeyboardInterrupt
[2025-10-16 18:09:32.541455][rtabmap-4][STDOUT] rtabmap: Saving database/long-term memory... (located at /home/kkit/newdisk/draco_tcpip/data/maps/rtabmap_20251016_180726_231504.db)
[2025-10-16 18:09:32.541455][rtabmap-4][STDOUT] rtabmap: Saving database/long-term memory...done! (located at /home/kkit/newdisk/draco_tcpip/data/maps/rtabmap_20251016_180726_231504.db, 0 MB)
